Jan 27 07:37:54 84310-27608 postfix/smtp[8065]: 1009020F0E: to=<m_otto2@gmx.de>, relay=mx00.emig.gmx.net[212.227.15.9]:25, delay=307045, delays=307045/0.01/0.08/0, dsn=4.0.0, status=deferred (host mx00.emig.gmx.net[212.227.15.9] refused to talk to me: 554-gmx.net (mxgmx001) Nemesis ESMTP Service not available 554-No SMTP service 554-Bad DNS PTR resource record. 554 For explanation visit https://www.gmx.net/mail/senderguidelines?ip=176.31.211.60&c=rdns)
Jan 27 07:37:54 84310-27608 postfix/smtp[8066]: 10B6B20FC2: to=<teichler.patrick@web.de>, relay=mx-ha03.web.de[212.227.15.17]:25, delay=151582, delays=151582/0.01/0.08/0, dsn=4.0.0, status=deferred (host mx-ha03.web.de[212.227.15.17] refused to talk to me: 554-web.de (mxweb013) Nemesis ESMTP Service not available 554-No SMTP service 554-Bad DNS PTR resource record. 554 For explanation visit https://web.de/email/senderguidelines?ip=176.31.211.60&c=rdns)
Jan 27 07:39:10 84310-27608 postfix/smtpd[8074]: connect from unknown[185.234.219.70]
Jan 27 07:39:10 84310-27608 plesk_saslauthd[8077]: listen=6, status=5, dbpath='/plesk/passwd.db', keypath='/plesk/passwd_db_key', chroot=1, unprivileged=1
Jan 27 07:39:10 84310-27608 plesk_saslauthd[8077]: privileges set to (105:112) (effective 105:112)
Jan 27 07:39:10 84310-27608 plesk_saslauthd[8077]: failed mail authentication attempt for user 'reception' (password len=9)
Jan 27 07:39:10 84310-27608 postfix/smtpd[8074]: warning: unknown[185.234.219.70]: SASL LOGIN authentication failed: authentication failure
Jan 27 07:39:10 84310-27608 postfix/smtpd[8074]: lost connection after AUTH from unknown[185.234.219.70]
Jan 27 07:39:10 84310-27608 postfix/smtpd[8074]: disconnect from unknown[185.234.219.70]
Jan 27 07:39:40 84310-27608 plesk_saslauthd[8077]: select timeout, exiting
Jan 27 07:40:01 84310-27608 CRON[8083]: (psaadm) CMD (/opt/psa/admin/bin/php -dauto_prepend_file=sdk.php '/opt/psa/admin/plib/modules/revisium-antivirus/scripts/ra_executor_run.php')
Jan 27 07:42:30 84310-27608 postfix/anvil[8076]: statistics: max connection rate 1/60s for (smtp:185.234.219.70) at Jan 27 07:39:10
Jan 27 07:42:30 84310-27608 postfix/anvil[8076]: statistics: max connection count 1 for (smtp:185.234.219.70) at Jan 27 07:39:10
Jan 27 07:42:30 84310-27608 postfix/anvil[8076]: statistics: max cache size 1 at Jan 27 07:39:10
Jan 27 07:42:54 84310-27608 postfix/qmgr[1098]: 90D97244FE: from=<nwv_domain_user@northwestvideo.de>, size=1081, nrcpt=1 (queue active)
Jan 27 07:42:54 84310-27608 postfix/qmgr[1098]: CCDEE24548: from=<nwv_domain_user@northwestvideo.de>, size=1085, nrcpt=1 (queue active)
Jan 27 07:42:54 84310-27608 postfix/qmgr[1098]: C874224590: from=<nwv_domain_user@northwestvideo.de>, size=1110, nrcpt=1 (queue active)
Jan 27 07:42:54 84310-27608 postfix/qmgr[1098]: 3CDB2244D6: from=<nwv_domain_user@northwestvideo.de>, size=1082, nrcpt=1 (queue active)
Jan 27 07:42:54 84310-27608 postfix/qmgr[1098]: 36737245A4: from=<nwv_domain_user@northwestvideo.de>, size=1104, nrcpt=1 (queue active)
Jan 27 07:42:54 84310-27608 postfix/qmgr[1098]: 531382454C: from=<nwv_domain_user@northwestvideo.de>, size=1079, nrcpt=1 (queue active)
Jan 27 07:42:54 84310-27608 postfix/qmgr[1098]: E789B2456B: from=<nwv_domain_user@northwestvideo.de>, size=1083, nrcpt=1 (queue active)
Jan 27 07:42:54 84310-27608 postfix/qmgr[1098]: E26DA24506: from=<nwv_domain_user@northwestvideo.de>, size=1106, nrcpt=1 (queue active)
Jan 27 07:42:54 84310-27608 postfix/qmgr[1098]: 0957724577: from=<nwv_domain_user@northwestvideo.de>, size=1092, nrcpt=1 (queue active)
Jan 27 07:42:54 84310-27608 postfix/qmgr[1098]: 0EB1524573: from=<nwv_domain_user@northwestvideo.de>, size=1076, nrcpt=1 (queue active)
Jan 27 07:42:54 84310-27608 postfix/qmgr[1098]: D384524594: from=<nwv_domain_user@northwestvideo.de>, size=1102, nrcpt=1 (queue active)
Jan 27 07:42:54 84310-27608 postfix/qmgr[1098]: 8283624546: from=<nwv_domain_user@northwestvideo.de>, size=1102, nrcpt=1 (queue active)
Jan 27 07:42:54 84310-27608 postfix/qmgr[1098]: 60D5D24569: from=<nwv_domain_user@northwestvideo.de>, size=1104, nrcpt=1 (queue active)
Jan 27 07:42:54 84310-27608 postfix/qmgr[1098]: 6524B21CD8: from=<nwv_domain_user@northwestvideo.de>, size=1094, nrcpt=1 (queue active)
Jan 27 07:42:54 84310-27608 postfix/qmgr[1098]: 4850B24502: from=<nwv_domain_user@northwestvideo.de>, size=1074, nrcpt=1 (queue active)
Jan 27 07:42:54 84310-27608 postfix/qmgr[1098]: 42A9E245A6: from=<nwv_domain_user@northwestvideo.de>, size=1088, nrcpt=1 (queue active)
Jan 27 07:42:54 84310-27608 postfix/qmgr[1098]: 4D00324592: from=<nwv_domain_user@northwestvideo.de>, size=1098, nrcpt=1 (queue active)
Jan 27 07:42:54 84310-27608 postfix/qmgr[1098]: B616421642: from=<nwv_domain_user@northwestvideo.de>, size=1115, nrcpt=1 (queue active)
Jan 27 07:42:54 84310-27608 postfix/qmgr[1098]: B66ED2456D: from=<nwv_domain_user@northwestvideo.de>, size=1108, nrcpt=1 (queue active)
Jan 27 07:42:54 84310-27608 postfix/qmgr[1098]: BB37C2453F: from=<nwv_domain_user@northwestvideo.de>, size=1084, nrcpt=1 (queue active)
Jan 27 07:42:54 84310-27608 postfix/qmgr[1098]: 1A6A3245A0: from=<nwv_domain_user@northwestvideo.de>, size=1104, nrcpt=1 (queue active)
Jan 27 07:42:54 84310-27608 postfix/qmgr[1098]: 1F0C12458E: from=<nwv_domain_user@northwestvideo.de>, size=1082, nrcpt=1 (queue active)
Jan 27 07:42:54 84310-27608 postfix/smtp[8129]: 90D97244FE: host mx-ha02.web.de[212.227.17.8] refused to talk to me: 554-web.de (mxweb110) Nemesis ESMTP Service not available 554-No SMTP service 554-Bad DNS PTR resource record. 554 For explanation visit https://web.de/email/senderguidelines?ip=176.31.211.60&c=rdns
Jan 27 07:42:54 84310-27608 postfix/smtp[8130]: CCDEE24548: host mx-ha03.web.de[212.227.15.17] refused to talk to me: 554-web.de (mxweb011) Nemesis ESMTP Service not available 554-No SMTP service 554-Bad DNS PTR resource record. 554 For explanation visit https://web.de/email/senderguidelines?ip=176.31.211.60&c=rdns
Jan 27 07:42:54 84310-27608 postfix/smtp[8132]: 3CDB2244D6: host mx00.emig.gmx.net[212.227.15.9] refused to talk to me: 554-gmx.net (mxgmx001) Nemesis ESMTP Service not available 554-No SMTP service 554-Bad DNS PTR resource record. 554 For explanation visit https://www.gmx.net/mail/senderguidelines?ip=176.31.211.60&c=rdns
Jan 27 07:42:54 84310-27608 postfix/smtp[8134]: 531382454C: host mx01.emig.gmx.net[212.227.17.5] refused to talk to me: 554-gmx.net (mxgmx116) Nemesis ESMTP Service not available 554-No SMTP service 554-Bad DNS PTR resource record. 554 For explanation visit https://www.gmx.net/mail/senderguidelines?ip=176.31.211.60&c=rdns
Jan 27 07:42:54 84310-27608 postfix/smtp[8131]: C874224590: host mx-ha02.web.de[212.227.17.8] refused to talk to me: 554-web.de (mxweb110) Nemesis ESMTP Service not available 554-No SMTP service 554-Bad DNS PTR resource record. 554 For explanation visit https://web.de/email/senderguidelines?ip=176.31.211.60&c=rdns
Jan 27 07:42:54 84310-27608 postfix/smtp[8135]: E789B2456B: host mx-ha02.web.de[212.227.17.8] refused to talk to me: 554-web.de (mxweb112) Nemesis ESMTP Service not available 554-No SMTP service 554-Bad DNS PTR resource record. 554 For explanation visit https://web.de/email/senderguidelines?ip=176.31.211.60&c=rdns
Jan 27 07:42:54 84310-27608 postfix/smtp[8129]: 90D97244FE: to=<Julian.Trender@web.de>, relay=mx-ha03.web.de[212.227.15.17]:25, delay=298546, delays=298546/0.01/0.09/0, dsn=4.0.0, status=deferred (host mx-ha03.web.de[212.227.15.17] refused to talk to me: 554-web.de (mxweb013) Nemesis ESMTP Service not available 554-No SMTP service 554-Bad DNS PTR resource record. 554 For explanation visit https://web.de/email/senderguidelines?ip=176.31.211.60&c=rdns)
Jan 27 07:42:54 84310-27608 postfix/smtp[8132]: 3CDB2244D6: to=<christiane-lars@gmx.de>, relay=mx01.emig.gmx.net[212.227.17.5]:25, delay=298546, delays=298545/0.02/0.08/0, dsn=4.0.0, status=deferred (host mx01.emig.gmx.net[212.227.17.5] refused to talk to me: 554-gmx.net (mxgmx115) Nemesis ESMTP Service not available 554-No SMTP service 554-Bad DNS PTR resource record. 554 For explanation visit https://www.gmx.net/mail/senderguidelines?ip=176.31.211.60&c=rdns)
Jan 27 07:42:54 84310-27608 postfix/smtp[8133]: 36737245A4: host mx01.emig.gmx.net[212.227.17.5] refused to talk to me: 554-gmx.net (mxgmx117) Nemesis ESMTP Service not available 554-No SMTP service 554-Bad DNS PTR resource record. 554 For explanation visit https://www.gmx.net/mail/senderguidelines?ip=176.31.211.60&c=rdns
Jan 27 07:42:54 84310-27608 postfix/smtp[8130]: CCDEE24548: to=<yannick.wichelmann@web.de>, relay=mx-ha02.web.de[212.227.17.8]:25, delay=298546, delays=298546/0.01/0.09/0, dsn=4.0.0, status=deferred (host mx-ha02.web.de[212.227.17.8] refused to talk to me: 554-web.de (mxweb113) Nemesis ESMTP Service not available 554-No SMTP service 554-Bad DNS PTR resource record. 554 For explanation visit https://web.de/email/senderguidelines?ip=176.31.211.60&c=rdns)
Jan 27 07:42:54 84310-27608 postfix/smtp[8137]: 0957724577: host mx00.emig.gmx.net[212.227.15.9] refused to talk to me: 554-gmx.net (mxgmx002) Nemesis ESMTP Service not available 554-No SMTP service 554-Bad DNS PTR resource record. 554 For explanation visit https://www.gmx.net/mail/senderguidelines?ip=176.31.211.60&c=rdns
Jan 27 07:42:54 84310-27608 postfix/smtp[8134]: 531382454C: to=<blue.thunder@gmx.de>, relay=mx00.emig.gmx.net[212.227.15.9]:25, delay=298545, delays=298545/0.03/0.08/0, dsn=4.0.0, status=deferred (host mx00.emig.gmx.net[212.227.15.9] refused to talk to me: 554-gmx.net (mxgmx015) Nemesis ESMTP Service not available 554-No SMTP service 554-Bad DNS PTR resource record. 554 For explanation visit https://www.gmx.net/mail/senderguidelines?ip=176.31.211.60&c=rdns)
Jan 27 07:42:54 84310-27608 postfix/smtp[8138]: 0EB1524573: host mx01.emig.gmx.net[212.227.17.5] refused to talk to me: 554-gmx.net (mxgmx115) Nemesis ESMTP Service not available 554-No SMTP service 554-Bad DNS PTR resource record. 554 For explanation visit https://www.gmx.net/mail/senderguidelines?ip=176.31.211.60&c=rdns
Jan 27 07:42:54 84310-27608 postfix/smtp[8133]: 36737245A4: to=<christiane-lars@gmx.de>, relay=mx00.emig.gmx.net[212.227.15.9]:25, delay=298511, delays=298510/0.02/0.09/0, dsn=4.0.0, status=deferred (host mx00.emig.gmx.net[212.227.15.9] refused to talk to me: 554-gmx.net (mxgmx002) Nemesis ESMTP Service not available 554-No SMTP service 554-Bad DNS PTR resource record. 554 For explanation visit https://www.gmx.net/mail/senderguidelines?ip=176.31.211.60&c=rdns)
Jan 27 07:42:54 84310-27608 postfix/smtp[8131]: C874224590: to=<yannick.wichelmann@web.de>, relay=mx-ha03.web.de[212.227.15.17]:25, delay=298511, delays=298511/0.02/0.1/0, dsn=4.0.0, status=deferred (host mx-ha03.web.de[212.227.15.17] refused to talk to me: 554-web.de (mxweb011) Nemesis ESMTP Service not available 554-No SMTP service 554-Bad DNS PTR resource record. 554 For explanation visit https://web.de/email/senderguidelines?ip=176.31.211.60&c=rdns)
Jan 27 07:42:54 84310-27608 postfix/smtp[8139]: B616421642: host mx00.emig.gmx.net[212.227.15.9] refused to talk to me: 554-gmx.net (mxgmx015) Nemesis ESMTP Service not available 554-No SMTP service 554-Bad DNS PTR resource record. 554 For explanation visit https://www.gmx.net/mail/senderguidelines?ip=176.31.211.60&c=rdns
Jan 27 07:42:54 84310-27608 postfix/smtp[8135]: E789B2456B: to=<knuddel-benjamin@web.de>, relay=mx-ha03.web.de[212.227.15.17]:25, delay=298546, delays=298546/0.03/0.09/0, dsn=4.0.0, status=deferred (host mx-ha03.web.de[212.227.15.17] refused to talk to me: 554-web.de (mxweb010) Nemesis ESMTP Service not available 554-No SMTP service 554-Bad DNS PTR resource record. 554 For explanation visit https://web.de/email/senderguidelines?ip=176.31.211.60&c=rdns)
Jan 27 07:42:54 84310-27608 postfix/error[8143]: 4850B24502: to=<m_otto2@gmx.de>, relay=none, delay=298545, delays=298545/0.12/0/0, dsn=4.0.0, status=deferred (delivery temporarily suspended: host mx00.emig.gmx.net[212.227.15.9] refused to talk to me: 554-gmx.net (mxgmx002) Nemesis ESMTP Service not available 554-No SMTP service 554-Bad DNS PTR resource record. 554 For explanation visit https://www.gmx.net/mail/senderguidelines?ip=176.31.211.60&c=rdns)
Jan 27 07:42:54 84310-27608 postfix/error[8143]: 42A9E245A6: to=<m_otto2@gmx.de>, relay=none, delay=298511, delays=298510/0.12/0/0, dsn=4.0.0, status=deferred (delivery temporarily suspended: host mx00.emig.gmx.net[212.227.15.9] refused to talk to me: 554-gmx.net (mxgmx002) Nemesis ESMTP Service not available 554-No SMTP service 554-Bad DNS PTR resource record. 554 For explanation visit https://www.gmx.net/mail/senderguidelines?ip=176.31.211.60&c=rdns)
Jan 27 07:42:54 84310-27608 postfix/error[8143]: 4D00324592: to=<blue.thunder@gmx.de>, relay=none, delay=298510, delays=298510/0.12/0/0, dsn=4.0.0, status=deferred (delivery temporarily suspended: host mx00.emig.gmx.net[212.227.15.9] refused to talk to me: 554-gmx.net (mxgmx002) Nemesis ESMTP Service not available 554-No SMTP service 554-Bad DNS PTR resource record. 554 For explanation visit https://www.gmx.net/mail/senderguidelines?ip=176.31.211.60&c=rdns)
Jan 27 07:42:54 84310-27608 postfix/smtp[8136]: E26DA24506: host mx-ha02.web.de[212.227.17.8] refused to talk to me: 554-web.de (mxweb110) Nemesis ESMTP Service not available 554-No SMTP service 554-Bad DNS PTR resource record. 554 For explanation visit https://web.de/email/senderguidelines?ip=176.31.211.60&c=rdns
Jan 27 07:42:54 84310-27608 postfix/error[8143]: D384524594: to=<aventiaexpress@web.de>, relay=none, delay=294557, delays=294557/0.12/0/0, dsn=4.0.0, status=deferred (delivery temporarily suspended: host mx-ha03.web.de[212.227.15.17] refused to talk to me: 554-web.de (mxweb011) Nemesis ESMTP Service not available 554-No SMTP service 554-Bad DNS PTR resource record. 554 For explanation visit https://web.de/email/senderguidelines?ip=176.31.211.60&c=rdns)
Jan 27 07:42:54 84310-27608 postfix/error[8143]: 8283624546: to=<Julian.Trender@web.de>, relay=none, delay=298511, delays=298511/0.12/0/0, dsn=4.0.0, status=deferred (delivery temporarily suspended: host mx-ha03.web.de[212.227.15.17] refused to talk to me: 554-web.de (mxweb011) Nemesis ESMTP Service not available 554-No SMTP service 554-Bad DNS PTR resource record. 554 For explanation visit https://web.de/email/senderguidelines?ip=176.31.211.60&c=rdns)
Jan 27 07:42:54 84310-27608 postfix/error[8143]: 60D5D24569: to=<wibklerfrohburg@web.de>, relay=none, delay=294595, delays=294595/0.12/0/0, dsn=4.0.0, status=deferred (delivery temporarily suspended: host mx-ha03.web.de[212.227.15.17] refused to talk to me: 554-web.de (mxweb011) Nemesis ESMTP Service not available 554-No SMTP service 554-Bad DNS PTR resource record. 554 For explanation visit https://web.de/email/senderguidelines?ip=176.31.211.60&c=rdns)
Jan 27 07:42:54 84310-27608 postfix/error[8143]: 6524B21CD8: to=<tommilee19@web.de>, relay=none, delay=223026, delays=223026/0.12/0/0, dsn=4.0.0, status=deferred (delivery temporarily suspended: host mx-ha03.web.de[212.227.15.17] refused to talk to me: 554-web.de (mxweb011) Nemesis ESMTP Service not available 554-No SMTP service 554-Bad DNS PTR resource record. 554 For explanation visit https://web.de/email/senderguidelines?ip=176.31.211.60&c=rdns)
Jan 27 07:42:54 84310-27608 postfix/error[8144]: 1A6A3245A0: to=<winklerfrohburg@web.de>, relay=none, delay=298511, delays=298511/0.12/0/0, dsn=4.0.0, status=deferred (delivery temporarily suspended: host mx-ha03.web.de[212.227.15.17] refused to talk to me: 554-web.de (mxweb011) Nemesis ESMTP Service not available 554-No SMTP service 554-Bad DNS PTR resource record. 554 For explanation visit https://web.de/email/senderguidelines?ip=176.31.211.60&c=rdns)
Jan 27 07:42:54 84310-27608 postfix/error[8143]: 1F0C12458E: to=<winklerfrohburg@web.de>, relay=none, delay=298546, delays=298546/0.12/0/0, dsn=4.0.0, status=deferred (delivery temporarily suspended: host mx-ha03.web.de[212.227.15.17] refused to talk to me: 554-web.de (mxweb011) Nemesis ESMTP Service not available 554-No SMTP service 554-Bad DNS PTR resource record. 554 For explanation visit https://web.de/email/senderguidelines?ip=176.31.211.60&c=rdns)
Jan 27 07:42:54 84310-27608 postfix/smtp[8140]: B66ED2456D: host mx00.t-online.de[194.25.134.8] refused to talk to me: 554 IP=176.31.211.60 - A problem occurred. (Ask your postmaster for help or to contact tosa@rx.t-online.de to clarify.) (BL)
Jan 27 07:42:54 84310-27608 postfix/smtp[8138]: 0EB1524573: to=<borni1925@gmx.de>, relay=mx00.emig.gmx.net[212.227.15.9]:25, delay=298546, delays=298546/0.04/0.1/0, dsn=4.0.0, status=deferred (host mx00.emig.gmx.net[212.227.15.9] refused to talk to me: 554-gmx.net (mxgmx017) Nemesis ESMTP Service not available 554-No SMTP service 554-Bad DNS PTR resource record. 554 For explanation visit https://www.gmx.net/mail/senderguidelines?ip=176.31.211.60&c=rdns)
Jan 27 07:42:54 84310-27608 postfix/smtp[8139]: B616421642: to=<florianhoefinger@gmx.at>, relay=mx01.emig.gmx.net[212.227.17.5]:25, delay=206292, delays=206292/0.04/0.09/0, dsn=4.0.0, status=deferred (host mx01.emig.gmx.net[212.227.17.5] refused to talk to me: 554-gmx.net (mxgmx115) Nemesis ESMTP Service not available 554-No SMTP service 554-Bad DNS PTR resource record. 554 For explanation visit https://www.gmx.net/mail/senderguidelines?ip=176.31.211.60&c=rdns)
Jan 27 07:42:54 84310-27608 postfix/smtp[8141]: BB37C2453F: host mx00.t-online.de[194.25.134.8] refused to talk to me: 554 IP=176.31.211.60 - A problem occurred. (Ask your postmaster for help or to contact tosa@rx.t-online.de to clarify.) (BL)
Jan 27 07:42:54 84310-27608 postfix/smtp[8140]: B66ED2456D: host mx01.t-online.de[194.25.134.72] refused to talk to me: 554 IP=176.31.211.60 - A problem occurred. (Ask your postmaster for help or to contact tosa@rx.t-online.de to clarify.) (BL)
Jan 27 07:42:54 84310-27608 postfix/smtp[8136]: E26DA24506: to=<knuddel-benjamin@web.de>, relay=mx-ha03.web.de[212.227.15.17]:25, delay=298511, delays=298511/0.03/0.12/0, dsn=4.0.0, status=deferred (host mx-ha03.web.de[212.227.15.17] refused to talk to me: 554-web.de (mxweb011) Nemesis ESMTP Service not available 554-No SMTP service 554-Bad DNS PTR resource record. 554 For explanation visit https://web.de/email/senderguidelines?ip=176.31.211.60&c=rdns)
Jan 27 07:42:54 84310-27608 postfix/smtp[8137]: 0957724577: to=<borni1925@gmx.de>, relay=mx01.emig.gmx.net[212.227.17.5]:25, delay=298511, delays=298511/0.04/0.12/0, dsn=4.0.0, status=deferred (host mx01.emig.gmx.net[212.227.17.5] refused to talk to me: 554-gmx.net (mxgmx114) Nemesis ESMTP Service not available 554-No SMTP service 554-Bad DNS PTR resource record. 554 For explanation visit https://www.gmx.net/mail/senderguidelines?ip=176.31.211.60&c=rdns)
Jan 27 07:42:54 84310-27608 postfix/smtp[8141]: BB37C2453F: host mx02.t-online.de[194.25.134.9] refused to talk to me: 554 IP=176.31.211.60 - A problem occurred. (Ask your postmaster for help or to contact tosa@rx.t-online.de to clarify.) (BL)
Jan 27 07:42:54 84310-27608 postfix/smtp[8140]: B66ED2456D: host mx03.t-online.de[194.25.134.73] refused to talk to me: 554 IP=176.31.211.60 - A problem occurred. (Ask your postmaster for help or to contact tosa@rx.t-online.de to clarify.) (BL)
Jan 27 07:42:54 84310-27608 postfix/smtp[8141]: BB37C2453F: host mx03.t-online.de[194.25.134.73] refused to talk to me: 554 IP=176.31.211.60 - A problem occurred. (Ask your postmaster for help or to contact tosa@rx.t-online.de to clarify.) (BL)
Jan 27 07:42:54 84310-27608 postfix/smtp[8140]: B66ED2456D: to=<hemi-michels@t-online.de>, relay=mx02.t-online.de[194.25.134.9]:25, delay=298511, delays=298511/0.05/0.13/0, dsn=4.0.0, status=deferred (host mx02.t-online.de[194.25.134.9] refused to talk to me: 554 IP=176.31.211.60 - A problem occurred. (Ask your postmaster for help or to contact tosa@rx.t-online.de to clarify.) (BL))
Jan 27 07:42:54 84310-27608 postfix/smtp[8141]: BB37C2453F: to=<hemi-michels@t-online.de>, relay=mx01.t-online.de[194.25.134.72]:25, delay=298546, delays=298546/0.05/0.14/0, dsn=4.0.0, status=deferred (host mx01.t-online.de[194.25.134.72] refused to talk to me: 554 IP=176.31.211.60 - A problem occurred. (Ask your postmaster for help or to contact tosa@rx.t-online.de to clarify.) (BL))
Jan 27 07:43:01 84310-27608 CRON[8147]: (psaadm) CMD (/opt/psa/admin/bin/php -dauto_prepend_file=sdk.php '/opt/psa/admin/plib/modules/sslit/scripts/complete-order.php')
Jan 27 07:47:54 84310-27608 postfix/qmgr[1098]: C5FF623E89: from=<nwv_domain_user@northwestvideo.de>, size=1124, nrcpt=1 (queue active)
Jan 27 07:47:54 84310-27608 postfix/qmgr[1098]: 6F47720E82: from=<nwv_domain_user@northwestvideo.de>, size=1111, nrcpt=1 (queue active)
Jan 27 07:47:54 84310-27608 postfix/qmgr[1098]: 6A23E21D2E: from=<nwv_domain_user@northwestvideo.de>, size=1121, nrcpt=1 (queue active)
Jan 27 07:47:54 84310-27608 postfix/smtp[8184]: 6A23E21D2E: host mx-ha02.web.de[212.227.17.8] refused to talk to me: 554-web.de (mxweb110) Nemesis ESMTP Service not available 554-No SMTP service 554-Bad DNS PTR resource record. 554 For explanation visit https://web.de/email/senderguidelines?ip=176.31.211.60&c=rdns
Jan 27 07:47:54 84310-27608 postfix/smtp[8183]: 6F47720E82: host mx01.emig.gmx.net[212.227.17.5] refused to talk to me: 554-gmx.net (mxgmx114) Nemesis ESMTP Service not available 554-No SMTP service 554-Bad DNS PTR resource record. 554 For explanation visit https://www.gmx.net/mail/senderguidelines?ip=176.31.211.60&c=rdns
Jan 27 07:47:54 84310-27608 postfix/smtp[8184]: 6A23E21D2E: to=<michael-franzen@email.de>, relay=mx-ha03.web.de[212.227.15.17]:25, delay=214672, delays=214672/0.01/0.09/0, dsn=4.0.0, status=deferred (host mx-ha03.web.de[212.227.15.17] refused to talk to me: 554-web.de (mxweb011) Nemesis ESMTP Service not available 554-No SMTP service 554-Bad DNS PTR resource record. 554 For explanation visit https://web.de/email/senderguidelines?ip=176.31.211.60&c=rdns)
Jan 27 07:47:54 84310-27608 postfix/smtp[8183]: 6F47720E82: to=<christiane-lars@gmx.de>, relay=mx00.emig.gmx.net[212.227.15.9]:25, delay=311200, delays=311200/0.01/0.09/0, dsn=4.0.0, status=deferred (host mx00.emig.gmx.net[212.227.15.9] refused to talk to me: 554-gmx.net (mxgmx016) Nemesis ESMTP Service not available 554-No SMTP service 554-Bad DNS PTR resource record. 554 For explanation visit https://www.gmx.net/mail/senderguidelines?ip=176.31.211.60&c=rdns)
Jan 27 07:47:54 84310-27608 postfix/smtp[8182]: C5FF623E89: host gmail-smtp-in.l.google.com[66.102.1.26] said: 452-4.2.2 The email account that you tried to reach is over quota. Please direct 452-4.2.2 the recipient to 452 4.2.2  https://support.google.com/mail/?p=OverQuotaTemp e18si11692458wrj.85 - gsmtp (in reply to RCPT TO command)
Jan 27 07:48:24 84310-27608 postfix/smtp[8182]: connect to gmail-smtp-in.l.google.com[2a00:1450:400c:c06::1a]:25: Connection timed out
Jan 27 07:48:25 84310-27608 postfix/smtp[8182]: C5FF623E89: to=<peterwitterwowo@gmail.com>, relay=alt1.gmail-smtp-in.l.google.com[209.85.233.26]:25, delay=67672, delays=67641/0.01/31/0.19, dsn=4.2.2, status=deferred (host alt1.gmail-smtp-in.l.google.com[209.85.233.26] said: 452-4.2.2 The email account that you tried to reach is over quota. Please direct 452-4.2.2 the recipient to 452 4.2.2  https://support.google.com/mail/?p=OverQuotaTemp l21si6961207lji.74 - gsmtp (in reply to RCPT TO command))
Jan 27 07:50:01 84310-27608 CRON[8199]: (root) CMD ([ -x /opt/psa/admin/sbin/backupmng ] && /opt/psa/admin/sbin/backupmng >/dev/null 2>&1)
Jan 27 07:52:54 84310-27608 postfix/qmgr[1098]: 92275214CB: from=<nwv_domain_user@northwestvideo.de>, size=1106, nrcpt=1 (queue active)
Jan 27 07:52:54 84310-27608 postfix/qmgr[1098]: CA33521579: from=<nwv_domain_user@northwestvideo.de>, size=1116, nrcpt=1 (queue active)
Jan 27 07:52:54 84310-27608 postfix/qmgr[1098]: 6084A21E35: from=<nwv_domain_user@northwestvideo.de>, size=1112, nrcpt=1 (queue active)
Jan 27 07:52:54 84310-27608 postfix/qmgr[1098]: 4C0B623E94: from=<nwv_domain_user@northwestvideo.de>, size=1116, nrcpt=1 (queue active)
Jan 27 07:52:54 84310-27608 postfix/qmgr[1098]: 113BB23E92: from=<nwv_domain_user@northwestvideo.de>, size=1100, nrcpt=1 (queue active)
Jan 27 07:52:54 84310-27608 postfix/smtp[8215]: 92275214CB: host mx00.emig.gmx.net[212.227.15.9] refused to talk to me: 554-gmx.net (mxgmx002) Nemesis ESMTP Service not available 554-No SMTP service 554-Bad DNS PTR resource record. 554 For explanation visit https://www.gmx.net/mail/senderguidelines?ip=176.31.211.60&c=rdns
Jan 27 07:52:54 84310-27608 postfix/smtp[8216]: CA33521579: host mx-ha02.web.de[212.227.17.8] refused to talk to me: 554-web.de (mxweb113) Nemesis ESMTP Service not available 554-No SMTP service 554-Bad DNS PTR resource record. 554 For explanation visit https://web.de/email/senderguidelines?ip=176.31.211.60&c=rdns
Jan 27 07:52:54 84310-27608 postfix/smtp[8215]: 92275214CB: to=<bennet.stock@gmx.net>, relay=mx01.emig.gmx.net[212.227.17.5]:25, delay=231511, delays=231511/0.01/0.08/0, dsn=4.0.0, status=deferred (host mx01.emig.gmx.net[212.227.17.5] refused to talk to me: 554-gmx.net (mxgmx115) Nemesis ESMTP Service not available 554-No SMTP service 554-Bad DNS PTR resource record. 554 For explanation visit https://www.gmx.net/mail/senderguidelines?ip=176.31.211.60&c=rdns)
Jan 27 07:52:54 84310-27608 postfix/smtp[8218]: 4C0B623E94: host mx-ha03.web.de[212.227.15.17] refused to talk to me: 554-web.de (mxweb012) Nemesis ESMTP Service not available 554-No SMTP service 554-Bad DNS PTR resource record. 554 For explanation visit https://web.de/email/senderguidelines?ip=176.31.211.60&c=rdns
Jan 27 07:52:54 84310-27608 postfix/smtp[8216]: CA33521579: to=<Niklas.Doll-work@web.de>, relay=mx-ha03.web.de[212.227.15.17]:25, delay=231485, delays=231485/0.01/0.09/0, dsn=4.0.0, status=deferred (host mx-ha03.web.de[212.227.15.17] refused to talk to me: 554-web.de (mxweb012) Nemesis ESMTP Service not available 554-No SMTP service 554-Bad DNS PTR resource record. 554 For explanation visit https://web.de/email/senderguidelines?ip=176.31.211.60&c=rdns)
Jan 27 07:52:54 84310-27608 postfix/smtp[8217]: 6084A21E35: host mx00.t-online.de[194.25.134.8] refused to talk to me: 554 IP=176.31.211.60 - A problem occurred. (Ask your postmaster for help or to contact tosa@rx.t-online.de to clarify.) (BL)
Jan 27 07:52:54 84310-27608 postfix/smtp[8219]: 113BB23E92: host mx-ha03.web.de[212.227.15.17] refused to talk to me: 554-web.de (mxweb011) Nemesis ESMTP Service not available 554-No SMTP service 554-Bad DNS PTR resource record. 554 For explanation visit https://web.de/email/senderguidelines?ip=176.31.211.60&c=rdns
Jan 27 07:52:54 84310-27608 postfix/smtp[8218]: 4C0B623E94: to=<steven-hattersheim@web.de>, relay=mx-ha02.web.de[212.227.17.8]:25, delay=34123, delays=34123/0.02/0.09/0, dsn=4.0.0, status=deferred (host mx-ha02.web.de[212.227.17.8] refused to talk to me: 554-web.de (mxweb110) Nemesis ESMTP Service not available 554-No SMTP service 554-Bad DNS PTR resource record. 554 For explanation visit https://web.de/email/senderguidelines?ip=176.31.211.60&c=rdns)
Jan 27 07:52:54 84310-27608 postfix/smtp[8217]: 6084A21E35: host mx01.t-online.de[194.25.134.72] refused to talk to me: 554 IP=176.31.211.60 - A problem occurred. (Ask your postmaster for help or to contact tosa@rx.t-online.de to clarify.) (BL)
Jan 27 07:52:54 84310-27608 postfix/smtp[8219]: 113BB23E92: to=<Renault520@web.de>, relay=mx-ha02.web.de[212.227.17.8]:25, delay=46784, delays=46783/0.02/0.11/0, dsn=4.0.0, status=deferred (host mx-ha02.web.de[212.227.17.8] refused to talk to me: 554-web.de (mxweb110) Nemesis ESMTP Service not available 554-No SMTP service 554-Bad DNS PTR resource record. 554 For explanation visit https://web.de/email/senderguidelines?ip=176.31.211.60&c=rdns)
Jan 27 07:52:54 84310-27608 postfix/smtp[8217]: 6084A21E35: host mx03.t-online.de[194.25.134.73] refused to talk to me: 554 IP=176.31.211.60 - A problem occurred. (Ask your postmaster for help or to contact tosa@rx.t-online.de to clarify.) (BL)
Jan 27 07:52:54 84310-27608 postfix/smtp[8217]: 6084A21E35: to=<Nicolas001@t-online.de>, relay=mx02.t-online.de[194.25.134.9]:25, delay=206156, delays=206156/0.01/0.14/0, dsn=4.0.0, status=deferred (host mx02.t-online.de[194.25.134.9] refused to talk to me: 554 IP=176.31.211.60 - A problem occurred. (Ask your postmaster for help or to contact tosa@rx.t-online.de to clarify.) (BL))
Jan 27 07:55:01 84310-27608 CRON[8232]: (psaadm) CMD (/opt/psa/admin/bin/php -dauto_prepend_file=sdk.php '/opt/psa/admin/plib/modules/revisium-antivirus/scripts/ra_executor_run.php')
Jan 27 07:55:54 84310-27608 postfix/smtpd[8267]: connect from unknown[185.234.219.70]
Jan 27 07:55:55 84310-27608 plesk_saslauthd[8270]: listen=6, status=5, dbpath='/plesk/passwd.db', keypath='/plesk/passwd_db_key', chroot=1, unprivileged=1
Jan 27 07:55:55 84310-27608 plesk_saslauthd[8270]: privileges set to (105:112) (effective 105:112)
Jan 27 07:55:55 84310-27608 plesk_saslauthd[8270]: failed mail authentication attempt for user 'root' (password len=9)
Jan 27 07:55:55 84310-27608 postfix/smtpd[8267]: warning: unknown[185.234.219.70]: SASL LOGIN authentication failed: authentication failure
Jan 27 07:55:55 84310-27608 postfix/smtpd[8267]: lost connection after AUTH from unknown[185.234.219.70]
Jan 27 07:55:55 84310-27608 postfix/smtpd[8267]: disconnect from unknown[185.234.219.70]
Jan 27 07:56:25 84310-27608 plesk_saslauthd[8270]: select timeout, exiting
Jan 27 07:57:54 84310-27608 postfix/qmgr[1098]: 96964245AD: from=<nwv_domain_user@northwestvideo.de>, size=1106, nrcpt=1 (queue active)
Jan 27 07:57:54 84310-27608 postfix/qmgr[1098]: C09CD245A8: from=<nwv_domain_user@northwestvideo.de>, size=1092, nrcpt=1 (queue active)
Jan 27 07:57:54 84310-27608 postfix/qmgr[1098]: 5FF8024598: from=<nwv_domain_user@northwestvideo.de>, size=1108, nrcpt=1 (queue active)
Jan 27 07:57:54 84310-27608 postfix/qmgr[1098]: 2876B24571: from=<nwv_domain_user@northwestvideo.de>, size=1102, nrcpt=1 (queue active)
Jan 27 07:57:54 84310-27608 postfix/qmgr[1098]: 07E8C245AF: from=<nwv_domain_user@northwestvideo.de>, size=1104, nrcpt=1 (queue active)
Jan 27 07:57:54 84310-27608 postfix/qmgr[1098]: DC78C245B1: from=<nwv_domain_user@northwestvideo.de>, size=1104, nrcpt=1 (queue active)
Jan 27 07:57:54 84310-27608 postfix/qmgr[1098]: 609B5214D8: from=<nwv_domain_user@northwestvideo.de>, size=1112, nrcpt=1 (queue active)
Jan 27 07:57:54 84310-27608 postfix/qmgr[1098]: 73A74245A2: from=<nwv_domain_user@northwestvideo.de>, size=1110, nrcpt=1 (queue active)
Jan 27 07:57:54 84310-27608 postfix/qmgr[1098]: 13240245B6: from=<nwv_domain_user@northwestvideo.de>, size=1088, nrcpt=1 (queue active)
Jan 27 07:57:54 84310-27608 postfix/qmgr[1098]: 1F0AF2459E: from=<nwv_domain_user@northwestvideo.de>, size=1098, nrcpt=1 (queue active)
Jan 27 07:57:54 84310-27608 postfix/smtp[8284]: 96964245AD: host mx-ha03.web.de[212.227.15.17] refused to talk to me: 554-web.de (mxweb010) Nemesis ESMTP Service not available 554-No SMTP service 554-Bad DNS PTR resource record. 554 For explanation visit https://web.de/email/senderguidelines?ip=176.31.211.60&c=rdns
Jan 27 07:57:54 84310-27608 postfix/smtp[8285]: C09CD245A8: host mx01.emig.gmx.net[212.227.17.5] refused to talk to me: 554-gmx.net (mxgmx117) Nemesis ESMTP Service not available 554-No SMTP service 554-Bad DNS PTR resource record. 554 For explanation visit https://www.gmx.net/mail/senderguidelines?ip=176.31.211.60&c=rdns
Jan 27 07:57:54 84310-27608 postfix/smtp[8287]: 2876B24571: host mx-ha02.web.de[212.227.17.8] refused to talk to me: 554-web.de (mxweb111) Nemesis ESMTP Service not available 554-No SMTP service 554-Bad DNS PTR resource record. 554 For explanation visit https://web.de/email/senderguidelines?ip=176.31.211.60&c=rdns
Jan 27 07:57:54 84310-27608 postfix/smtp[8288]: 07E8C245AF: host mx00.emig.gmx.net[212.227.15.9] refused to talk to me: 554-gmx.net (mxgmx016) Nemesis ESMTP Service not available 554-No SMTP service 554-Bad DNS PTR resource record. 554 For explanation visit https://www.gmx.net/mail/senderguidelines?ip=176.31.211.60&c=rdns
Jan 27 07:57:54 84310-27608 postfix/smtp[8289]: DC78C245B1: host mx-ha03.web.de[212.227.15.17] refused to talk to me: 554-web.de (mxweb013) Nemesis ESMTP Service not available 554-No SMTP service 554-Bad DNS PTR resource record. 554 For explanation visit https://web.de/email/senderguidelines?ip=176.31.211.60&c=rdns
Jan 27 07:57:54 84310-27608 postfix/smtp[8285]: C09CD245A8: to=<borni1925@gmx.de>, relay=mx00.emig.gmx.net[212.227.15.9]:25, delay=298798, delays=298797/0.01/0.08/0, dsn=4.0.0, status=deferred (host mx00.emig.gmx.net[212.227.15.9] refused to talk to me: 554-gmx.net (mxgmx016) Nemesis ESMTP Service not available 554-No SMTP service 554-Bad DNS PTR resource record. 554 For explanation visit https://www.gmx.net/mail/senderguidelines?ip=176.31.211.60&c=rdns)
Jan 27 07:57:54 84310-27608 postfix/smtp[8284]: 96964245AD: to=<knuddel-benjamin@web.de>, relay=mx-ha02.web.de[212.227.17.8]:25, delay=298798, delays=298798/0.01/0.08/0, dsn=4.0.0, status=deferred (host mx-ha02.web.de[212.227.17.8] refused to talk to me: 554-web.de (mxweb111) Nemesis ESMTP Service not available 554-No SMTP service 554-Bad DNS PTR resource record. 554 For explanation visit https://web.de/email/senderguidelines?ip=176.31.211.60&c=rdns)
Jan 27 07:57:54 84310-27608 postfix/smtp[8292]: 13240245B6: host mx00.emig.gmx.net[212.227.15.9] refused to talk to me: 554-gmx.net (mxgmx015) Nemesis ESMTP Service not available 554-No SMTP service 554-Bad DNS PTR resource record. 554 For explanation visit https://www.gmx.net/mail/senderguidelines?ip=176.31.211.60&c=rdns
Jan 27 07:57:54 84310-27608 postfix/smtp[8290]: 609B5214D8: host mx01.emig.gmx.net[212.227.17.5] refused to talk to me: 554-gmx.net (mxgmx116) Nemesis ESMTP Service not available 554-No SMTP service 554-Bad DNS PTR resource record. 554 For explanation visit https://www.gmx.net/mail/senderguidelines?ip=176.31.211.60&c=rdns
Jan 27 07:57:54 84310-27608 postfix/smtp[8286]: 5FF8024598: host mx01.t-online.de[194.25.134.72] refused to talk to me: 554 IP=176.31.211.60 - A problem occurred. (Ask your postmaster for help or to contact tosa@rx.t-online.de to clarify.) (BL)
Jan 27 07:57:54 84310-27608 postfix/smtp[8287]: 2876B24571: to=<Julian.Trender@web.de>, relay=mx-ha03.web.de[212.227.15.17]:25, delay=298798, delays=298798/0.02/0.08/0, dsn=4.0.0, status=deferred (host mx-ha03.web.de[212.227.15.17] refused to talk to me: 554-web.de (mxweb013) Nemesis ESMTP Service not available 554-No SMTP service 554-Bad DNS PTR resource record. 554 For explanation visit https://web.de/email/senderguidelines?ip=176.31.211.60&c=rdns)
Jan 27 07:57:54 84310-27608 postfix/smtp[8291]: 73A74245A2: host mx-ha02.web.de[212.227.17.8] refused to talk to me: 554-web.de (mxweb113) Nemesis ESMTP Service not available 554-No SMTP service 554-Bad DNS PTR resource record. 554 For explanation visit https://web.de/email/senderguidelines?ip=176.31.211.60&c=rdns
Jan 27 07:57:54 84310-27608 postfix/smtp[8293]: 1F0AF2459E: host mx01.emig.gmx.net[212.227.17.5] refused to talk to me: 554-gmx.net (mxgmx117) Nemesis ESMTP Service not available 554-No SMTP service 554-Bad DNS PTR resource record. 554 For explanation visit https://www.gmx.net/mail/senderguidelines?ip=176.31.211.60&c=rdns
Jan 27 07:57:54 84310-27608 postfix/smtp[8288]: 07E8C245AF: to=<christiane-lars@gmx.de>, relay=mx01.emig.gmx.net[212.227.17.5]:25, delay=298797, delays=298797/0.02/0.09/0, dsn=4.0.0, status=deferred (host mx01.emig.gmx.net[212.227.17.5] refused to talk to me: 554-gmx.net (mxgmx116) Nemesis ESMTP Service not available 554-No SMTP service 554-Bad DNS PTR resource record. 554 For explanation visit https://www.gmx.net/mail/senderguidelines?ip=176.31.211.60&c=rdns)
Jan 27 07:57:54 84310-27608 postfix/smtp[8289]: DC78C245B1: to=<winklerfrohburg@web.de>, relay=mx-ha02.web.de[212.227.17.8]:25, delay=298797, delays=298797/0.02/0.09/0, dsn=4.0.0, status=deferred (host mx-ha02.web.de[212.227.17.8] refused to talk to me: 554-web.de (mxweb112) Nemesis ESMTP Service not available 554-No SMTP service 554-Bad DNS PTR resource record. 554 For explanation visit https://web.de/email/senderguidelines?ip=176.31.211.60&c=rdns)
Jan 27 07:57:54 84310-27608 postfix/smtp[8286]: 5FF8024598: host mx02.t-online.de[194.25.134.9] refused to talk to me: 554 IP=176.31.211.60 - A problem occurred. (Ask your postmaster for help or to contact tosa@rx.t-online.de to clarify.) (BL)
Jan 27 07:57:54 84310-27608 postfix/smtp[8292]: 13240245B6: to=<m_otto2@gmx.de>, relay=mx01.emig.gmx.net[212.227.17.5]:25, delay=298797, delays=298797/0.03/0.08/0, dsn=4.0.0, status=deferred (host mx01.emig.gmx.net[212.227.17.5] refused to talk to me: 554-gmx.net (mxgmx114) Nemesis ESMTP Service not available 554-No SMTP service 554-Bad DNS PTR resource record. 554 For explanation visit https://www.gmx.net/mail/senderguidelines?ip=176.31.211.60&c=rdns)
Jan 27 07:57:54 84310-27608 postfix/smtp[8290]: 609B5214D8: to=<blue.thunder@gmx.de>, relay=mx00.emig.gmx.net[212.227.15.9]:25, delay=302903, delays=302903/0.03/0.09/0, dsn=4.0.0, status=deferred (host mx00.emig.gmx.net[212.227.15.9] refused to talk to me: 554-gmx.net (mxgmx015) Nemesis ESMTP Service not available 554-No SMTP service 554-Bad DNS PTR resource record. 554 For explanation visit https://www.gmx.net/mail/senderguidelines?ip=176.31.211.60&c=rdns)
Jan 27 07:57:54 84310-27608 postfix/smtp[8291]: 73A74245A2: to=<yannick.wichelmann@web.de>, relay=mx-ha03.web.de[212.227.15.17]:25, delay=298798, delays=298798/0.03/0.09/0, dsn=4.0.0, status=deferred (host mx-ha03.web.de[212.227.15.17] refused to talk to me: 554-web.de (mxweb010) Nemesis ESMTP Service not available 554-No SMTP service 554-Bad DNS PTR resource record. 554 For explanation visit https://web.de/email/senderguidelines?ip=176.31.211.60&c=rdns)
Jan 27 07:57:54 84310-27608 postfix/smtp[8293]: 1F0AF2459E: to=<blue.thunder@gmx.de>, relay=mx00.emig.gmx.net[212.227.15.9]:25, delay=298797, delays=298797/0.04/0.08/0, dsn=4.0.0, status=deferred (host mx00.emig.gmx.net[212.227.15.9] refused to talk to me: 554-gmx.net (mxgmx017) Nemesis ESMTP Service not available 554-No SMTP service 554-Bad DNS PTR resource record. 554 For explanation visit https://www.gmx.net/mail/senderguidelines?ip=176.31.211.60&c=rdns)
Jan 27 07:57:54 84310-27608 postfix/smtp[8286]: 5FF8024598: host mx00.t-online.de[194.25.134.8] refused to talk to me: 554 IP=176.31.211.60 - A problem occurred. (Ask your postmaster for help or to contact tosa@rx.t-online.de to clarify.) (BL)
Jan 27 07:57:54 84310-27608 postfix/smtp[8286]: 5FF8024598: to=<hemi-michels@t-online.de>, relay=mx03.t-online.de[194.25.134.73]:25, delay=298798, delays=298798/0.01/0.14/0, dsn=4.0.0, status=deferred (host mx03.t-online.de[194.25.134.73] refused to talk to me: 554 IP=176.31.211.60 - A problem occurred. (Ask your postmaster for help or to contact tosa@rx.t-online.de to clarify.) (BL))
Jan 27 07:59:15 84310-27608 postfix/anvil[8269]: statistics: max connection rate 1/60s for (smtp:185.234.219.70) at Jan 27 07:55:54
Jan 27 07:59:15 84310-27608 postfix/anvil[8269]: statistics: max connection count 1 for (smtp:185.234.219.70) at Jan 27 07:55:54
Jan 27 07:59:15 84310-27608 postfix/anvil[8269]: statistics: max cache size 1 at Jan 27 07:55:54
Jan 27 08:00:07 84310-27608 systemd[1]: getty@tty2.service has no holdoff time, scheduling restart.
Jan 27 08:00:07 84310-27608 systemd[1]: console-getty.service has no holdoff time, scheduling restart.
Jan 27 08:00:08 84310-27608 systemd[1]: Stopping Console Getty...
Jan 27 08:00:08 84310-27608 systemd[1]: Starting Console Getty...
Jan 27 08:00:08 84310-27608 systemd[1]: Started Console Getty.
Jan 27 08:00:08 84310-27608 systemd[1]: Stopping Getty on tty2...
Jan 27 08:00:08 84310-27608 systemd[1]: Starting Getty on tty2...
Jan 27 08:00:08 84310-27608 systemd[1]: Started Getty on tty2.
Jan 27 08:02:54 84310-27608 postfix/qmgr[1098]: 9187821CDF: from=<nwv_domain_user@northwestvideo.de>, size=1101, nrcpt=1 (queue active)
Jan 27 08:02:54 84310-27608 postfix/qmgr[1098]: ECD0F22530: from=<nwv_domain_user@northwestvideo.de>, size=1104, nrcpt=1 (queue active)
Jan 27 08:02:54 84310-27608 postfix/qmgr[1098]: 0AE9421D61: from=<nwv_domain_user@northwestvideo.de>, size=1122, nrcpt=1 (queue active)
Jan 27 08:02:54 84310-27608 postfix/qmgr[1098]: D0FB2207A9: from=<nwv_domain_user@northwestvideo.de>, size=939, nrcpt=1 (queue active)
Jan 27 08:02:54 84310-27608 postfix/qmgr[1098]: DBFD021D76: from=<nwv_domain_user@northwestvideo.de>, size=1115, nrcpt=1 (queue active)
Jan 27 08:02:54 84310-27608 postfix/smtp[8312]: 9187821CDF: host mx-ha03.web.de[212.227.15.17] refused to talk to me: 554-web.de (mxweb010) Nemesis ESMTP Service not available 554-No SMTP service 554-Bad DNS PTR resource record. 554 For explanation visit https://web.de/email/senderguidelines?ip=176.31.211.60&c=rdns
Jan 27 08:02:54 84310-27608 postfix/smtp[8313]: ECD0F22530: host mx-ha02.web.de[212.227.17.8] refused to talk to me: 554-web.de (mxweb113) Nemesis ESMTP Service not available 554-No SMTP service 554-Bad DNS PTR resource record. 554 For explanation visit https://web.de/email/senderguidelines?ip=176.31.211.60&c=rdns
Jan 27 08:02:54 84310-27608 postfix/smtp[8314]: 0AE9421D61: host mx-ha03.web.de[212.227.15.17] refused to talk to me: 554-web.de (mxweb010) Nemesis ESMTP Service not available 554-No SMTP service 554-Bad DNS PTR resource record. 554 For explanation visit https://web.de/email/senderguidelines?ip=176.31.211.60&c=rdns
Jan 27 08:02:54 84310-27608 postfix/smtp[8312]: 9187821CDF: to=<Mega.Tobi@web.de>, relay=mx-ha02.web.de[212.227.17.8]:25, delay=223024, delays=223024/0.01/0.09/0, dsn=4.0.0, status=deferred (host mx-ha02.web.de[212.227.17.8] refused to talk to me: 554-web.de (mxweb113) Nemesis ESMTP Service not available 554-No SMTP service 554-Bad DNS PTR resource record. 554 For explanation visit https://web.de/email/senderguidelines?ip=176.31.211.60&c=rdns)
Jan 27 08:02:54 84310-27608 postfix/smtp[8315]: D0FB2207A9: host mx-ha03.web.de[212.227.15.17] refused to talk to me: 554-web.de (mxweb010) Nemesis ESMTP Service not available 554-No SMTP service 554-Bad DNS PTR resource record. 554 For explanation visit https://web.de/email/senderguidelines?ip=176.31.211.60&c=rdns
Jan 27 08:02:54 84310-27608 postfix/smtp[8313]: ECD0F22530: to=<eurotruck.2@web.de>, relay=mx-ha03.web.de[212.227.15.17]:25, delay=206367, delays=206367/0.01/0.09/0, dsn=4.0.0, status=deferred (host mx-ha03.web.de[212.227.15.17] refused to talk to me: 554-web.de (mxweb013) Nemesis ESMTP Service not available 554-No SMTP service 554-Bad DNS PTR resource record. 554 For explanation visit https://web.de/email/senderguidelines?ip=176.31.211.60&c=rdns)
Jan 27 08:02:54 84310-27608 postfix/smtp[8314]: 0AE9421D61: to=<SixOne-Onlinegames@web.de>, relay=mx-ha02.web.de[212.227.17.8]:25, delay=210582, delays=210582/0.02/0.1/0, dsn=4.0.0, status=deferred (host mx-ha02.web.de[212.227.17.8] refused to talk to me: 554-web.de (mxweb112) Nemesis ESMTP Service not available 554-No SMTP service 554-Bad DNS PTR resource record. 554 For explanation visit https://web.de/email/senderguidelines?ip=176.31.211.60&c=rdns)
Jan 27 08:02:54 84310-27608 postfix/smtp[8316]: DBFD021D76: host mx00.emig.gmx.net[212.227.15.9] refused to talk to me: 554-gmx.net (mxgmx014) Nemesis ESMTP Service not available 554-No SMTP service 554-Bad DNS PTR resource record. 554 For explanation visit https://www.gmx.net/mail/senderguidelines?ip=176.31.211.60&c=rdns
Jan 27 08:02:54 84310-27608 postfix/smtp[8315]: D0FB2207A9: to=<aventiaexpress@web.de>, relay=mx-ha02.web.de[212.227.17.8]:25, delay=239775, delays=239775/0.03/0.1/0, dsn=4.0.0, status=deferred (host mx-ha02.web.de[212.227.17.8] refused to talk to me: 554-web.de (mxweb112) Nemesis ESMTP Service not available 554-No SMTP service 554-Bad DNS PTR resource record. 554 For explanation visit https://web.de/email/senderguidelines?ip=176.31.211.60&c=rdns)
Jan 27 08:02:54 84310-27608 postfix/smtp[8316]: DBFD021D76: to=<Kevin.van-Zuyhlen@gmx.de>, relay=mx01.emig.gmx.net[212.227.17.5]:25, delay=210524, delays=210524/0.04/0.11/0, dsn=4.0.0, status=deferred (host mx01.emig.gmx.net[212.227.17.5] refused to talk to me: 554-gmx.net (mxgmx117) Nemesis ESMTP Service not available 554-No SMTP service 554-Bad DNS PTR resource record. 554 For explanation visit https://www.gmx.net/mail/senderguidelines?ip=176.31.211.60&c=rdns)
Jan 27 08:05:01 84310-27608 CRON[8319]: (root) CMD ([ -x /opt/psa/admin/sbin/backupmng ] && /opt/psa/admin/sbin/backupmng >/dev/null 2>&1)
Jan 27 08:06:01 84310-27608 CRON[8343]: (psaadm) CMD (/opt/psa/admin/bin/php -dauto_prepend_file=sdk.php '/opt/psa/admin/plib/modules/wp-toolkit/scripts/maintenance.php')
Jan 27 08:06:01 84310-27608 crontab[8383]: (root) LIST (psaadm)
Jan 27 08:07:54 84310-27608 postfix/qmgr[1098]: E218E21DE1: from=<nwv_domain_user@northwestvideo.de>, size=1126, nrcpt=1 (queue active)
Jan 27 08:07:54 84310-27608 postfix/qmgr[1098]: 640A523E88: from=<nwv_domain_user@northwestvideo.de>, size=1112, nrcpt=1 (queue active)
Jan 27 08:07:54 84310-27608 postfix/qmgr[1098]: 15C2221CE3: from=<nwv_domain_user@northwestvideo.de>, size=946, nrcpt=1 (queue active)
Jan 27 08:07:54 84310-27608 postfix/smtp[8388]: 640A523E88: host mx-ha03.web.de[212.227.15.17] refused to talk to me: 554-web.de (mxweb013) Nemesis ESMTP Service not available 554-No SMTP service 554-Bad DNS PTR resource record. 554 For explanation visit https://web.de/email/senderguidelines?ip=176.31.211.60&c=rdns
Jan 27 08:07:54 84310-27608 postfix/smtp[8387]: E218E21DE1: host mx-ha02.web.de[212.227.17.8] refused to talk to me: 554-web.de (mxweb110) Nemesis ESMTP Service not available 554-No SMTP service 554-Bad DNS PTR resource record. 554 For explanation visit https://web.de/email/senderguidelines?ip=176.31.211.60&c=rdns
Jan 27 08:07:54 84310-27608 postfix/smtp[8389]: 15C2221CE3: host mx01.t-online.de[194.25.134.72] refused to talk to me: 554 IP=176.31.211.60 - A problem occurred. (Ask your postmaster for help or to contact tosa@rx.t-online.de to clarify.) (BL)
Jan 27 08:07:54 84310-27608 postfix/smtp[8388]: 640A523E88: to=<frightener1978@web.de>, relay=mx-ha02.web.de[212.227.17.8]:25, delay=71967, delays=71967/0.01/0.09/0, dsn=4.0.0, status=deferred (host mx-ha02.web.de[212.227.17.8] refused to talk to me: 554-web.de (mxweb111) Nemesis ESMTP Service not available 554-No SMTP service 554-Bad DNS PTR resource record. 554 For explanation visit https://web.de/email/senderguidelines?ip=176.31.211.60&c=rdns)
Jan 27 08:07:54 84310-27608 postfix/smtp[8387]: E218E21DE1: to=<gartenpflege.brinkmann@web.de>, relay=mx-ha03.web.de[212.227.15.17]:25, delay=126414, delays=126414/0.01/0.1/0, dsn=4.0.0, status=deferred (host mx-ha03.web.de[212.227.15.17] refused to talk to me: 554-web.de (mxweb013) Nemesis ESMTP Service not available 554-No SMTP service 554-Bad DNS PTR resource record. 554 For explanation visit https://web.de/email/senderguidelines?ip=176.31.211.60&c=rdns)
Jan 27 08:07:54 84310-27608 postfix/smtp[8389]: 15C2221CE3: host mx00.t-online.de[194.25.134.8] refused to talk to me: 554 IP=176.31.211.60 - A problem occurred. (Ask your postmaster for help or to contact tosa@rx.t-online.de to clarify.) (BL)
Jan 27 08:07:54 84310-27608 postfix/smtp[8389]: 15C2221CE3: host mx02.t-online.de[194.25.134.9] refused to talk to me: 554 IP=176.31.211.60 - A problem occurred. (Ask your postmaster for help or to contact tosa@rx.t-online.de to clarify.) (BL)
Jan 27 08:07:54 84310-27608 postfix/smtp[8389]: 15C2221CE3: to=<hemi-michels@t-online.de>, relay=mx03.t-online.de[194.25.134.73]:25, delay=223195, delays=223195/0.01/0.14/0, dsn=4.0.0, status=deferred (host mx03.t-online.de[194.25.134.73] refused to talk to me: 554 IP=176.31.211.60 - A problem occurred. (Ask your postmaster for help or to contact tosa@rx.t-online.de to clarify.) (BL))
Jan 27 08:08:38 84310-27608 postfix/smtpd[8394]: connect from unknown[103.7.10.131]
Jan 27 08:08:39 84310-27608 plesk_saslauthd[8403]: listen=6, status=5, dbpath='/plesk/passwd.db', keypath='/plesk/passwd_db_key', chroot=1, unprivileged=1
Jan 27 08:08:39 84310-27608 plesk_saslauthd[8403]: privileges set to (105:112) (effective 105:112)
Jan 27 08:08:39 84310-27608 plesk_saslauthd[8403]: No such user 'computer@pph-server.de' in mail authorization database
Jan 27 08:08:39 84310-27608 plesk_saslauthd[8403]: failed mail authentication attempt for user 'computer@pph-server.de' (password len=13)
Jan 27 08:08:39 84310-27608 postfix/smtpd[8394]: warning: unknown[103.7.10.131]: SASL LOGIN authentication failed: authentication failure
Jan 27 08:08:39 84310-27608 postfix/smtpd[8394]: disconnect from unknown[103.7.10.131]
Jan 27 08:09:09 84310-27608 plesk_saslauthd[8403]: select timeout, exiting
Jan 27 08:10:01 84310-27608 CRON[8413]: (psaadm) CMD (/opt/psa/admin/bin/php -dauto_prepend_file=sdk.php '/opt/psa/admin/plib/modules/revisium-antivirus/scripts/ra_executor_run.php')
Jan 27 08:11:24 84310-27608 postfix/smtpd[8446]: warning: hostname x.usib.tv does not resolve to address 94.102.57.241
Jan 27 08:11:24 84310-27608 postfix/smtpd[8446]: connect from unknown[94.102.57.241]
Jan 27 08:11:24 84310-27608 plesk_saslauthd[8448]: listen=6, status=5, dbpath='/plesk/passwd.db', keypath='/plesk/passwd_db_key', chroot=1, unprivileged=1
Jan 27 08:11:24 84310-27608 plesk_saslauthd[8448]: privileges set to (105:112) (effective 105:112)
Jan 27 08:11:24 84310-27608 plesk_saslauthd[8448]: No such user 'root@pph-server.de' in mail authorization database
Jan 27 08:11:24 84310-27608 plesk_saslauthd[8448]: failed mail authentication attempt for user 'root@pph-server.de' (password len=9)
Jan 27 08:11:24 84310-27608 postfix/smtpd[8446]: warning: unknown[94.102.57.241]: SASL LOGIN authentication failed: authentication failure
Jan 27 08:11:24 84310-27608 postfix/smtpd[8446]: disconnect from unknown[94.102.57.241]
Jan 27 08:11:54 84310-27608 plesk_saslauthd[8448]: select timeout, exiting
