Jan 27 06:02:54 84310-27608 postfix/smtp[6957]: C009223E8A: host mx01.emig.gmx.net[212.227.17.5] refused to talk to me: 554-gmx.net (mxgmx115) Nemesis ESMTP Service not available 554-No SMTP service 554-Bad DNS PTR resource record. 554 For explanation visit https://www.gmx.net/mail/senderguidelines?ip=176.31.211.60&c=rdns
Jan 27 06:02:54 84310-27608 postfix/smtp[6960]: 5D34C21CCE: host mx01.emig.gmx.net[212.227.17.5] refused to talk to me: 554-gmx.net (mxgmx114) Nemesis ESMTP Service not available 554-No SMTP service 554-Bad DNS PTR resource record. 554 For explanation visit https://www.gmx.net/mail/senderguidelines?ip=176.31.211.60&c=rdns
Jan 27 06:02:54 84310-27608 postfix/smtp[6959]: CC7CB23E8C: host mx01.t-online.de[194.25.134.72] refused to talk to me: 554 IP=176.31.211.60 - A problem occurred. (Ask your postmaster for help or to contact tosa@rx.t-online.de to clarify.) (BL)
Jan 27 06:02:54 84310-27608 postfix/smtp[6957]: C009223E8A: to=<manutv4@gmx.de>, relay=mx00.emig.gmx.net[212.227.15.9]:25, delay=50892, delays=50892/0.01/0.08/0, dsn=4.0.0, status=deferred (host mx00.emig.gmx.net[212.227.15.9] refused to talk to me: 554-gmx.net (mxgmx002) Nemesis ESMTP Service not available 554-No SMTP service 554-Bad DNS PTR resource record. 554 For explanation visit https://www.gmx.net/mail/senderguidelines?ip=176.31.211.60&c=rdns)
Jan 27 06:02:54 84310-27608 postfix/smtp[6958]: CC1EB23E61: host mx-ha03.web.de[212.227.15.17] refused to talk to me: 554-web.de (mxweb013) Nemesis ESMTP Service not available 554-No SMTP service 554-Bad DNS PTR resource record. 554 For explanation visit https://web.de/email/senderguidelines?ip=176.31.211.60&c=rdns
Jan 27 06:02:54 84310-27608 postfix/smtp[6961]: A110321D26: host mx01.emig.gmx.net[212.227.17.5] refused to talk to me: 554-gmx.net (mxgmx115) Nemesis ESMTP Service not available 554-No SMTP service 554-Bad DNS PTR resource record. 554 For explanation visit https://www.gmx.net/mail/senderguidelines?ip=176.31.211.60&c=rdns
Jan 27 06:02:54 84310-27608 postfix/smtp[6959]: CC7CB23E8C: host mx02.t-online.de[194.25.134.9] refused to talk to me: 554 IP=176.31.211.60 - A problem occurred. (Ask your postmaster for help or to contact tosa@rx.t-online.de to clarify.) (BL)
Jan 27 06:02:54 84310-27608 postfix/smtp[6960]: 5D34C21CCE: to=<m_otto2@gmx.de>, relay=mx00.emig.gmx.net[212.227.15.9]:25, delay=290348, delays=290348/0.02/0.1/0, dsn=4.0.0, status=deferred (host mx00.emig.gmx.net[212.227.15.9] refused to talk to me: 554-gmx.net (mxgmx017) Nemesis ESMTP Service not available 554-No SMTP service 554-Bad DNS PTR resource record. 554 For explanation visit https://www.gmx.net/mail/senderguidelines?ip=176.31.211.60&c=rdns)
Jan 27 06:02:54 84310-27608 postfix/smtp[6958]: CC1EB23E61: to=<dirk.wuestner@web.de>, relay=mx-ha02.web.de[212.227.17.8]:25, delay=118184, delays=118184/0.01/0.11/0, dsn=4.0.0, status=deferred (host mx-ha02.web.de[212.227.17.8] refused to talk to me: 554-web.de (mxweb110) Nemesis ESMTP Service not available 554-No SMTP service 554-Bad DNS PTR resource record. 554 For explanation visit https://web.de/email/senderguidelines?ip=176.31.211.60&c=rdns)
Jan 27 06:02:54 84310-27608 postfix/smtp[6961]: A110321D26: to=<borni1925@gmx.de>, relay=mx00.emig.gmx.net[212.227.15.9]:25, delay=214543, delays=214543/0.02/0.09/0, dsn=4.0.0, status=deferred (host mx00.emig.gmx.net[212.227.15.9] refused to talk to me: 554-gmx.net (mxgmx015) Nemesis ESMTP Service not available 554-No SMTP service 554-Bad DNS PTR resource record. 554 For explanation visit https://www.gmx.net/mail/senderguidelines?ip=176.31.211.60&c=rdns)
Jan 27 06:02:54 84310-27608 postfix/smtp[6959]: CC7CB23E8C: host mx00.t-online.de[194.25.134.8] refused to talk to me: 554 IP=176.31.211.60 - A problem occurred. (Ask your postmaster for help or to contact tosa@rx.t-online.de to clarify.) (BL)
Jan 27 06:02:54 84310-27608 postfix/smtp[6959]: CC7CB23E8C: to=<speedymaus244@t-online.de>, relay=mx03.t-online.de[194.25.134.73]:25, delay=50785, delays=50785/0.01/0.13/0, dsn=4.0.0, status=deferred (host mx03.t-online.de[194.25.134.73] refused to talk to me: 554 IP=176.31.211.60 - A problem occurred. (Ask your postmaster for help or to contact tosa@rx.t-online.de to clarify.) (BL))
Jan 27 06:05:01 84310-27608 CRON[6973]: (root) CMD ([ -x /opt/psa/admin/sbin/backupmng ] && /opt/psa/admin/sbin/backupmng >/dev/null 2>&1)
Jan 27 06:06:01 84310-27608 CRON[6977]: (psaadm) CMD (/opt/psa/admin/bin/php -dauto_prepend_file=sdk.php '/opt/psa/admin/plib/modules/wp-toolkit/scripts/maintenance.php')
Jan 27 06:06:02 84310-27608 crontab[7017]: (root) LIST (psaadm)
Jan 27 06:07:54 84310-27608 postfix/qmgr[1098]: 9C46323E8E: from=<nwv_domain_user@northwestvideo.de>, size=1102, nrcpt=1 (queue active)
Jan 27 06:07:54 84310-27608 postfix/qmgr[1098]: CE82B24596: from=<nwv_domain_user@northwestvideo.de>, size=1119, nrcpt=1 (queue active)
Jan 27 06:07:54 84310-27608 postfix/qmgr[1098]: D00C821CD4: from=<nwv_domain_user@northwestvideo.de>, size=1107, nrcpt=1 (queue active)
Jan 27 06:07:54 84310-27608 postfix/qmgr[1098]: 72E3320FC0: from=<nwv_domain_user@northwestvideo.de>, size=1101, nrcpt=1 (queue active)
Jan 27 06:07:54 84310-27608 postfix/qmgr[1098]: F3F6E214A4: from=<nwv_domain_user@northwestvideo.de>, size=1100, nrcpt=1 (queue active)
Jan 27 06:07:54 84310-27608 postfix/smtp[7032]: 9C46323E8E: host mx01.emig.gmx.net[212.227.17.5] refused to talk to me: 554-gmx.net (mxgmx117) Nemesis ESMTP Service not available 554-No SMTP service 554-Bad DNS PTR resource record. 554 For explanation visit https://www.gmx.net/mail/senderguidelines?ip=176.31.211.60&c=rdns
Jan 27 06:07:54 84310-27608 postfix/smtp[7033]: CE82B24596: host mx00.emig.gmx.net[212.227.15.9] refused to talk to me: 554-gmx.net (mxgmx016) Nemesis ESMTP Service not available 554-No SMTP service 554-Bad DNS PTR resource record. 554 For explanation visit https://www.gmx.net/mail/senderguidelines?ip=176.31.211.60&c=rdns
Jan 27 06:07:54 84310-27608 postfix/smtp[7034]: D00C821CD4: host mx-ha02.web.de[212.227.17.8] refused to talk to me: 554-web.de (mxweb110) Nemesis ESMTP Service not available 554-No SMTP service 554-Bad DNS PTR resource record. 554 For explanation visit https://web.de/email/senderguidelines?ip=176.31.211.60&c=rdns
Jan 27 06:07:54 84310-27608 postfix/smtp[7036]: F3F6E214A4: host mx-ha02.web.de[212.227.17.8] refused to talk to me: 554-web.de (mxweb110) Nemesis ESMTP Service not available 554-No SMTP service 554-Bad DNS PTR resource record. 554 For explanation visit https://web.de/email/senderguidelines?ip=176.31.211.60&c=rdns
Jan 27 06:07:54 84310-27608 postfix/smtp[7035]: 72E3320FC0: host mx-ha03.web.de[212.227.15.17] refused to talk to me: 554-web.de (mxweb013) Nemesis ESMTP Service not available 554-No SMTP service 554-Bad DNS PTR resource record. 554 For explanation visit https://web.de/email/senderguidelines?ip=176.31.211.60&c=rdns
Jan 27 06:07:54 84310-27608 postfix/smtp[7032]: 9C46323E8E: to=<dermanu33@gmx.de>, relay=mx00.emig.gmx.net[212.227.15.9]:25, delay=50972, delays=50972/0.01/0.08/0, dsn=4.0.0, status=deferred (host mx00.emig.gmx.net[212.227.15.9] refused to talk to me: 554-gmx.net (mxgmx015) Nemesis ESMTP Service not available 554-No SMTP service 554-Bad DNS PTR resource record. 554 For explanation visit https://www.gmx.net/mail/senderguidelines?ip=176.31.211.60&c=rdns)
Jan 27 06:07:54 84310-27608 postfix/smtp[7034]: D00C821CD4: to=<tommilee19@web.de>, relay=mx-ha03.web.de[212.227.15.17]:25, delay=218705, delays=218705/0.01/0.08/0, dsn=4.0.0, status=deferred (host mx-ha03.web.de[212.227.15.17] refused to talk to me: 554-web.de (mxweb010) Nemesis ESMTP Service not available 554-No SMTP service 554-Bad DNS PTR resource record. 554 For explanation visit https://web.de/email/senderguidelines?ip=176.31.211.60&c=rdns)
Jan 27 06:07:54 84310-27608 postfix/smtp[7033]: CE82B24596: to=<marcel-schoenitz@gmx.de>, relay=mx01.emig.gmx.net[212.227.17.5]:25, delay=281920, delays=281920/0.01/0.09/0, dsn=4.0.0, status=deferred (host mx01.emig.gmx.net[212.227.17.5] refused to talk to me: 554-gmx.net (mxgmx117) Nemesis ESMTP Service not available 554-No SMTP service 554-Bad DNS PTR resource record. 554 For explanation visit https://www.gmx.net/mail/senderguidelines?ip=176.31.211.60&c=rdns)
Jan 27 06:07:54 84310-27608 postfix/smtp[7036]: F3F6E214A4: to=<baumanns97@web.de>, relay=mx-ha03.web.de[212.227.15.17]:25, delay=143250, delays=143250/0.02/0.09/0, dsn=4.0.0, status=deferred (host mx-ha03.web.de[212.227.15.17] refused to talk to me: 554-web.de (mxweb013) Nemesis ESMTP Service not available 554-No SMTP service 554-Bad DNS PTR resource record. 554 For explanation visit https://web.de/email/senderguidelines?ip=176.31.211.60&c=rdns)
Jan 27 06:07:54 84310-27608 postfix/smtp[7035]: 72E3320FC0: to=<Maxtrain2.0@web.de>, relay=mx-ha02.web.de[212.227.17.8]:25, delay=155751, delays=155751/0.02/0.1/0, dsn=4.0.0, status=deferred (host mx-ha02.web.de[212.227.17.8] refused to talk to me: 554-web.de (mxweb111) Nemesis ESMTP Service not available 554-No SMTP service 554-Bad DNS PTR resource record. 554 For explanation visit https://web.de/email/senderguidelines?ip=176.31.211.60&c=rdns)
Jan 27 06:10:01 84310-27608 CRON[7044]: (psaadm) CMD (/opt/psa/admin/bin/php -dauto_prepend_file=sdk.php '/opt/psa/admin/plib/modules/revisium-antivirus/scripts/ra_executor_run.php')
Jan 27 06:12:01 84310-27608 CRON[7086]: (psaadm) CMD (/opt/psa/admin/bin/php -dauto_prepend_file=sdk.php '/opt/psa/admin/plib/modules/letsencrypt/scripts/keep-secured.php')
Jan 27 06:12:46 84310-27608 named[295]: client 54.160.158.30#34789 (www.example.com): query (cache) 'www.example.com/ANY/IN' denied
Jan 27 06:12:54 84310-27608 postfix/qmgr[1098]: C21FC20AAC: from=<nwv_domain_user@northwestvideo.de>, size=1100, nrcpt=1 (queue active)
Jan 27 06:12:54 84310-27608 postfix/smtp[7095]: C21FC20AAC: host mx-ha02.web.de[212.227.17.8] refused to talk to me: 554-web.de (mxweb111) Nemesis ESMTP Service not available 554-No SMTP service 554-Bad DNS PTR resource record. 554 For explanation visit https://web.de/email/senderguidelines?ip=176.31.211.60&c=rdns
Jan 27 06:12:54 84310-27608 postfix/smtp[7095]: C21FC20AAC: to=<saufi02@web.de>, relay=mx-ha03.web.de[212.227.15.17]:25, delay=176726, delays=176725/0.01/0.14/0, dsn=4.0.0, status=deferred (host mx-ha03.web.de[212.227.15.17] refused to talk to me: 554-web.de (mxweb011) Nemesis ESMTP Service not available 554-No SMTP service 554-Bad DNS PTR resource record. 554 For explanation visit https://web.de/email/senderguidelines?ip=176.31.211.60&c=rdns)
Jan 27 06:13:40 84310-27608 named[295]: client 54.160.158.30#43627 (www.example.com): query (cache) 'www.example.com/A/IN' denied
Jan 27 06:15:58 84310-27608 postfix/smtpd[7104]: connect from unknown[185.234.219.70]
Jan 27 06:15:58 84310-27608 plesk_saslauthd[7107]: listen=6, status=5, dbpath='/plesk/passwd.db', keypath='/plesk/passwd_db_key', chroot=1, unprivileged=1
Jan 27 06:15:58 84310-27608 plesk_saslauthd[7107]: privileges set to (105:112) (effective 105:112)
Jan 27 06:15:58 84310-27608 plesk_saslauthd[7107]: failed mail authentication attempt for user 'info' (password len=9)
Jan 27 06:15:58 84310-27608 postfix/smtpd[7104]: warning: unknown[185.234.219.70]: SASL LOGIN authentication failed: authentication failure
Jan 27 06:15:58 84310-27608 postfix/smtpd[7104]: lost connection after AUTH from unknown[185.234.219.70]
Jan 27 06:15:58 84310-27608 postfix/smtpd[7104]: disconnect from unknown[185.234.219.70]
Jan 27 06:16:28 84310-27608 plesk_saslauthd[7107]: select timeout, exiting
Jan 27 06:17:54 84310-27608 postfix/qmgr[1098]: EA36F21D59: from=<nwv_domain_user@northwestvideo.de>, size=1097, nrcpt=1 (queue active)
Jan 27 06:17:54 84310-27608 postfix/qmgr[1098]: 8276B24500: from=<nwv_domain_user@northwestvideo.de>, size=1113, nrcpt=1 (queue active)
Jan 27 06:17:54 84310-27608 postfix/qmgr[1098]: 8EC6D21CE4: from=<nwv_domain_user@northwestvideo.de>, size=1094, nrcpt=1 (queue active)
Jan 27 06:17:54 84310-27608 postfix/qmgr[1098]: 4322821CE2: from=<nwv_domain_user@northwestvideo.de>, size=1130, nrcpt=1 (queue active)
Jan 27 06:17:54 84310-27608 postfix/smtp[7120]: EA36F21D59: host mx00.emig.gmx.net[212.227.15.9] refused to talk to me: 554-gmx.net (mxgmx014) Nemesis ESMTP Service not available 554-No SMTP service 554-Bad DNS PTR resource record. 554 For explanation visit https://www.gmx.net/mail/senderguidelines?ip=176.31.211.60&c=rdns
Jan 27 06:17:54 84310-27608 postfix/smtp[7121]: 8276B24500: host mx-ha03.web.de[212.227.15.17] refused to talk to me: 554-web.de (mxweb012) Nemesis ESMTP Service not available 554-No SMTP service 554-Bad DNS PTR resource record. 554 For explanation visit https://web.de/email/senderguidelines?ip=176.31.211.60&c=rdns
Jan 27 06:17:54 84310-27608 postfix/smtp[7122]: 8EC6D21CE4: host mx01.emig.gmx.net[212.227.17.5] refused to talk to me: 554-gmx.net (mxgmx102) Nemesis ESMTP Service not available 554-No SMTP service 554-Bad DNS PTR resource record. 554 For explanation visit https://www.gmx.net/mail/senderguidelines?ip=176.31.211.60&c=rdns
Jan 27 06:17:54 84310-27608 postfix/smtp[7120]: EA36F21D59: to=<ich_vip@gmx.de>, relay=mx01.emig.gmx.net[212.227.17.5]:25, delay=206309, delays=206309/0.01/0.09/0, dsn=4.0.0, status=deferred (host mx01.emig.gmx.net[212.227.17.5] refused to talk to me: 554-gmx.net (mxgmx117) Nemesis ESMTP Service not available 554-No SMTP service 554-Bad DNS PTR resource record. 554 For explanation visit https://www.gmx.net/mail/senderguidelines?ip=176.31.211.60&c=rdns)
Jan 27 06:17:54 84310-27608 postfix/smtp[7122]: 8EC6D21CE4: to=<ricp10@gmx.de>, relay=mx00.emig.gmx.net[212.227.15.9]:25, delay=122318, delays=122318/0.01/0.08/0, dsn=4.0.0, status=deferred (host mx00.emig.gmx.net[212.227.15.9] refused to talk to me: 554-gmx.net (mxgmx016) Nemesis ESMTP Service not available 554-No SMTP service 554-Bad DNS PTR resource record. 554 For explanation visit https://www.gmx.net/mail/senderguidelines?ip=176.31.211.60&c=rdns)
Jan 27 06:17:54 84310-27608 postfix/smtp[7123]: 4322821CE2: host mx-ha02.web.de[212.227.17.8] refused to talk to me: 554-web.de (mxweb112) Nemesis ESMTP Service not available 554-No SMTP service 554-Bad DNS PTR resource record. 554 For explanation visit https://web.de/email/senderguidelines?ip=176.31.211.60&c=rdns
Jan 27 06:17:54 84310-27608 postfix/smtp[7121]: 8276B24500: to=<wibklerfrohburg@web.de>, relay=mx-ha02.web.de[212.227.17.8]:25, delay=290134, delays=290134/0.01/0.09/0, dsn=4.0.0, status=deferred (host mx-ha02.web.de[212.227.17.8] refused to talk to me: 554-web.de (mxweb112) Nemesis ESMTP Service not available 554-No SMTP service 554-Bad DNS PTR resource record. 554 For explanation visit https://web.de/email/senderguidelines?ip=176.31.211.60&c=rdns)
Jan 27 06:17:54 84310-27608 postfix/smtp[7123]: 4322821CE2: to=<gartenpflege.brinkmann@web.de>, relay=mx-ha03.web.de[212.227.15.17]:25, delay=122351, delays=122351/0.02/0.1/0, dsn=4.0.0, status=deferred (host mx-ha03.web.de[212.227.15.17] refused to talk to me: 554-web.de (mxweb010) Nemesis ESMTP Service not available 554-No SMTP service 554-Bad DNS PTR resource record. 554 For explanation visit https://web.de/email/senderguidelines?ip=176.31.211.60&c=rdns)
Jan 27 06:19:18 84310-27608 postfix/anvil[7106]: statistics: max connection rate 1/60s for (smtp:185.234.219.70) at Jan 27 06:15:58
Jan 27 06:19:18 84310-27608 postfix/anvil[7106]: statistics: max connection count 1 for (smtp:185.234.219.70) at Jan 27 06:15:58
Jan 27 06:19:18 84310-27608 postfix/anvil[7106]: statistics: max cache size 1 at Jan 27 06:15:58
Jan 27 06:20:01 84310-27608 CRON[7127]: (root) CMD ([ -x /opt/psa/admin/sbin/backupmng ] && /opt/psa/admin/sbin/backupmng >/dev/null 2>&1)
Jan 27 06:20:01 84310-27608 CRON[7128]: (psaadm) CMD (/opt/psa/admin/bin/php -dauto_prepend_file=sdk.php '/opt/psa/admin/plib/modules/sslit/scripts/keep-secured.php')
Jan 27 06:22:54 84310-27608 postfix/qmgr[1098]: 998FA21CD6: from=<nwv_domain_user@northwestvideo.de>, size=1098, nrcpt=1 (queue active)
Jan 27 06:22:54 84310-27608 postfix/qmgr[1098]: 3CEAD21D1A: from=<nwv_domain_user@northwestvideo.de>, size=1130, nrcpt=1 (queue active)
Jan 27 06:22:54 84310-27608 postfix/qmgr[1098]: F412B23E65: from=<nwv_domain_user@northwestvideo.de>, size=1114, nrcpt=1 (queue active)
Jan 27 06:22:54 84310-27608 postfix/smtp[7191]: F412B23E65: host mx-ha02.web.de[212.227.17.8] refused to talk to me: 554-web.de (mxweb113) Nemesis ESMTP Service not available 554-No SMTP service 554-Bad DNS PTR resource record. 554 For explanation visit https://web.de/email/senderguidelines?ip=176.31.211.60&c=rdns
Jan 27 06:22:54 84310-27608 postfix/smtp[7189]: 998FA21CD6: host mx-ha03.web.de[212.227.15.17] refused to talk to me: 554-web.de (mxweb011) Nemesis ESMTP Service not available 554-No SMTP service 554-Bad DNS PTR resource record. 554 For explanation visit https://web.de/email/senderguidelines?ip=176.31.211.60&c=rdns
Jan 27 06:22:54 84310-27608 postfix/smtp[7190]: 3CEAD21D1A: host mx-ha03.web.de[212.227.15.17] refused to talk to me: 554-web.de (mxweb010) Nemesis ESMTP Service not available 554-No SMTP service 554-Bad DNS PTR resource record. 554 For explanation visit https://web.de/email/senderguidelines?ip=176.31.211.60&c=rdns
Jan 27 06:22:54 84310-27608 postfix/smtp[7191]: F412B23E65: to=<thorsten.49835@web.de>, relay=mx-ha03.web.de[212.227.15.17]:25, delay=113727, delays=113727/0.01/0.08/0, dsn=4.0.0, status=deferred (host mx-ha03.web.de[212.227.15.17] refused to talk to me: 554-web.de (mxweb012) Nemesis ESMTP Service not available 554-No SMTP service 554-Bad DNS PTR resource record. 554 For explanation visit https://web.de/email/senderguidelines?ip=176.31.211.60&c=rdns)
Jan 27 06:22:54 84310-27608 postfix/smtp[7189]: 998FA21CD6: to=<Boti2502@web.de>, relay=mx-ha02.web.de[212.227.17.8]:25, delay=218931, delays=218930/0.01/0.1/0, dsn=4.0.0, status=deferred (host mx-ha02.web.de[212.227.17.8] refused to talk to me: 554-web.de (mxweb110) Nemesis ESMTP Service not available 554-No SMTP service 554-Bad DNS PTR resource record. 554 For explanation visit https://web.de/email/senderguidelines?ip=176.31.211.60&c=rdns)
Jan 27 06:22:54 84310-27608 postfix/smtp[7190]: 3CEAD21D1A: to=<gartenpflege.brinkmann@web.de>, relay=mx-ha02.web.de[212.227.17.8]:25, delay=122188, delays=122188/0.01/0.1/0, dsn=4.0.0, status=deferred (host mx-ha02.web.de[212.227.17.8] refused to talk to me: 554-web.de (mxweb111) Nemesis ESMTP Service not available 554-No SMTP service 554-Bad DNS PTR resource record. 554 For explanation visit https://web.de/email/senderguidelines?ip=176.31.211.60&c=rdns)
Jan 27 06:23:59 84310-27608 postfix/smtpd[7193]: connect from unknown[103.7.10.131]
Jan 27 06:24:00 84310-27608 plesk_saslauthd[7196]: listen=6, status=5, dbpath='/plesk/passwd.db', keypath='/plesk/passwd_db_key', chroot=1, unprivileged=1
Jan 27 06:24:00 84310-27608 plesk_saslauthd[7196]: privileges set to (105:112) (effective 105:112)
Jan 27 06:24:00 84310-27608 plesk_saslauthd[7196]: No such user 'claims@pph-server.de' in mail authorization database
Jan 27 06:24:00 84310-27608 plesk_saslauthd[7196]: failed mail authentication attempt for user 'claims@pph-server.de' (password len=11)
Jan 27 06:24:00 84310-27608 postfix/smtpd[7193]: warning: unknown[103.7.10.131]: SASL LOGIN authentication failed: authentication failure
Jan 27 06:24:00 84310-27608 postfix/smtpd[7193]: disconnect from unknown[103.7.10.131]
Jan 27 06:24:30 84310-27608 plesk_saslauthd[7196]: select timeout, exiting
Jan 27 06:25:01 84310-27608 CRON[7206]: (psaadm) CMD (/opt/psa/admin/bin/php -dauto_prepend_file=sdk.php '/opt/psa/admin/plib/modules/revisium-antivirus/scripts/ra_executor_run.php')
Jan 27 06:27:20 84310-27608 postfix/anvil[7195]: statistics: max connection rate 1/60s for (smtp:103.7.10.131) at Jan 27 06:23:59
Jan 27 06:27:20 84310-27608 postfix/anvil[7195]: statistics: max connection count 1 for (smtp:103.7.10.131) at Jan 27 06:23:59
Jan 27 06:27:20 84310-27608 postfix/anvil[7195]: statistics: max cache size 1 at Jan 27 06:23:59
Jan 27 06:27:54 84310-27608 postfix/qmgr[1098]: 1009020F0E: from=<nwv_domain_user@northwestvideo.de>, size=1093, nrcpt=1 (queue active)
Jan 27 06:27:54 84310-27608 postfix/qmgr[1098]: 10B6B20FC2: from=<nwv_domain_user@northwestvideo.de>, size=1114, nrcpt=1 (queue active)
Jan 27 06:27:54 84310-27608 postfix/smtp[7241]: 1009020F0E: host mx00.emig.gmx.net[212.227.15.9] refused to talk to me: 554-gmx.net (mxgmx015) Nemesis ESMTP Service not available 554-No SMTP service 554-Bad DNS PTR resource record. 554 For explanation visit https://www.gmx.net/mail/senderguidelines?ip=176.31.211.60&c=rdns
Jan 27 06:27:54 84310-27608 postfix/smtp[7242]: 10B6B20FC2: host mx-ha03.web.de[212.227.15.17] refused to talk to me: 554-web.de (mxweb010) Nemesis ESMTP Service not available 554-No SMTP service 554-Bad DNS PTR resource record. 554 For explanation visit https://web.de/email/senderguidelines?ip=176.31.211.60&c=rdns
Jan 27 06:27:55 84310-27608 postfix/smtp[7242]: 10B6B20FC2: to=<teichler.patrick@web.de>, relay=mx-ha02.web.de[212.227.17.8]:25, delay=147383, delays=147383/0.01/0.08/0, dsn=4.0.0, status=deferred (host mx-ha02.web.de[212.227.17.8] refused to talk to me: 554-web.de (mxweb111) Nemesis ESMTP Service not available 554-No SMTP service 554-Bad DNS PTR resource record. 554 For explanation visit https://web.de/email/senderguidelines?ip=176.31.211.60&c=rdns)
Jan 27 06:27:55 84310-27608 postfix/smtp[7241]: 1009020F0E: to=<m_otto2@gmx.de>, relay=mx01.emig.gmx.net[212.227.17.5]:25, delay=302846, delays=302846/0.01/0.09/0, dsn=4.0.0, status=deferred (host mx01.emig.gmx.net[212.227.17.5] refused to talk to me: 554-gmx.net (mxgmx117) Nemesis ESMTP Service not available 554-No SMTP service 554-Bad DNS PTR resource record. 554 For explanation visit https://www.gmx.net/mail/senderguidelines?ip=176.31.211.60&c=rdns)
Jan 27 06:32:38 84310-27608 postfix/smtpd[7259]: connect from unknown[185.234.219.70]
Jan 27 06:32:39 84310-27608 plesk_saslauthd[7262]: listen=6, status=5, dbpath='/plesk/passwd.db', keypath='/plesk/passwd_db_key', chroot=1, unprivileged=1
Jan 27 06:32:39 84310-27608 plesk_saslauthd[7262]: privileges set to (105:112) (effective 105:112)
Jan 27 06:32:39 84310-27608 plesk_saslauthd[7262]: failed mail authentication attempt for user 'scanner' (password len=9)
Jan 27 06:32:39 84310-27608 postfix/smtpd[7259]: warning: unknown[185.234.219.70]: SASL LOGIN authentication failed: authentication failure
Jan 27 06:32:39 84310-27608 postfix/smtpd[7259]: lost connection after AUTH from unknown[185.234.219.70]
Jan 27 06:32:39 84310-27608 postfix/smtpd[7259]: disconnect from unknown[185.234.219.70]
Jan 27 06:32:54 84310-27608 postfix/qmgr[1098]: 90D97244FE: from=<nwv_domain_user@northwestvideo.de>, size=1081, nrcpt=1 (queue active)
Jan 27 06:32:54 84310-27608 postfix/qmgr[1098]: CCDEE24548: from=<nwv_domain_user@northwestvideo.de>, size=1085, nrcpt=1 (queue active)
Jan 27 06:32:54 84310-27608 postfix/qmgr[1098]: C874224590: from=<nwv_domain_user@northwestvideo.de>, size=1110, nrcpt=1 (queue active)
Jan 27 06:32:54 84310-27608 postfix/qmgr[1098]: 3CDB2244D6: from=<nwv_domain_user@northwestvideo.de>, size=1082, nrcpt=1 (queue active)
Jan 27 06:32:54 84310-27608 postfix/qmgr[1098]: 36737245A4: from=<nwv_domain_user@northwestvideo.de>, size=1104, nrcpt=1 (queue active)
Jan 27 06:32:54 84310-27608 postfix/qmgr[1098]: 531382454C: from=<nwv_domain_user@northwestvideo.de>, size=1079, nrcpt=1 (queue active)
Jan 27 06:32:54 84310-27608 postfix/qmgr[1098]: E789B2456B: from=<nwv_domain_user@northwestvideo.de>, size=1083, nrcpt=1 (queue active)
Jan 27 06:32:54 84310-27608 postfix/qmgr[1098]: E26DA24506: from=<nwv_domain_user@northwestvideo.de>, size=1106, nrcpt=1 (queue active)
Jan 27 06:32:54 84310-27608 postfix/qmgr[1098]: 0957724577: from=<nwv_domain_user@northwestvideo.de>, size=1092, nrcpt=1 (queue active)
Jan 27 06:32:54 84310-27608 postfix/qmgr[1098]: 0EB1524573: from=<nwv_domain_user@northwestvideo.de>, size=1076, nrcpt=1 (queue active)
Jan 27 06:32:54 84310-27608 postfix/qmgr[1098]: D384524594: from=<nwv_domain_user@northwestvideo.de>, size=1102, nrcpt=1 (queue active)
Jan 27 06:32:54 84310-27608 postfix/qmgr[1098]: 8283624546: from=<nwv_domain_user@northwestvideo.de>, size=1102, nrcpt=1 (queue active)
Jan 27 06:32:54 84310-27608 postfix/qmgr[1098]: 60D5D24569: from=<nwv_domain_user@northwestvideo.de>, size=1104, nrcpt=1 (queue active)
Jan 27 06:32:54 84310-27608 postfix/qmgr[1098]: 6524B21CD8: from=<nwv_domain_user@northwestvideo.de>, size=1094, nrcpt=1 (queue active)
Jan 27 06:32:54 84310-27608 postfix/qmgr[1098]: 4850B24502: from=<nwv_domain_user@northwestvideo.de>, size=1074, nrcpt=1 (queue active)
Jan 27 06:32:54 84310-27608 postfix/qmgr[1098]: 42A9E245A6: from=<nwv_domain_user@northwestvideo.de>, size=1088, nrcpt=1 (queue active)
Jan 27 06:32:54 84310-27608 postfix/qmgr[1098]: 4D00324592: from=<nwv_domain_user@northwestvideo.de>, size=1098, nrcpt=1 (queue active)
Jan 27 06:32:54 84310-27608 postfix/qmgr[1098]: B616421642: from=<nwv_domain_user@northwestvideo.de>, size=1115, nrcpt=1 (queue active)
Jan 27 06:32:54 84310-27608 postfix/qmgr[1098]: B66ED2456D: from=<nwv_domain_user@northwestvideo.de>, size=1108, nrcpt=1 (queue active)
Jan 27 06:32:54 84310-27608 postfix/qmgr[1098]: BB37C2453F: from=<nwv_domain_user@northwestvideo.de>, size=1084, nrcpt=1 (queue active)
Jan 27 06:32:54 84310-27608 postfix/qmgr[1098]: 1A6A3245A0: from=<nwv_domain_user@northwestvideo.de>, size=1104, nrcpt=1 (queue active)
Jan 27 06:32:54 84310-27608 postfix/qmgr[1098]: 1F0C12458E: from=<nwv_domain_user@northwestvideo.de>, size=1082, nrcpt=1 (queue active)
Jan 27 06:32:54 84310-27608 postfix/smtp[7269]: CCDEE24548: host mx-ha03.web.de[212.227.15.17] refused to talk to me: 554-web.de (mxweb012) Nemesis ESMTP Service not available 554-No SMTP service 554-Bad DNS PTR resource record. 554 For explanation visit https://web.de/email/senderguidelines?ip=176.31.211.60&c=rdns
Jan 27 06:32:54 84310-27608 postfix/smtp[7273]: 531382454C: host mx01.emig.gmx.net[212.227.17.5] refused to talk to me: 554-gmx.net (mxgmx117) Nemesis ESMTP Service not available 554-No SMTP service 554-Bad DNS PTR resource record. 554 For explanation visit https://www.gmx.net/mail/senderguidelines?ip=176.31.211.60&c=rdns
Jan 27 06:32:54 84310-27608 postfix/smtp[7272]: 36737245A4: host mx00.emig.gmx.net[212.227.15.9] refused to talk to me: 554-gmx.net (mxgmx015) Nemesis ESMTP Service not available 554-No SMTP service 554-Bad DNS PTR resource record. 554 For explanation visit https://www.gmx.net/mail/senderguidelines?ip=176.31.211.60&c=rdns
Jan 27 06:32:54 84310-27608 postfix/smtp[7271]: 3CDB2244D6: host mx01.emig.gmx.net[212.227.17.5] refused to talk to me: 554-gmx.net (mxgmx115) Nemesis ESMTP Service not available 554-No SMTP service 554-Bad DNS PTR resource record. 554 For explanation visit https://www.gmx.net/mail/senderguidelines?ip=176.31.211.60&c=rdns
Jan 27 06:32:54 84310-27608 postfix/smtp[7268]: 90D97244FE: host mx-ha02.web.de[212.227.17.8] refused to talk to me: 554-web.de (mxweb112) Nemesis ESMTP Service not available 554-No SMTP service 554-Bad DNS PTR resource record. 554 For explanation visit https://web.de/email/senderguidelines?ip=176.31.211.60&c=rdns
Jan 27 06:32:54 84310-27608 postfix/smtp[7274]: E789B2456B: host mx-ha02.web.de[212.227.17.8] refused to talk to me: 554-web.de (mxweb113) Nemesis ESMTP Service not available 554-No SMTP service 554-Bad DNS PTR resource record. 554 For explanation visit https://web.de/email/senderguidelines?ip=176.31.211.60&c=rdns
Jan 27 06:32:54 84310-27608 postfix/smtp[7276]: 0957724577: host mx01.emig.gmx.net[212.227.17.5] refused to talk to me: 554-gmx.net (mxgmx115) Nemesis ESMTP Service not available 554-No SMTP service 554-Bad DNS PTR resource record. 554 For explanation visit https://www.gmx.net/mail/senderguidelines?ip=176.31.211.60&c=rdns
Jan 27 06:32:54 84310-27608 postfix/smtp[7277]: 0EB1524573: host mx01.emig.gmx.net[212.227.17.5] refused to talk to me: 554-gmx.net (mxgmx116) Nemesis ESMTP Service not available 554-No SMTP service 554-Bad DNS PTR resource record. 554 For explanation visit https://www.gmx.net/mail/senderguidelines?ip=176.31.211.60&c=rdns
Jan 27 06:32:54 84310-27608 postfix/smtp[7269]: CCDEE24548: to=<yannick.wichelmann@web.de>, relay=mx-ha02.web.de[212.227.17.8]:25, delay=294345, delays=294345/0.01/0.09/0, dsn=4.0.0, status=deferred (host mx-ha02.web.de[212.227.17.8] refused to talk to me: 554-web.de (mxweb113) Nemesis ESMTP Service not available 554-No SMTP service 554-Bad DNS PTR resource record. 554 For explanation visit https://web.de/email/senderguidelines?ip=176.31.211.60&c=rdns)
Jan 27 06:32:54 84310-27608 postfix/smtp[7271]: 3CDB2244D6: to=<christiane-lars@gmx.de>, relay=mx00.emig.gmx.net[212.227.15.9]:25, delay=294345, delays=294345/0.02/0.09/0, dsn=4.0.0, status=deferred (host mx00.emig.gmx.net[212.227.15.9] refused to talk to me: 554-gmx.net (mxgmx016) Nemesis ESMTP Service not available 554-No SMTP service 554-Bad DNS PTR resource record. 554 For explanation visit https://www.gmx.net/mail/senderguidelines?ip=176.31.211.60&c=rdns)
Jan 27 06:32:54 84310-27608 postfix/smtp[7270]: C874224590: host mx-ha03.web.de[212.227.15.17] refused to talk to me: 554-web.de (mxweb011) Nemesis ESMTP Service not available 554-No SMTP service 554-Bad DNS PTR resource record. 554 For explanation visit https://web.de/email/senderguidelines?ip=176.31.211.60&c=rdns
Jan 27 06:32:54 84310-27608 postfix/smtp[7268]: 90D97244FE: to=<Julian.Trender@web.de>, relay=mx-ha03.web.de[212.227.15.17]:25, delay=294346, delays=294346/0.01/0.11/0, dsn=4.0.0, status=deferred (host mx-ha03.web.de[212.227.15.17] refused to talk to me: 554-web.de (mxweb012) Nemesis ESMTP Service not available 554-No SMTP service 554-Bad DNS PTR resource record. 554 For explanation visit https://web.de/email/senderguidelines?ip=176.31.211.60&c=rdns)
Jan 27 06:32:54 84310-27608 postfix/smtp[7278]: B616421642: host mx01.emig.gmx.net[212.227.17.5] refused to talk to me: 554-gmx.net (mxgmx114) Nemesis ESMTP Service not available 554-No SMTP service 554-Bad DNS PTR resource record. 554 For explanation visit https://www.gmx.net/mail/senderguidelines?ip=176.31.211.60&c=rdns
Jan 27 06:32:54 84310-27608 postfix/smtp[7272]: 36737245A4: to=<christiane-lars@gmx.de>, relay=mx01.emig.gmx.net[212.227.17.5]:25, delay=294310, delays=294310/0.02/0.09/0, dsn=4.0.0, status=deferred (host mx01.emig.gmx.net[212.227.17.5] refused to talk to me: 554-gmx.net (mxgmx117) Nemesis ESMTP Service not available 554-No SMTP service 554-Bad DNS PTR resource record. 554 For explanation visit https://www.gmx.net/mail/senderguidelines?ip=176.31.211.60&c=rdns)
Jan 27 06:32:54 84310-27608 postfix/smtp[7273]: 531382454C: to=<blue.thunder@gmx.de>, relay=mx00.emig.gmx.net[212.227.15.9]:25, delay=294345, delays=294345/0.03/0.09/0, dsn=4.0.0, status=deferred (host mx00.emig.gmx.net[212.227.15.9] refused to talk to me: 554-gmx.net (mxgmx017) Nemesis ESMTP Service not available 554-No SMTP service 554-Bad DNS PTR resource record. 554 For explanation visit https://www.gmx.net/mail/senderguidelines?ip=176.31.211.60&c=rdns)
Jan 27 06:32:54 84310-27608 postfix/smtp[7274]: E789B2456B: to=<knuddel-benjamin@web.de>, relay=mx-ha03.web.de[212.227.15.17]:25, delay=294345, delays=294345/0.03/0.09/0, dsn=4.0.0, status=deferred (host mx-ha03.web.de[212.227.15.17] refused to talk to me: 554-web.de (mxweb013) Nemesis ESMTP Service not available 554-No SMTP service 554-Bad DNS PTR resource record. 554 For explanation visit https://web.de/email/senderguidelines?ip=176.31.211.60&c=rdns)
Jan 27 06:32:54 84310-27608 postfix/error[7282]: 4850B24502: to=<m_otto2@gmx.de>, relay=none, delay=294345, delays=294345/0.12/0/0, dsn=4.0.0, status=deferred (delivery temporarily suspended: host mx00.emig.gmx.net[212.227.15.9] refused to talk to me: 554-gmx.net (mxgmx017) Nemesis ESMTP Service not available 554-No SMTP service 554-Bad DNS PTR resource record. 554 For explanation visit https://www.gmx.net/mail/senderguidelines?ip=176.31.211.60&c=rdns)
Jan 27 06:32:54 84310-27608 postfix/smtp[7275]: E26DA24506: host mx-ha03.web.de[212.227.15.17] refused to talk to me: 554-web.de (mxweb010) Nemesis ESMTP Service not available 554-No SMTP service 554-Bad DNS PTR resource record. 554 For explanation visit https://web.de/email/senderguidelines?ip=176.31.211.60&c=rdns
Jan 27 06:32:54 84310-27608 postfix/error[7282]: 42A9E245A6: to=<m_otto2@gmx.de>, relay=none, delay=294310, delays=294310/0.12/0/0, dsn=4.0.0, status=deferred (delivery temporarily suspended: host mx00.emig.gmx.net[212.227.15.9] refused to talk to me: 554-gmx.net (mxgmx017) Nemesis ESMTP Service not available 554-No SMTP service 554-Bad DNS PTR resource record. 554 For explanation visit https://www.gmx.net/mail/senderguidelines?ip=176.31.211.60&c=rdns)
Jan 27 06:32:54 84310-27608 postfix/error[7282]: 4D00324592: to=<blue.thunder@gmx.de>, relay=none, delay=294310, delays=294310/0.12/0/0, dsn=4.0.0, status=deferred (delivery temporarily suspended: host mx00.emig.gmx.net[212.227.15.9] refused to talk to me: 554-gmx.net (mxgmx017) Nemesis ESMTP Service not available 554-No SMTP service 554-Bad DNS PTR resource record. 554 For explanation visit https://www.gmx.net/mail/senderguidelines?ip=176.31.211.60&c=rdns)
Jan 27 06:32:54 84310-27608 postfix/smtp[7276]: 0957724577: to=<borni1925@gmx.de>, relay=mx00.emig.gmx.net[212.227.15.9]:25, delay=294310, delays=294310/0.04/0.08/0, dsn=4.0.0, status=deferred (host mx00.emig.gmx.net[212.227.15.9] refused to talk to me: 554-gmx.net (mxgmx001) Nemesis ESMTP Service not available 554-No SMTP service 554-Bad DNS PTR resource record. 554 For explanation visit https://www.gmx.net/mail/senderguidelines?ip=176.31.211.60&c=rdns)
Jan 27 06:32:54 84310-27608 postfix/error[7282]: D384524594: to=<aventiaexpress@web.de>, relay=none, delay=290356, delays=290356/0.12/0/0, dsn=4.0.0, status=deferred (delivery temporarily suspended: host mx-ha03.web.de[212.227.15.17] refused to talk to me: 554-web.de (mxweb013) Nemesis ESMTP Service not available 554-No SMTP service 554-Bad DNS PTR resource record. 554 For explanation visit https://web.de/email/senderguidelines?ip=176.31.211.60&c=rdns)
Jan 27 06:32:54 84310-27608 postfix/smtp[7277]: 0EB1524573: to=<borni1925@gmx.de>, relay=mx00.emig.gmx.net[212.227.15.9]:25, delay=294345, delays=294345/0.04/0.08/0, dsn=4.0.0, status=deferred (host mx00.emig.gmx.net[212.227.15.9] refused to talk to me: 554-gmx.net (mxgmx015) Nemesis ESMTP Service not available 554-No SMTP service 554-Bad DNS PTR resource record. 554 For explanation visit https://www.gmx.net/mail/senderguidelines?ip=176.31.211.60&c=rdns)
Jan 27 06:32:54 84310-27608 postfix/smtp[7270]: C874224590: to=<yannick.wichelmann@web.de>, relay=mx-ha02.web.de[212.227.17.8]:25, delay=294311, delays=294310/0.01/0.11/0, dsn=4.0.0, status=deferred (host mx-ha02.web.de[212.227.17.8] refused to talk to me: 554-web.de (mxweb112) Nemesis ESMTP Service not available 554-No SMTP service 554-Bad DNS PTR resource record. 554 For explanation visit https://web.de/email/senderguidelines?ip=176.31.211.60&c=rdns)
Jan 27 06:32:54 84310-27608 postfix/error[7284]: 60D5D24569: to=<wibklerfrohburg@web.de>, relay=none, delay=290395, delays=290395/0.13/0/0, dsn=4.0.0, status=deferred (delivery temporarily suspended: host mx-ha03.web.de[212.227.15.17] refused to talk to me: 554-web.de (mxweb013) Nemesis ESMTP Service not available 554-No SMTP service 554-Bad DNS PTR resource record. 554 For explanation visit https://web.de/email/senderguidelines?ip=176.31.211.60&c=rdns)
Jan 27 06:32:54 84310-27608 postfix/error[7284]: 1A6A3245A0: to=<winklerfrohburg@web.de>, relay=none, delay=294310, delays=294310/0.13/0/0, dsn=4.0.0, status=deferred (delivery temporarily suspended: host mx-ha03.web.de[212.227.15.17] refused to talk to me: 554-web.de (mxweb013) Nemesis ESMTP Service not available 554-No SMTP service 554-Bad DNS PTR resource record. 554 For explanation visit https://web.de/email/senderguidelines?ip=176.31.211.60&c=rdns)
Jan 27 06:32:54 84310-27608 postfix/error[7283]: 8283624546: to=<Julian.Trender@web.de>, relay=none, delay=294311, delays=294311/0.13/0/0, dsn=4.0.0, status=deferred (delivery temporarily suspended: host mx-ha03.web.de[212.227.15.17] refused to talk to me: 554-web.de (mxweb013) Nemesis ESMTP Service not available 554-No SMTP service 554-Bad DNS PTR resource record. 554 For explanation visit https://web.de/email/senderguidelines?ip=176.31.211.60&c=rdns)
Jan 27 06:32:54 84310-27608 postfix/error[7284]: 1F0C12458E: to=<winklerfrohburg@web.de>, relay=none, delay=294345, delays=294345/0.13/0/0, dsn=4.0.0, status=deferred (delivery temporarily suspended: host mx-ha03.web.de[212.227.15.17] refused to talk to me: 554-web.de (mxweb013) Nemesis ESMTP Service not available 554-No SMTP service 554-Bad DNS PTR resource record. 554 For explanation visit https://web.de/email/senderguidelines?ip=176.31.211.60&c=rdns)
Jan 27 06:32:54 84310-27608 postfix/error[7282]: 6524B21CD8: to=<tommilee19@web.de>, relay=none, delay=218826, delays=218826/0.13/0/0, dsn=4.0.0, status=deferred (delivery temporarily suspended: host mx-ha03.web.de[212.227.15.17] refused to talk to me: 554-web.de (mxweb013) Nemesis ESMTP Service not available 554-No SMTP service 554-Bad DNS PTR resource record. 554 For explanation visit https://web.de/email/senderguidelines?ip=176.31.211.60&c=rdns)
Jan 27 06:32:54 84310-27608 postfix/smtp[7279]: B66ED2456D: host mx02.t-online.de[194.25.134.9] refused to talk to me: 554 IP=176.31.211.60 - A problem occurred. (Ask your postmaster for help or to contact tosa@rx.t-online.de to clarify.) (BL)
Jan 27 06:32:54 84310-27608 postfix/smtp[7280]: BB37C2453F: host mx03.t-online.de[194.25.134.73] refused to talk to me: 554 IP=176.31.211.60 - A problem occurred. (Ask your postmaster for help or to contact tosa@rx.t-online.de to clarify.) (BL)
Jan 27 06:32:54 84310-27608 postfix/smtp[7278]: B616421642: to=<florianhoefinger@gmx.at>, relay=mx00.emig.gmx.net[212.227.15.9]:25, delay=202092, delays=202091/0.05/0.09/0, dsn=4.0.0, status=deferred (host mx00.emig.gmx.net[212.227.15.9] refused to talk to me: 554-gmx.net (mxgmx015) Nemesis ESMTP Service not available 554-No SMTP service 554-Bad DNS PTR resource record. 554 For explanation visit https://www.gmx.net/mail/senderguidelines?ip=176.31.211.60&c=rdns)
Jan 27 06:32:54 84310-27608 postfix/smtp[7275]: E26DA24506: to=<knuddel-benjamin@web.de>, relay=mx-ha02.web.de[212.227.17.8]:25, delay=294310, delays=294310/0.04/0.11/0, dsn=4.0.0, status=deferred (host mx-ha02.web.de[212.227.17.8] refused to talk to me: 554-web.de (mxweb112) Nemesis ESMTP Service not available 554-No SMTP service 554-Bad DNS PTR resource record. 554 For explanation visit https://web.de/email/senderguidelines?ip=176.31.211.60&c=rdns)
Jan 27 06:32:54 84310-27608 postfix/smtp[7279]: B66ED2456D: host mx00.t-online.de[194.25.134.8] refused to talk to me: 554 IP=176.31.211.60 - A problem occurred. (Ask your postmaster for help or to contact tosa@rx.t-online.de to clarify.) (BL)
Jan 27 06:32:54 84310-27608 postfix/smtp[7280]: BB37C2453F: host mx01.t-online.de[194.25.134.72] refused to talk to me: 554 IP=176.31.211.60 - A problem occurred. (Ask your postmaster for help or to contact tosa@rx.t-online.de to clarify.) (BL)
Jan 27 06:32:54 84310-27608 postfix/smtp[7279]: B66ED2456D: host mx01.t-online.de[194.25.134.72] refused to talk to me: 554 IP=176.31.211.60 - A problem occurred. (Ask your postmaster for help or to contact tosa@rx.t-online.de to clarify.) (BL)
Jan 27 06:32:54 84310-27608 postfix/smtp[7280]: BB37C2453F: host mx02.t-online.de[194.25.134.9] refused to talk to me: 554 IP=176.31.211.60 - A problem occurred. (Ask your postmaster for help or to contact tosa@rx.t-online.de to clarify.) (BL)
Jan 27 06:32:54 84310-27608 postfix/smtp[7279]: B66ED2456D: to=<hemi-michels@t-online.de>, relay=mx03.t-online.de[194.25.134.73]:25, delay=294311, delays=294310/0.05/0.14/0, dsn=4.0.0, status=deferred (host mx03.t-online.de[194.25.134.73] refused to talk to me: 554 IP=176.31.211.60 - A problem occurred. (Ask your postmaster for help or to contact tosa@rx.t-online.de to clarify.) (BL))
Jan 27 06:32:54 84310-27608 postfix/smtp[7280]: BB37C2453F: to=<hemi-michels@t-online.de>, relay=mx00.t-online.de[194.25.134.8]:25, delay=294346, delays=294345/0.05/0.13/0, dsn=4.0.0, status=deferred (host mx00.t-online.de[194.25.134.8] refused to talk to me: 554 IP=176.31.211.60 - A problem occurred. (Ask your postmaster for help or to contact tosa@rx.t-online.de to clarify.) (BL))
Jan 27 06:33:09 84310-27608 plesk_saslauthd[7262]: select timeout, exiting
Jan 27 06:35:01 84310-27608 CRON[7289]: (root) CMD ([ -x /opt/psa/admin/sbin/backupmng ] && /opt/psa/admin/sbin/backupmng >/dev/null 2>&1)
Jan 27 06:35:59 84310-27608 postfix/anvil[7261]: statistics: max connection rate 1/60s for (smtp:185.234.219.70) at Jan 27 06:32:38
Jan 27 06:35:59 84310-27608 postfix/anvil[7261]: statistics: max connection count 1 for (smtp:185.234.219.70) at Jan 27 06:32:38
Jan 27 06:35:59 84310-27608 postfix/anvil[7261]: statistics: max cache size 1 at Jan 27 06:32:38
Jan 27 06:36:01 84310-27608 CRON[7293]: (root) CMD (cd / && run-parts --report /etc/cron.hourly)
Jan 27 06:37:54 84310-27608 postfix/qmgr[1098]: C5FF623E89: from=<nwv_domain_user@northwestvideo.de>, size=1124, nrcpt=1 (queue active)
Jan 27 06:37:54 84310-27608 postfix/qmgr[1098]: 6F47720E82: from=<nwv_domain_user@northwestvideo.de>, size=1111, nrcpt=1 (queue active)
Jan 27 06:37:54 84310-27608 postfix/qmgr[1098]: 6A23E21D2E: from=<nwv_domain_user@northwestvideo.de>, size=1121, nrcpt=1 (queue active)
Jan 27 06:37:54 84310-27608 postfix/smtp[7314]: 6F47720E82: host mx00.emig.gmx.net[212.227.15.9] refused to talk to me: 554-gmx.net (mxgmx015) Nemesis ESMTP Service not available 554-No SMTP service 554-Bad DNS PTR resource record. 554 For explanation visit https://www.gmx.net/mail/senderguidelines?ip=176.31.211.60&c=rdns
Jan 27 06:37:54 84310-27608 postfix/smtp[7315]: 6A23E21D2E: host mx-ha02.web.de[212.227.17.8] refused to talk to me: 554-web.de (mxweb112) Nemesis ESMTP Service not available 554-No SMTP service 554-Bad DNS PTR resource record. 554 For explanation visit https://web.de/email/senderguidelines?ip=176.31.211.60&c=rdns
Jan 27 06:37:54 84310-27608 postfix/smtp[7314]: 6F47720E82: to=<christiane-lars@gmx.de>, relay=mx01.emig.gmx.net[212.227.17.5]:25, delay=307000, delays=307000/0.01/0.08/0, dsn=4.0.0, status=deferred (host mx01.emig.gmx.net[212.227.17.5] refused to talk to me: 554-gmx.net (mxgmx114) Nemesis ESMTP Service not available 554-No SMTP service 554-Bad DNS PTR resource record. 554 For explanation visit https://www.gmx.net/mail/senderguidelines?ip=176.31.211.60&c=rdns)
Jan 27 06:37:54 84310-27608 postfix/smtp[7315]: 6A23E21D2E: to=<michael-franzen@email.de>, relay=mx-ha03.web.de[212.227.15.17]:25, delay=210472, delays=210472/0.02/0.08/0, dsn=4.0.0, status=deferred (host mx-ha03.web.de[212.227.15.17] refused to talk to me: 554-web.de (mxweb011) Nemesis ESMTP Service not available 554-No SMTP service 554-Bad DNS PTR resource record. 554 For explanation visit https://web.de/email/senderguidelines?ip=176.31.211.60&c=rdns)
Jan 27 06:37:55 84310-27608 postfix/smtp[7313]: C5FF623E89: host gmail-smtp-in.l.google.com[66.102.1.26] said: 452-4.2.2 The email account that you tried to reach is over quota. Please direct 452-4.2.2 the recipient to 452 4.2.2  https://support.google.com/mail/?p=OverQuotaTemp r19si6355190wmg.208 - gsmtp (in reply to RCPT TO command)
Jan 27 06:38:03 84310-27608 postfix/smtpd[7317]: connect from unknown[94.102.57.241]
Jan 27 06:38:03 84310-27608 plesk_saslauthd[7320]: listen=6, status=5, dbpath='/plesk/passwd.db', keypath='/plesk/passwd_db_key', chroot=1, unprivileged=1
Jan 27 06:38:03 84310-27608 plesk_saslauthd[7320]: privileges set to (105:112) (effective 105:112)
Jan 27 06:38:03 84310-27608 plesk_saslauthd[7320]: No such user 'scanner@pph-server.de' in mail authorization database
Jan 27 06:38:03 84310-27608 plesk_saslauthd[7320]: failed mail authentication attempt for user 'scanner@pph-server.de' (password len=12)
Jan 27 06:38:03 84310-27608 postfix/smtpd[7317]: warning: unknown[94.102.57.241]: SASL LOGIN authentication failed: authentication failure
Jan 27 06:38:03 84310-27608 postfix/smtpd[7317]: disconnect from unknown[94.102.57.241]
Jan 27 06:38:25 84310-27608 postfix/smtp[7313]: connect to gmail-smtp-in.l.google.com[2a00:1450:400c:c06::1b]:25: Connection timed out
Jan 27 06:38:25 84310-27608 postfix/smtp[7313]: C5FF623E89: to=<peterwitterwowo@gmail.com>, relay=alt1.gmail-smtp-in.l.google.com[209.85.233.26]:25, delay=63473, delays=63442/0.01/31/0.22, dsn=4.2.2, status=deferred (host alt1.gmail-smtp-in.l.google.com[209.85.233.26] said: 452-4.2.2 The email account that you tried to reach is over quota. Please direct 452-4.2.2 the recipient to 452 4.2.2  https://support.google.com/mail/?p=OverQuotaTemp u17si6563912lji.181 - gsmtp (in reply to RCPT TO command))
Jan 27 06:38:33 84310-27608 plesk_saslauthd[7320]: select timeout, exiting
Jan 27 06:40:01 84310-27608 CRON[7325]: (psaadm) CMD (/opt/psa/admin/bin/php -dauto_prepend_file=sdk.php '/opt/psa/admin/plib/modules/revisium-antivirus/scripts/ra_executor_run.php')
Jan 27 06:41:23 84310-27608 postfix/anvil[7319]: statistics: max connection rate 1/60s for (smtp:94.102.57.241) at Jan 27 06:38:03
Jan 27 06:41:23 84310-27608 postfix/anvil[7319]: statistics: max connection count 1 for (smtp:94.102.57.241) at Jan 27 06:38:03
Jan 27 06:41:23 84310-27608 postfix/anvil[7319]: statistics: max cache size 1 at Jan 27 06:38:03
Jan 27 06:42:54 84310-27608 postfix/qmgr[1098]: 92275214CB: from=<nwv_domain_user@northwestvideo.de>, size=1106, nrcpt=1 (queue active)
Jan 27 06:42:54 84310-27608 postfix/qmgr[1098]: CA33521579: from=<nwv_domain_user@northwestvideo.de>, size=1116, nrcpt=1 (queue active)
Jan 27 06:42:54 84310-27608 postfix/qmgr[1098]: 6084A21E35: from=<nwv_domain_user@northwestvideo.de>, size=1112, nrcpt=1 (queue active)
Jan 27 06:42:54 84310-27608 postfix/qmgr[1098]: 4C0B623E94: from=<nwv_domain_user@northwestvideo.de>, size=1116, nrcpt=1 (queue active)
Jan 27 06:42:54 84310-27608 postfix/qmgr[1098]: 113BB23E92: from=<nwv_domain_user@northwestvideo.de>, size=1100, nrcpt=1 (queue active)
Jan 27 06:42:54 84310-27608 postfix/smtp[7401]: 92275214CB: host mx00.emig.gmx.net[212.227.15.9] refused to talk to me: 554-gmx.net (mxgmx015) Nemesis ESMTP Service not available 554-No SMTP service 554-Bad DNS PTR resource record. 554 For explanation visit https://www.gmx.net/mail/senderguidelines?ip=176.31.211.60&c=rdns
Jan 27 06:42:54 84310-27608 postfix/smtp[7404]: 4C0B623E94: host mx-ha03.web.de[212.227.15.17] refused to talk to me: 554-web.de (mxweb012) Nemesis ESMTP Service not available 554-No SMTP service 554-Bad DNS PTR resource record. 554 For explanation visit https://web.de/email/senderguidelines?ip=176.31.211.60&c=rdns
Jan 27 06:42:54 84310-27608 postfix/smtp[7402]: CA33521579: host mx-ha03.web.de[212.227.15.17] refused to talk to me: 554-web.de (mxweb011) Nemesis ESMTP Service not available 554-No SMTP service 554-Bad DNS PTR resource record. 554 For explanation visit https://web.de/email/senderguidelines?ip=176.31.211.60&c=rdns
Jan 27 06:42:54 84310-27608 postfix/smtp[7403]: 6084A21E35: host mx00.t-online.de[194.25.134.8] refused to talk to me: 554 IP=176.31.211.60 - A problem occurred. (Ask your postmaster for help or to contact tosa@rx.t-online.de to clarify.) (BL)
Jan 27 06:42:54 84310-27608 postfix/smtp[7401]: 92275214CB: to=<bennet.stock@gmx.net>, relay=mx01.emig.gmx.net[212.227.17.5]:25, delay=227311, delays=227310/0.01/0.09/0, dsn=4.0.0, status=deferred (host mx01.emig.gmx.net[212.227.17.5] refused to talk to me: 554-gmx.net (mxgmx114) Nemesis ESMTP Service not available 554-No SMTP service 554-Bad DNS PTR resource record. 554 For explanation visit https://www.gmx.net/mail/senderguidelines?ip=176.31.211.60&c=rdns)
Jan 27 06:42:54 84310-27608 postfix/smtp[7405]: 113BB23E92: host mx-ha02.web.de[212.227.17.8] refused to talk to me: 554-web.de (mxweb111) Nemesis ESMTP Service not available 554-No SMTP service 554-Bad DNS PTR resource record. 554 For explanation visit https://web.de/email/senderguidelines?ip=176.31.211.60&c=rdns
Jan 27 06:42:54 84310-27608 postfix/smtp[7403]: 6084A21E35: host mx01.t-online.de[194.25.134.72] refused to talk to me: 554 IP=176.31.211.60 - A problem occurred. (Ask your postmaster for help or to contact tosa@rx.t-online.de to clarify.) (BL)
Jan 27 06:42:54 84310-27608 postfix/smtp[7402]: CA33521579: to=<Niklas.Doll-work@web.de>, relay=mx-ha02.web.de[212.227.17.8]:25, delay=227284, delays=227284/0.01/0.11/0, dsn=4.0.0, status=deferred (host mx-ha02.web.de[212.227.17.8] refused to talk to me: 554-web.de (mxweb113) Nemesis ESMTP Service not available 554-No SMTP service 554-Bad DNS PTR resource record. 554 For explanation visit https://web.de/email/senderguidelines?ip=176.31.211.60&c=rdns)
Jan 27 06:42:54 84310-27608 postfix/smtp[7404]: 4C0B623E94: to=<steven-hattersheim@web.de>, relay=mx-ha02.web.de[212.227.17.8]:25, delay=29923, delays=29923/0.01/0.11/0, dsn=4.0.0, status=deferred (host mx-ha02.web.de[212.227.17.8] refused to talk to me: 554-web.de (mxweb110) Nemesis ESMTP Service not available 554-No SMTP service 554-Bad DNS PTR resource record. 554 For explanation visit https://web.de/email/senderguidelines?ip=176.31.211.60&c=rdns)
Jan 27 06:42:54 84310-27608 postfix/smtp[7405]: 113BB23E92: to=<Renault520@web.de>, relay=mx-ha03.web.de[212.227.15.17]:25, delay=42583, delays=42583/0.02/0.11/0, dsn=4.0.0, status=deferred (host mx-ha03.web.de[212.227.15.17] refused to talk to me: 554-web.de (mxweb012) Nemesis ESMTP Service not available 554-No SMTP service 554-Bad DNS PTR resource record. 554 For explanation visit https://web.de/email/senderguidelines?ip=176.31.211.60&c=rdns)
