Jan 27 03:47:54 84310-27608 postfix/smtp[5391]: 9C46323E8E: to=<dermanu33@gmx.de>, relay=mx01.emig.gmx.net[212.227.17.5]:25, delay=42572, delays=42572/0.01/0.08/0, dsn=4.0.0, status=deferred (host mx01.emig.gmx.net[212.227.17.5] refused to talk to me: 554-gmx.net (mxgmx116) Nemesis ESMTP Service not available 554-No SMTP service 554-Bad DNS PTR resource record. 554 For explanation visit https://www.gmx.net/mail/senderguidelines?ip=176.31.211.60&c=rdns)
Jan 27 03:47:54 84310-27608 postfix/smtp[5394]: 72E3320FC0: host mx-ha02.web.de[212.227.17.8] refused to talk to me: 554-web.de (mxweb113) Nemesis ESMTP Service not available 554-No SMTP service 554-Bad DNS PTR resource record. 554 For explanation visit https://web.de/email/senderguidelines?ip=176.31.211.60&c=rdns
Jan 27 03:47:54 84310-27608 postfix/smtp[5392]: CE82B24596: to=<marcel-schoenitz@gmx.de>, relay=mx01.emig.gmx.net[212.227.17.5]:25, delay=273520, delays=273519/0.01/0.09/0, dsn=4.0.0, status=deferred (host mx01.emig.gmx.net[212.227.17.5] refused to talk to me: 554-gmx.net (mxgmx116) Nemesis ESMTP Service not available 554-No SMTP service 554-Bad DNS PTR resource record. 554 For explanation visit https://www.gmx.net/mail/senderguidelines?ip=176.31.211.60&c=rdns)
Jan 27 03:47:54 84310-27608 postfix/smtp[5395]: F3F6E214A4: to=<baumanns97@web.de>, relay=mx-ha03.web.de[212.227.15.17]:25, delay=134849, delays=134849/0.02/0.09/0, dsn=4.0.0, status=deferred (host mx-ha03.web.de[212.227.15.17] refused to talk to me: 554-web.de (mxweb011) Nemesis ESMTP Service not available 554-No SMTP service 554-Bad DNS PTR resource record. 554 For explanation visit https://web.de/email/senderguidelines?ip=176.31.211.60&c=rdns)
Jan 27 03:47:54 84310-27608 postfix/smtp[5393]: D00C821CD4: to=<tommilee19@web.de>, relay=mx-ha03.web.de[212.227.15.17]:25, delay=210305, delays=210304/0.01/0.1/0, dsn=4.0.0, status=deferred (host mx-ha03.web.de[212.227.15.17] refused to talk to me: 554-web.de (mxweb013) Nemesis ESMTP Service not available 554-No SMTP service 554-Bad DNS PTR resource record. 554 For explanation visit https://web.de/email/senderguidelines?ip=176.31.211.60&c=rdns)
Jan 27 03:47:54 84310-27608 postfix/smtp[5394]: 72E3320FC0: to=<Maxtrain2.0@web.de>, relay=mx-ha03.web.de[212.227.15.17]:25, delay=147351, delays=147351/0.02/0.1/0, dsn=4.0.0, status=deferred (host mx-ha03.web.de[212.227.15.17] refused to talk to me: 554-web.de (mxweb011) Nemesis ESMTP Service not available 554-No SMTP service 554-Bad DNS PTR resource record. 554 For explanation visit https://web.de/email/senderguidelines?ip=176.31.211.60&c=rdns)
Jan 27 03:48:41 84310-27608 postfix/anvil[5382]: statistics: max connection rate 1/60s for (smtp:185.234.219.70) at Jan 27 03:45:20
Jan 27 03:48:41 84310-27608 postfix/anvil[5382]: statistics: max connection count 1 for (smtp:185.234.219.70) at Jan 27 03:45:20
Jan 27 03:48:41 84310-27608 postfix/anvil[5382]: statistics: max cache size 1 at Jan 27 03:45:20
Jan 27 03:50:01 84310-27608 CRON[5404]: (root) CMD ([ -x /opt/psa/admin/sbin/backupmng ] && /opt/psa/admin/sbin/backupmng >/dev/null 2>&1)
Jan 27 03:52:54 84310-27608 postfix/qmgr[1098]: C21FC20AAC: from=<nwv_domain_user@northwestvideo.de>, size=1100, nrcpt=1 (queue active)
Jan 27 03:52:54 84310-27608 postfix/smtp[5410]: C21FC20AAC: host mx-ha02.web.de[212.227.17.8] refused to talk to me: 554-web.de (mxweb113) Nemesis ESMTP Service not available 554-No SMTP service 554-Bad DNS PTR resource record. 554 For explanation visit https://web.de/email/senderguidelines?ip=176.31.211.60&c=rdns
Jan 27 03:52:54 84310-27608 postfix/smtp[5410]: C21FC20AAC: to=<saufi02@web.de>, relay=mx-ha03.web.de[212.227.15.17]:25, delay=168326, delays=168326/0.01/0.09/0, dsn=4.0.0, status=deferred (host mx-ha03.web.de[212.227.15.17] refused to talk to me: 554-web.de (mxweb011) Nemesis ESMTP Service not available 554-No SMTP service 554-Bad DNS PTR resource record. 554 For explanation visit https://web.de/email/senderguidelines?ip=176.31.211.60&c=rdns)
Jan 27 03:55:01 84310-27608 CRON[5420]: (psaadm) CMD (/opt/psa/admin/bin/php -dauto_prepend_file=sdk.php '/opt/psa/admin/plib/modules/revisium-antivirus/scripts/ra_executor_run.php')
Jan 27 03:57:54 84310-27608 postfix/qmgr[1098]: EA36F21D59: from=<nwv_domain_user@northwestvideo.de>, size=1097, nrcpt=1 (queue active)
Jan 27 03:57:54 84310-27608 postfix/qmgr[1098]: 8276B24500: from=<nwv_domain_user@northwestvideo.de>, size=1113, nrcpt=1 (queue active)
Jan 27 03:57:54 84310-27608 postfix/qmgr[1098]: 8EC6D21CE4: from=<nwv_domain_user@northwestvideo.de>, size=1094, nrcpt=1 (queue active)
Jan 27 03:57:54 84310-27608 postfix/qmgr[1098]: 4322821CE2: from=<nwv_domain_user@northwestvideo.de>, size=1130, nrcpt=1 (queue active)
Jan 27 03:57:54 84310-27608 postfix/smtp[5456]: 8EC6D21CE4: host mx00.emig.gmx.net[212.227.15.9] refused to talk to me: 554-gmx.net (mxgmx016) Nemesis ESMTP Service not available 554-No SMTP service 554-Bad DNS PTR resource record. 554 For explanation visit https://www.gmx.net/mail/senderguidelines?ip=176.31.211.60&c=rdns
Jan 27 03:57:54 84310-27608 postfix/smtp[5454]: EA36F21D59: host mx00.emig.gmx.net[212.227.15.9] refused to talk to me: 554-gmx.net (mxgmx015) Nemesis ESMTP Service not available 554-No SMTP service 554-Bad DNS PTR resource record. 554 For explanation visit https://www.gmx.net/mail/senderguidelines?ip=176.31.211.60&c=rdns
Jan 27 03:57:54 84310-27608 postfix/smtp[5455]: 8276B24500: host mx-ha02.web.de[212.227.17.8] refused to talk to me: 554-web.de (mxweb110) Nemesis ESMTP Service not available 554-No SMTP service 554-Bad DNS PTR resource record. 554 For explanation visit https://web.de/email/senderguidelines?ip=176.31.211.60&c=rdns
Jan 27 03:57:54 84310-27608 postfix/smtp[5456]: 8EC6D21CE4: to=<ricp10@gmx.de>, relay=mx01.emig.gmx.net[212.227.17.5]:25, delay=113918, delays=113918/0.01/0.08/0, dsn=4.0.0, status=deferred (host mx01.emig.gmx.net[212.227.17.5] refused to talk to me: 554-gmx.net (mxgmx117) Nemesis ESMTP Service not available 554-No SMTP service 554-Bad DNS PTR resource record. 554 For explanation visit https://www.gmx.net/mail/senderguidelines?ip=176.31.211.60&c=rdns)
Jan 27 03:57:54 84310-27608 postfix/smtp[5454]: EA36F21D59: to=<ich_vip@gmx.de>, relay=mx01.emig.gmx.net[212.227.17.5]:25, delay=197908, delays=197908/0.01/0.09/0, dsn=4.0.0, status=deferred (host mx01.emig.gmx.net[212.227.17.5] refused to talk to me: 554-gmx.net (mxgmx116) Nemesis ESMTP Service not available 554-No SMTP service 554-Bad DNS PTR resource record. 554 For explanation visit https://www.gmx.net/mail/senderguidelines?ip=176.31.211.60&c=rdns)
Jan 27 03:57:54 84310-27608 postfix/smtp[5457]: 4322821CE2: host mx-ha02.web.de[212.227.17.8] refused to talk to me: 554-web.de (mxweb111) Nemesis ESMTP Service not available 554-No SMTP service 554-Bad DNS PTR resource record. 554 For explanation visit https://web.de/email/senderguidelines?ip=176.31.211.60&c=rdns
Jan 27 03:57:54 84310-27608 postfix/smtp[5455]: 8276B24500: to=<wibklerfrohburg@web.de>, relay=mx-ha03.web.de[212.227.15.17]:25, delay=281734, delays=281734/0.01/0.09/0, dsn=4.0.0, status=deferred (host mx-ha03.web.de[212.227.15.17] refused to talk to me: 554-web.de (mxweb013) Nemesis ESMTP Service not available 554-No SMTP service 554-Bad DNS PTR resource record. 554 For explanation visit https://web.de/email/senderguidelines?ip=176.31.211.60&c=rdns)
Jan 27 03:57:54 84310-27608 postfix/smtp[5457]: 4322821CE2: to=<gartenpflege.brinkmann@web.de>, relay=mx-ha03.web.de[212.227.15.17]:25, delay=113951, delays=113951/0.02/0.11/0, dsn=4.0.0, status=deferred (host mx-ha03.web.de[212.227.15.17] refused to talk to me: 554-web.de (mxweb012) Nemesis ESMTP Service not available 554-No SMTP service 554-Bad DNS PTR resource record. 554 For explanation visit https://web.de/email/senderguidelines?ip=176.31.211.60&c=rdns)
Jan 27 04:00:06 84310-27608 systemd[1]: getty@tty2.service has no holdoff time, scheduling restart.
Jan 27 04:00:06 84310-27608 systemd[1]: console-getty.service has no holdoff time, scheduling restart.
Jan 27 04:00:06 84310-27608 systemd[1]: Stopping Console Getty...
Jan 27 04:00:06 84310-27608 systemd[1]: Starting Console Getty...
Jan 27 04:00:06 84310-27608 systemd[1]: Started Console Getty.
Jan 27 04:00:06 84310-27608 systemd[1]: Stopping Getty on tty2...
Jan 27 04:00:06 84310-27608 systemd[1]: Starting Getty on tty2...
Jan 27 04:00:06 84310-27608 systemd[1]: Started Getty on tty2.
Jan 27 04:02:08 84310-27608 postfix/smtpd[5477]: connect from unknown[185.234.219.70]
Jan 27 04:02:08 84310-27608 plesk_saslauthd[5480]: listen=6, status=5, dbpath='/plesk/passwd.db', keypath='/plesk/passwd_db_key', chroot=1, unprivileged=1
Jan 27 04:02:08 84310-27608 plesk_saslauthd[5480]: privileges set to (105:112) (effective 105:112)
Jan 27 04:02:08 84310-27608 plesk_saslauthd[5480]: failed mail authentication attempt for user 'scan' (password len=6)
Jan 27 04:02:08 84310-27608 postfix/smtpd[5477]: warning: unknown[185.234.219.70]: SASL LOGIN authentication failed: authentication failure
Jan 27 04:02:08 84310-27608 postfix/smtpd[5477]: lost connection after AUTH from unknown[185.234.219.70]
Jan 27 04:02:08 84310-27608 postfix/smtpd[5477]: disconnect from unknown[185.234.219.70]
Jan 27 04:02:38 84310-27608 plesk_saslauthd[5480]: select timeout, exiting
Jan 27 04:02:54 84310-27608 postfix/qmgr[1098]: 998FA21CD6: from=<nwv_domain_user@northwestvideo.de>, size=1098, nrcpt=1 (queue active)
Jan 27 04:02:54 84310-27608 postfix/qmgr[1098]: 3CEAD21D1A: from=<nwv_domain_user@northwestvideo.de>, size=1130, nrcpt=1 (queue active)
Jan 27 04:02:54 84310-27608 postfix/qmgr[1098]: F412B23E65: from=<nwv_domain_user@northwestvideo.de>, size=1114, nrcpt=1 (queue active)
Jan 27 04:02:54 84310-27608 postfix/smtp[5482]: 998FA21CD6: host mx-ha02.web.de[212.227.17.8] refused to talk to me: 554-web.de (mxweb110) Nemesis ESMTP Service not available 554-No SMTP service 554-Bad DNS PTR resource record. 554 For explanation visit https://web.de/email/senderguidelines?ip=176.31.211.60&c=rdns
Jan 27 04:02:54 84310-27608 postfix/smtp[5484]: F412B23E65: host mx-ha03.web.de[212.227.15.17] refused to talk to me: 554-web.de (mxweb013) Nemesis ESMTP Service not available 554-No SMTP service 554-Bad DNS PTR resource record. 554 For explanation visit https://web.de/email/senderguidelines?ip=176.31.211.60&c=rdns
Jan 27 04:02:54 84310-27608 postfix/smtp[5483]: 3CEAD21D1A: host mx-ha02.web.de[212.227.17.8] refused to talk to me: 554-web.de (mxweb111) Nemesis ESMTP Service not available 554-No SMTP service 554-Bad DNS PTR resource record. 554 For explanation visit https://web.de/email/senderguidelines?ip=176.31.211.60&c=rdns
Jan 27 04:02:54 84310-27608 postfix/smtp[5482]: 998FA21CD6: to=<Boti2502@web.de>, relay=mx-ha03.web.de[212.227.15.17]:25, delay=210531, delays=210531/0.01/0.09/0, dsn=4.0.0, status=deferred (host mx-ha03.web.de[212.227.15.17] refused to talk to me: 554-web.de (mxweb011) Nemesis ESMTP Service not available 554-No SMTP service 554-Bad DNS PTR resource record. 554 For explanation visit https://web.de/email/senderguidelines?ip=176.31.211.60&c=rdns)
Jan 27 04:02:54 84310-27608 postfix/smtp[5484]: F412B23E65: to=<thorsten.49835@web.de>, relay=mx-ha02.web.de[212.227.17.8]:25, delay=105328, delays=105328/0.01/0.08/0, dsn=4.0.0, status=deferred (host mx-ha02.web.de[212.227.17.8] refused to talk to me: 554-web.de (mxweb110) Nemesis ESMTP Service not available 554-No SMTP service 554-Bad DNS PTR resource record. 554 For explanation visit https://web.de/email/senderguidelines?ip=176.31.211.60&c=rdns)
Jan 27 04:02:54 84310-27608 postfix/smtp[5483]: 3CEAD21D1A: to=<gartenpflege.brinkmann@web.de>, relay=mx-ha03.web.de[212.227.15.17]:25, delay=113789, delays=113788/0.01/0.09/0, dsn=4.0.0, status=deferred (host mx-ha03.web.de[212.227.15.17] refused to talk to me: 554-web.de (mxweb013) Nemesis ESMTP Service not available 554-No SMTP service 554-Bad DNS PTR resource record. 554 For explanation visit https://web.de/email/senderguidelines?ip=176.31.211.60&c=rdns)
Jan 27 04:03:54 84310-27608 postfix/smtpd[5495]: connect from unknown[103.7.10.131]
Jan 27 04:03:55 84310-27608 plesk_saslauthd[5497]: listen=6, status=5, dbpath='/plesk/passwd.db', keypath='/plesk/passwd_db_key', chroot=1, unprivileged=1
Jan 27 04:03:55 84310-27608 plesk_saslauthd[5497]: privileges set to (105:112) (effective 105:112)
Jan 27 04:03:55 84310-27608 plesk_saslauthd[5497]: No such user 'customer@pph-server.de' in mail authorization database
Jan 27 04:03:55 84310-27608 plesk_saslauthd[5497]: failed mail authentication attempt for user 'customer@pph-server.de' (password len=13)
Jan 27 04:03:55 84310-27608 postfix/smtpd[5495]: warning: unknown[103.7.10.131]: SASL LOGIN authentication failed: authentication failure
Jan 27 04:03:55 84310-27608 postfix/smtpd[5495]: disconnect from unknown[103.7.10.131]
Jan 27 04:04:25 84310-27608 plesk_saslauthd[5497]: select timeout, exiting
Jan 27 04:05:01 84310-27608 CRON[5499]: (root) CMD ([ -x /opt/psa/admin/sbin/backupmng ] && /opt/psa/admin/sbin/backupmng >/dev/null 2>&1)
Jan 27 04:06:01 84310-27608 CRON[5503]: (psaadm) CMD (/opt/psa/admin/bin/php -dauto_prepend_file=sdk.php '/opt/psa/admin/plib/modules/wp-toolkit/scripts/maintenance.php')
Jan 27 04:06:02 84310-27608 crontab[5543]: (root) LIST (psaadm)
Jan 27 04:07:16 84310-27608 postfix/anvil[5479]: statistics: max connection rate 1/60s for (smtp:185.234.219.70) at Jan 27 04:02:08
Jan 27 04:07:16 84310-27608 postfix/anvil[5479]: statistics: max connection count 1 for (smtp:185.234.219.70) at Jan 27 04:02:08
Jan 27 04:07:16 84310-27608 postfix/anvil[5479]: statistics: max cache size 1 at Jan 27 04:02:08
Jan 27 04:07:54 84310-27608 postfix/qmgr[1098]: 1009020F0E: from=<nwv_domain_user@northwestvideo.de>, size=1093, nrcpt=1 (queue active)
Jan 27 04:07:54 84310-27608 postfix/qmgr[1098]: 10B6B20FC2: from=<nwv_domain_user@northwestvideo.de>, size=1114, nrcpt=1 (queue active)
Jan 27 04:07:54 84310-27608 postfix/smtp[5549]: 1009020F0E: host mx00.emig.gmx.net[212.227.15.9] refused to talk to me: 554-gmx.net (mxgmx016) Nemesis ESMTP Service not available 554-No SMTP service 554-Bad DNS PTR resource record. 554 For explanation visit https://www.gmx.net/mail/senderguidelines?ip=176.31.211.60&c=rdns
Jan 27 04:07:54 84310-27608 postfix/smtp[5550]: 10B6B20FC2: host mx-ha03.web.de[212.227.15.17] refused to talk to me: 554-web.de (mxweb010) Nemesis ESMTP Service not available 554-No SMTP service 554-Bad DNS PTR resource record. 554 For explanation visit https://web.de/email/senderguidelines?ip=176.31.211.60&c=rdns
Jan 27 04:07:54 84310-27608 postfix/smtp[5549]: 1009020F0E: to=<m_otto2@gmx.de>, relay=mx01.emig.gmx.net[212.227.17.5]:25, delay=294445, delays=294445/0.01/0.09/0, dsn=4.0.0, status=deferred (host mx01.emig.gmx.net[212.227.17.5] refused to talk to me: 554-gmx.net (mxgmx117) Nemesis ESMTP Service not available 554-No SMTP service 554-Bad DNS PTR resource record. 554 For explanation visit https://www.gmx.net/mail/senderguidelines?ip=176.31.211.60&c=rdns)
Jan 27 04:07:54 84310-27608 postfix/smtp[5550]: 10B6B20FC2: to=<teichler.patrick@web.de>, relay=mx-ha02.web.de[212.227.17.8]:25, delay=138982, delays=138982/0.01/0.1/0, dsn=4.0.0, status=deferred (host mx-ha02.web.de[212.227.17.8] refused to talk to me: 554-web.de (mxweb110) Nemesis ESMTP Service not available 554-No SMTP service 554-Bad DNS PTR resource record. 554 For explanation visit https://web.de/email/senderguidelines?ip=176.31.211.60&c=rdns)
Jan 27 04:10:01 84310-27608 CRON[5566]: (psaadm) CMD (/opt/psa/admin/bin/php -dauto_prepend_file=sdk.php '/opt/psa/admin/plib/modules/revisium-antivirus/scripts/ra_executor_run.php')
Jan 27 04:10:58 84310-27608 named[295]: client 74.82.47.18#49955 (dnsscan.shadowserver.org): query (cache) 'dnsscan.shadowserver.org/A/IN' denied
Jan 27 04:12:01 84310-27608 CRON[5605]: (psaadm) CMD (/opt/psa/admin/bin/php -dauto_prepend_file=sdk.php '/opt/psa/admin/plib/modules/letsencrypt/scripts/keep-secured.php')
Jan 27 04:12:54 84310-27608 postfix/qmgr[1098]: 90D97244FE: from=<nwv_domain_user@northwestvideo.de>, size=1081, nrcpt=1 (queue active)
Jan 27 04:12:54 84310-27608 postfix/qmgr[1098]: CCDEE24548: from=<nwv_domain_user@northwestvideo.de>, size=1085, nrcpt=1 (queue active)
Jan 27 04:12:54 84310-27608 postfix/qmgr[1098]: C874224590: from=<nwv_domain_user@northwestvideo.de>, size=1110, nrcpt=1 (queue active)
Jan 27 04:12:54 84310-27608 postfix/qmgr[1098]: 3CDB2244D6: from=<nwv_domain_user@northwestvideo.de>, size=1082, nrcpt=1 (queue active)
Jan 27 04:12:54 84310-27608 postfix/qmgr[1098]: 36737245A4: from=<nwv_domain_user@northwestvideo.de>, size=1104, nrcpt=1 (queue active)
Jan 27 04:12:54 84310-27608 postfix/qmgr[1098]: 531382454C: from=<nwv_domain_user@northwestvideo.de>, size=1079, nrcpt=1 (queue active)
Jan 27 04:12:54 84310-27608 postfix/qmgr[1098]: E789B2456B: from=<nwv_domain_user@northwestvideo.de>, size=1083, nrcpt=1 (queue active)
Jan 27 04:12:54 84310-27608 postfix/qmgr[1098]: E26DA24506: from=<nwv_domain_user@northwestvideo.de>, size=1106, nrcpt=1 (queue active)
Jan 27 04:12:54 84310-27608 postfix/qmgr[1098]: 0957724577: from=<nwv_domain_user@northwestvideo.de>, size=1092, nrcpt=1 (queue active)
Jan 27 04:12:54 84310-27608 postfix/qmgr[1098]: 0EB1524573: from=<nwv_domain_user@northwestvideo.de>, size=1076, nrcpt=1 (queue active)
Jan 27 04:12:54 84310-27608 postfix/qmgr[1098]: D384524594: from=<nwv_domain_user@northwestvideo.de>, size=1102, nrcpt=1 (queue active)
Jan 27 04:12:54 84310-27608 postfix/qmgr[1098]: 8283624546: from=<nwv_domain_user@northwestvideo.de>, size=1102, nrcpt=1 (queue active)
Jan 27 04:12:54 84310-27608 postfix/qmgr[1098]: 60D5D24569: from=<nwv_domain_user@northwestvideo.de>, size=1104, nrcpt=1 (queue active)
Jan 27 04:12:54 84310-27608 postfix/qmgr[1098]: 6524B21CD8: from=<nwv_domain_user@northwestvideo.de>, size=1094, nrcpt=1 (queue active)
Jan 27 04:12:54 84310-27608 postfix/qmgr[1098]: 4850B24502: from=<nwv_domain_user@northwestvideo.de>, size=1074, nrcpt=1 (queue active)
Jan 27 04:12:54 84310-27608 postfix/qmgr[1098]: 42A9E245A6: from=<nwv_domain_user@northwestvideo.de>, size=1088, nrcpt=1 (queue active)
Jan 27 04:12:54 84310-27608 postfix/qmgr[1098]: 4D00324592: from=<nwv_domain_user@northwestvideo.de>, size=1098, nrcpt=1 (queue active)
Jan 27 04:12:54 84310-27608 postfix/qmgr[1098]: B616421642: from=<nwv_domain_user@northwestvideo.de>, size=1115, nrcpt=1 (queue active)
Jan 27 04:12:54 84310-27608 postfix/qmgr[1098]: B66ED2456D: from=<nwv_domain_user@northwestvideo.de>, size=1108, nrcpt=1 (queue active)
Jan 27 04:12:54 84310-27608 postfix/qmgr[1098]: BB37C2453F: from=<nwv_domain_user@northwestvideo.de>, size=1084, nrcpt=1 (queue active)
Jan 27 04:12:54 84310-27608 postfix/qmgr[1098]: 1A6A3245A0: from=<nwv_domain_user@northwestvideo.de>, size=1104, nrcpt=1 (queue active)
Jan 27 04:12:54 84310-27608 postfix/qmgr[1098]: 1F0C12458E: from=<nwv_domain_user@northwestvideo.de>, size=1082, nrcpt=1 (queue active)
Jan 27 04:12:54 84310-27608 postfix/smtp[5615]: CCDEE24548: host mx-ha03.web.de[212.227.15.17] refused to talk to me: 554-web.de (mxweb011) Nemesis ESMTP Service not available 554-No SMTP service 554-Bad DNS PTR resource record. 554 For explanation visit https://web.de/email/senderguidelines?ip=176.31.211.60&c=rdns
Jan 27 04:12:54 84310-27608 postfix/smtp[5617]: 3CDB2244D6: host mx01.emig.gmx.net[212.227.17.5] refused to talk to me: 554-gmx.net (mxgmx117) Nemesis ESMTP Service not available 554-No SMTP service 554-Bad DNS PTR resource record. 554 For explanation visit https://www.gmx.net/mail/senderguidelines?ip=176.31.211.60&c=rdns
Jan 27 04:12:54 84310-27608 postfix/smtp[5616]: C874224590: host mx-ha02.web.de[212.227.17.8] refused to talk to me: 554-web.de (mxweb110) Nemesis ESMTP Service not available 554-No SMTP service 554-Bad DNS PTR resource record. 554 For explanation visit https://web.de/email/senderguidelines?ip=176.31.211.60&c=rdns
Jan 27 04:12:54 84310-27608 postfix/smtp[5614]: 90D97244FE: host mx-ha03.web.de[212.227.15.17] refused to talk to me: 554-web.de (mxweb010) Nemesis ESMTP Service not available 554-No SMTP service 554-Bad DNS PTR resource record. 554 For explanation visit https://web.de/email/senderguidelines?ip=176.31.211.60&c=rdns
Jan 27 04:12:54 84310-27608 postfix/smtp[5618]: 36737245A4: host mx01.emig.gmx.net[212.227.17.5] refused to talk to me: 554-gmx.net (mxgmx117) Nemesis ESMTP Service not available 554-No SMTP service 554-Bad DNS PTR resource record. 554 For explanation visit https://www.gmx.net/mail/senderguidelines?ip=176.31.211.60&c=rdns
Jan 27 04:12:54 84310-27608 postfix/smtp[5615]: CCDEE24548: to=<yannick.wichelmann@web.de>, relay=mx-ha02.web.de[212.227.17.8]:25, delay=285946, delays=285946/0.01/0.08/0, dsn=4.0.0, status=deferred (host mx-ha02.web.de[212.227.17.8] refused to talk to me: 554-web.de (mxweb113) Nemesis ESMTP Service not available 554-No SMTP service 554-Bad DNS PTR resource record. 554 For explanation visit https://web.de/email/senderguidelines?ip=176.31.211.60&c=rdns)
Jan 27 04:12:54 84310-27608 postfix/smtp[5616]: C874224590: to=<yannick.wichelmann@web.de>, relay=mx-ha03.web.de[212.227.15.17]:25, delay=285911, delays=285911/0.01/0.08/0, dsn=4.0.0, status=deferred (host mx-ha03.web.de[212.227.15.17] refused to talk to me: 554-web.de (mxweb010) Nemesis ESMTP Service not available 554-No SMTP service 554-Bad DNS PTR resource record. 554 For explanation visit https://web.de/email/senderguidelines?ip=176.31.211.60&c=rdns)
Jan 27 04:12:54 84310-27608 postfix/smtp[5622]: 0957724577: host mx00.emig.gmx.net[212.227.15.9] refused to talk to me: 554-gmx.net (mxgmx015) Nemesis ESMTP Service not available 554-No SMTP service 554-Bad DNS PTR resource record. 554 For explanation visit https://www.gmx.net/mail/senderguidelines?ip=176.31.211.60&c=rdns
Jan 27 04:12:54 84310-27608 postfix/smtp[5617]: 3CDB2244D6: to=<christiane-lars@gmx.de>, relay=mx00.emig.gmx.net[212.227.15.9]:25, delay=285945, delays=285945/0.02/0.08/0, dsn=4.0.0, status=deferred (host mx00.emig.gmx.net[212.227.15.9] refused to talk to me: 554-gmx.net (mxgmx001) Nemesis ESMTP Service not available 554-No SMTP service 554-Bad DNS PTR resource record. 554 For explanation visit https://www.gmx.net/mail/senderguidelines?ip=176.31.211.60&c=rdns)
Jan 27 04:12:54 84310-27608 postfix/smtp[5620]: E789B2456B: host mx-ha02.web.de[212.227.17.8] refused to talk to me: 554-web.de (mxweb112) Nemesis ESMTP Service not available 554-No SMTP service 554-Bad DNS PTR resource record. 554 For explanation visit https://web.de/email/senderguidelines?ip=176.31.211.60&c=rdns
Jan 27 04:12:54 84310-27608 postfix/smtp[5621]: E26DA24506: host mx-ha03.web.de[212.227.15.17] refused to talk to me: 554-web.de (mxweb012) Nemesis ESMTP Service not available 554-No SMTP service 554-Bad DNS PTR resource record. 554 For explanation visit https://web.de/email/senderguidelines?ip=176.31.211.60&c=rdns
Jan 27 04:12:54 84310-27608 postfix/smtp[5614]: 90D97244FE: to=<Julian.Trender@web.de>, relay=mx-ha02.web.de[212.227.17.8]:25, delay=285946, delays=285946/0.01/0.09/0, dsn=4.0.0, status=deferred (host mx-ha02.web.de[212.227.17.8] refused to talk to me: 554-web.de (mxweb111) Nemesis ESMTP Service not available 554-No SMTP service 554-Bad DNS PTR resource record. 554 For explanation visit https://web.de/email/senderguidelines?ip=176.31.211.60&c=rdns)
Jan 27 04:12:54 84310-27608 postfix/smtp[5619]: 531382454C: host mx00.emig.gmx.net[212.227.15.9] refused to talk to me: 554-gmx.net (mxgmx016) Nemesis ESMTP Service not available 554-No SMTP service 554-Bad DNS PTR resource record. 554 For explanation visit https://www.gmx.net/mail/senderguidelines?ip=176.31.211.60&c=rdns
Jan 27 04:12:54 84310-27608 postfix/error[5629]: D384524594: to=<aventiaexpress@web.de>, relay=none, delay=281957, delays=281957/0.1/0/0, dsn=4.0.0, status=deferred (delivery temporarily suspended: host mx-ha02.web.de[212.227.17.8] refused to talk to me: 554-web.de (mxweb111) Nemesis ESMTP Service not available 554-No SMTP service 554-Bad DNS PTR resource record. 554 For explanation visit https://web.de/email/senderguidelines?ip=176.31.211.60&c=rdns)
Jan 27 04:12:54 84310-27608 postfix/error[5629]: 8283624546: to=<Julian.Trender@web.de>, relay=none, delay=285911, delays=285911/0.1/0/0, dsn=4.0.0, status=deferred (delivery temporarily suspended: host mx-ha02.web.de[212.227.17.8] refused to talk to me: 554-web.de (mxweb111) Nemesis ESMTP Service not available 554-No SMTP service 554-Bad DNS PTR resource record. 554 For explanation visit https://web.de/email/senderguidelines?ip=176.31.211.60&c=rdns)
Jan 27 04:12:54 84310-27608 postfix/error[5629]: 60D5D24569: to=<wibklerfrohburg@web.de>, relay=none, delay=281995, delays=281995/0.1/0/0, dsn=4.0.0, status=deferred (delivery temporarily suspended: host mx-ha02.web.de[212.227.17.8] refused to talk to me: 554-web.de (mxweb111) Nemesis ESMTP Service not available 554-No SMTP service 554-Bad DNS PTR resource record. 554 For explanation visit https://web.de/email/senderguidelines?ip=176.31.211.60&c=rdns)
Jan 27 04:12:54 84310-27608 postfix/error[5629]: 6524B21CD8: to=<tommilee19@web.de>, relay=none, delay=210426, delays=210426/0.1/0/0, dsn=4.0.0, status=deferred (delivery temporarily suspended: host mx-ha02.web.de[212.227.17.8] refused to talk to me: 554-web.de (mxweb111) Nemesis ESMTP Service not available 554-No SMTP service 554-Bad DNS PTR resource record. 554 For explanation visit https://web.de/email/senderguidelines?ip=176.31.211.60&c=rdns)
Jan 27 04:12:54 84310-27608 postfix/error[5629]: 1A6A3245A0: to=<winklerfrohburg@web.de>, relay=none, delay=285911, delays=285910/0.1/0/0, dsn=4.0.0, status=deferred (delivery temporarily suspended: host mx-ha02.web.de[212.227.17.8] refused to talk to me: 554-web.de (mxweb111) Nemesis ESMTP Service not available 554-No SMTP service 554-Bad DNS PTR resource record. 554 For explanation visit https://web.de/email/senderguidelines?ip=176.31.211.60&c=rdns)
Jan 27 04:12:54 84310-27608 postfix/error[5630]: 1F0C12458E: to=<winklerfrohburg@web.de>, relay=none, delay=285946, delays=285945/0.1/0/0, dsn=4.0.0, status=deferred (delivery temporarily suspended: host mx-ha02.web.de[212.227.17.8] refused to talk to me: 554-web.de (mxweb111) Nemesis ESMTP Service not available 554-No SMTP service 554-Bad DNS PTR resource record. 554 For explanation visit https://web.de/email/senderguidelines?ip=176.31.211.60&c=rdns)
Jan 27 04:12:54 84310-27608 postfix/smtp[5618]: 36737245A4: to=<christiane-lars@gmx.de>, relay=mx00.emig.gmx.net[212.227.15.9]:25, delay=285910, delays=285910/0.02/0.09/0, dsn=4.0.0, status=deferred (host mx00.emig.gmx.net[212.227.15.9] refused to talk to me: 554-gmx.net (mxgmx014) Nemesis ESMTP Service not available 554-No SMTP service 554-Bad DNS PTR resource record. 554 For explanation visit https://www.gmx.net/mail/senderguidelines?ip=176.31.211.60&c=rdns)
Jan 27 04:12:54 84310-27608 postfix/smtp[5623]: 0EB1524573: host mx01.emig.gmx.net[212.227.17.5] refused to talk to me: 554-gmx.net (mxgmx115) Nemesis ESMTP Service not available 554-No SMTP service 554-Bad DNS PTR resource record. 554 For explanation visit https://www.gmx.net/mail/senderguidelines?ip=176.31.211.60&c=rdns
Jan 27 04:12:54 84310-27608 postfix/smtp[5624]: B616421642: host mx00.emig.gmx.net[212.227.15.9] refused to talk to me: 554-gmx.net (mxgmx015) Nemesis ESMTP Service not available 554-No SMTP service 554-Bad DNS PTR resource record. 554 For explanation visit https://www.gmx.net/mail/senderguidelines?ip=176.31.211.60&c=rdns
Jan 27 04:12:54 84310-27608 postfix/smtp[5622]: 0957724577: to=<borni1925@gmx.de>, relay=mx01.emig.gmx.net[212.227.17.5]:25, delay=285911, delays=285911/0.04/0.07/0, dsn=4.0.0, status=deferred (host mx01.emig.gmx.net[212.227.17.5] refused to talk to me: 554-gmx.net (mxgmx114) Nemesis ESMTP Service not available 554-No SMTP service 554-Bad DNS PTR resource record. 554 For explanation visit https://www.gmx.net/mail/senderguidelines?ip=176.31.211.60&c=rdns)
Jan 27 04:12:54 84310-27608 postfix/error[5630]: 4850B24502: to=<m_otto2@gmx.de>, relay=none, delay=285945, delays=285945/0.11/0/0, dsn=4.0.0, status=deferred (delivery temporarily suspended: host mx01.emig.gmx.net[212.227.17.5] refused to talk to me: 554-gmx.net (mxgmx114) Nemesis ESMTP Service not available 554-No SMTP service 554-Bad DNS PTR resource record. 554 For explanation visit https://www.gmx.net/mail/senderguidelines?ip=176.31.211.60&c=rdns)
Jan 27 04:12:54 84310-27608 postfix/error[5629]: 42A9E245A6: to=<m_otto2@gmx.de>, relay=none, delay=285910, delays=285910/0.11/0/0, dsn=4.0.0, status=deferred (delivery temporarily suspended: host mx01.emig.gmx.net[212.227.17.5] refused to talk to me: 554-gmx.net (mxgmx114) Nemesis ESMTP Service not available 554-No SMTP service 554-Bad DNS PTR resource record. 554 For explanation visit https://www.gmx.net/mail/senderguidelines?ip=176.31.211.60&c=rdns)
Jan 27 04:12:54 84310-27608 postfix/error[5629]: 4D00324592: to=<blue.thunder@gmx.de>, relay=none, delay=285910, delays=285910/0.11/0/0, dsn=4.0.0, status=deferred (delivery temporarily suspended: host mx01.emig.gmx.net[212.227.17.5] refused to talk to me: 554-gmx.net (mxgmx114) Nemesis ESMTP Service not available 554-No SMTP service 554-Bad DNS PTR resource record. 554 For explanation visit https://www.gmx.net/mail/senderguidelines?ip=176.31.211.60&c=rdns)
Jan 27 04:12:54 84310-27608 postfix/smtp[5620]: E789B2456B: to=<knuddel-benjamin@web.de>, relay=mx-ha03.web.de[212.227.15.17]:25, delay=285946, delays=285946/0.03/0.09/0, dsn=4.0.0, status=deferred (host mx-ha03.web.de[212.227.15.17] refused to talk to me: 554-web.de (mxweb010) Nemesis ESMTP Service not available 554-No SMTP service 554-Bad DNS PTR resource record. 554 For explanation visit https://web.de/email/senderguidelines?ip=176.31.211.60&c=rdns)
Jan 27 04:12:54 84310-27608 postfix/smtp[5621]: E26DA24506: to=<knuddel-benjamin@web.de>, relay=mx-ha02.web.de[212.227.17.8]:25, delay=285911, delays=285911/0.03/0.09/0, dsn=4.0.0, status=deferred (host mx-ha02.web.de[212.227.17.8] refused to talk to me: 554-web.de (mxweb110) Nemesis ESMTP Service not available 554-No SMTP service 554-Bad DNS PTR resource record. 554 For explanation visit https://web.de/email/senderguidelines?ip=176.31.211.60&c=rdns)
Jan 27 04:12:54 84310-27608 postfix/smtp[5619]: 531382454C: to=<blue.thunder@gmx.de>, relay=mx01.emig.gmx.net[212.227.17.5]:25, delay=285945, delays=285945/0.02/0.1/0, dsn=4.0.0, status=deferred (host mx01.emig.gmx.net[212.227.17.5] refused to talk to me: 554-gmx.net (mxgmx114) Nemesis ESMTP Service not available 554-No SMTP service 554-Bad DNS PTR resource record. 554 For explanation visit https://www.gmx.net/mail/senderguidelines?ip=176.31.211.60&c=rdns)
Jan 27 04:12:54 84310-27608 postfix/smtp[5623]: 0EB1524573: to=<borni1925@gmx.de>, relay=mx00.emig.gmx.net[212.227.15.9]:25, delay=285946, delays=285946/0.04/0.09/0, dsn=4.0.0, status=deferred (host mx00.emig.gmx.net[212.227.15.9] refused to talk to me: 554-gmx.net (mxgmx015) Nemesis ESMTP Service not available 554-No SMTP service 554-Bad DNS PTR resource record. 554 For explanation visit https://www.gmx.net/mail/senderguidelines?ip=176.31.211.60&c=rdns)
Jan 27 04:12:54 84310-27608 postfix/smtp[5624]: B616421642: to=<florianhoefinger@gmx.at>, relay=mx01.emig.gmx.net[212.227.17.5]:25, delay=193692, delays=193692/0.05/0.09/0, dsn=4.0.0, status=deferred (host mx01.emig.gmx.net[212.227.17.5] refused to talk to me: 554-gmx.net (mxgmx116) Nemesis ESMTP Service not available 554-No SMTP service 554-Bad DNS PTR resource record. 554 For explanation visit https://www.gmx.net/mail/senderguidelines?ip=176.31.211.60&c=rdns)
Jan 27 04:12:54 84310-27608 postfix/smtp[5625]: B66ED2456D: host mx01.t-online.de[194.25.134.72] refused to talk to me: 554 IP=176.31.211.60 - A problem occurred. (Ask your postmaster for help or to contact tosa@rx.t-online.de to clarify.) (BL)
Jan 27 04:12:54 84310-27608 postfix/smtp[5626]: BB37C2453F: host mx01.t-online.de[194.25.134.72] refused to talk to me: 554 IP=176.31.211.60 - A problem occurred. (Ask your postmaster for help or to contact tosa@rx.t-online.de to clarify.) (BL)
Jan 27 04:12:54 84310-27608 postfix/smtp[5625]: B66ED2456D: host mx03.t-online.de[194.25.134.73] refused to talk to me: 554 IP=176.31.211.60 - A problem occurred. (Ask your postmaster for help or to contact tosa@rx.t-online.de to clarify.) (BL)
Jan 27 04:12:54 84310-27608 postfix/smtp[5626]: BB37C2453F: host mx00.t-online.de[194.25.134.8] refused to talk to me: 554 IP=176.31.211.60 - A problem occurred. (Ask your postmaster for help or to contact tosa@rx.t-online.de to clarify.) (BL)
Jan 27 04:12:54 84310-27608 postfix/smtp[5625]: B66ED2456D: host mx00.t-online.de[194.25.134.8] refused to talk to me: 554 IP=176.31.211.60 - A problem occurred. (Ask your postmaster for help or to contact tosa@rx.t-online.de to clarify.) (BL)
Jan 27 04:12:54 84310-27608 postfix/smtp[5626]: BB37C2453F: host mx02.t-online.de[194.25.134.9] refused to talk to me: 554 IP=176.31.211.60 - A problem occurred. (Ask your postmaster for help or to contact tosa@rx.t-online.de to clarify.) (BL)
Jan 27 04:12:54 84310-27608 postfix/smtp[5625]: B66ED2456D: to=<hemi-michels@t-online.de>, relay=mx02.t-online.de[194.25.134.9]:25, delay=285911, delays=285911/0.05/0.14/0, dsn=4.0.0, status=deferred (host mx02.t-online.de[194.25.134.9] refused to talk to me: 554 IP=176.31.211.60 - A problem occurred. (Ask your postmaster for help or to contact tosa@rx.t-online.de to clarify.) (BL))
Jan 27 04:12:54 84310-27608 postfix/smtp[5626]: BB37C2453F: to=<hemi-michels@t-online.de>, relay=mx03.t-online.de[194.25.134.73]:25, delay=285946, delays=285946/0.06/0.15/0, dsn=4.0.0, status=deferred (host mx03.t-online.de[194.25.134.73] refused to talk to me: 554 IP=176.31.211.60 - A problem occurred. (Ask your postmaster for help or to contact tosa@rx.t-online.de to clarify.) (BL))
Jan 27 04:17:54 84310-27608 postfix/qmgr[1098]: C5FF623E89: from=<nwv_domain_user@northwestvideo.de>, size=1124, nrcpt=1 (queue active)
Jan 27 04:17:54 84310-27608 postfix/qmgr[1098]: 6F47720E82: from=<nwv_domain_user@northwestvideo.de>, size=1111, nrcpt=1 (queue active)
Jan 27 04:17:54 84310-27608 postfix/qmgr[1098]: 6A23E21D2E: from=<nwv_domain_user@northwestvideo.de>, size=1121, nrcpt=1 (queue active)
Jan 27 04:17:54 84310-27608 postfix/smtp[5642]: 6F47720E82: host mx01.emig.gmx.net[212.227.17.5] refused to talk to me: 554-gmx.net (mxgmx116) Nemesis ESMTP Service not available 554-No SMTP service 554-Bad DNS PTR resource record. 554 For explanation visit https://www.gmx.net/mail/senderguidelines?ip=176.31.211.60&c=rdns
Jan 27 04:17:54 84310-27608 postfix/smtp[5643]: 6A23E21D2E: host mx-ha02.web.de[212.227.17.8] refused to talk to me: 554-web.de (mxweb110) Nemesis ESMTP Service not available 554-No SMTP service 554-Bad DNS PTR resource record. 554 For explanation visit https://web.de/email/senderguidelines?ip=176.31.211.60&c=rdns
Jan 27 04:17:54 84310-27608 postfix/smtp[5642]: 6F47720E82: to=<christiane-lars@gmx.de>, relay=mx00.emig.gmx.net[212.227.15.9]:25, delay=298600, delays=298600/0.01/0.08/0, dsn=4.0.0, status=deferred (host mx00.emig.gmx.net[212.227.15.9] refused to talk to me: 554-gmx.net (mxgmx014) Nemesis ESMTP Service not available 554-No SMTP service 554-Bad DNS PTR resource record. 554 For explanation visit https://www.gmx.net/mail/senderguidelines?ip=176.31.211.60&c=rdns)
Jan 27 04:17:54 84310-27608 postfix/smtp[5643]: 6A23E21D2E: to=<michael-franzen@email.de>, relay=mx-ha03.web.de[212.227.15.17]:25, delay=202072, delays=202072/0.01/0.09/0, dsn=4.0.0, status=deferred (host mx-ha03.web.de[212.227.15.17] refused to talk to me: 554-web.de (mxweb012) Nemesis ESMTP Service not available 554-No SMTP service 554-Bad DNS PTR resource record. 554 For explanation visit https://web.de/email/senderguidelines?ip=176.31.211.60&c=rdns)
Jan 27 04:17:54 84310-27608 postfix/smtp[5641]: C5FF623E89: host gmail-smtp-in.l.google.com[66.102.1.26] said: 452-4.2.2 The email account that you tried to reach is over quota. Please direct 452-4.2.2 the recipient to 452 4.2.2  https://support.google.com/mail/?p=OverQuotaTemp w16si11213432wrs.390 - gsmtp (in reply to RCPT TO command)
Jan 27 04:18:24 84310-27608 postfix/smtp[5641]: connect to gmail-smtp-in.l.google.com[2a00:1450:400c:c06::1a]:25: Connection timed out
Jan 27 04:18:25 84310-27608 postfix/smtp[5641]: C5FF623E89: to=<peterwitterwowo@gmail.com>, relay=alt1.gmail-smtp-in.l.google.com[209.85.233.27]:25, delay=55073, delays=55041/0.01/31/0.19, dsn=4.2.2, status=deferred (host alt1.gmail-smtp-in.l.google.com[209.85.233.27] said: 452-4.2.2 The email account that you tried to reach is over quota. Please direct 452-4.2.2 the recipient to 452 4.2.2  https://support.google.com/mail/?p=OverQuotaTemp b6si6466502ljo.302 - gsmtp (in reply to RCPT TO command))
Jan 27 04:18:40 84310-27608 postfix/smtpd[5650]: connect from unknown[94.102.57.241]
Jan 27 04:18:40 84310-27608 plesk_saslauthd[5653]: listen=6, status=5, dbpath='/plesk/passwd.db', keypath='/plesk/passwd_db_key', chroot=1, unprivileged=1
Jan 27 04:18:40 84310-27608 plesk_saslauthd[5653]: privileges set to (105:112) (effective 105:112)
Jan 27 04:18:40 84310-27608 plesk_saslauthd[5653]: No such user 'reception@pph-server.de' in mail authorization database
Jan 27 04:18:40 84310-27608 plesk_saslauthd[5653]: failed mail authentication attempt for user 'reception@pph-server.de' (password len=13)
Jan 27 04:18:40 84310-27608 postfix/smtpd[5650]: warning: unknown[94.102.57.241]: SASL LOGIN authentication failed: authentication failure
Jan 27 04:18:40 84310-27608 postfix/smtpd[5650]: disconnect from unknown[94.102.57.241]
Jan 27 04:18:48 84310-27608 postfix/smtpd[5650]: connect from unknown[185.234.219.70]
Jan 27 04:18:48 84310-27608 plesk_saslauthd[5653]: failed mail authentication attempt for user 'aa' (password len=6)
Jan 27 04:18:48 84310-27608 postfix/smtpd[5650]: warning: unknown[185.234.219.70]: SASL LOGIN authentication failed: authentication failure
Jan 27 04:18:48 84310-27608 postfix/smtpd[5650]: lost connection after AUTH from unknown[185.234.219.70]
Jan 27 04:18:48 84310-27608 postfix/smtpd[5650]: disconnect from unknown[185.234.219.70]
Jan 27 04:19:18 84310-27608 plesk_saslauthd[5653]: select timeout, exiting
Jan 27 04:20:01 84310-27608 CRON[5656]: (psaadm) CMD (/opt/psa/admin/bin/php -dauto_prepend_file=sdk.php '/opt/psa/admin/plib/modules/sslit/scripts/keep-secured.php')
Jan 27 04:20:01 84310-27608 CRON[5657]: (root) CMD ([ -x /opt/psa/admin/sbin/backupmng ] && /opt/psa/admin/sbin/backupmng >/dev/null 2>&1)
Jan 27 04:22:08 84310-27608 postfix/anvil[5652]: statistics: max connection rate 1/60s for (smtp:94.102.57.241) at Jan 27 04:18:40
Jan 27 04:22:08 84310-27608 postfix/anvil[5652]: statistics: max connection count 1 for (smtp:94.102.57.241) at Jan 27 04:18:40
Jan 27 04:22:08 84310-27608 postfix/anvil[5652]: statistics: max cache size 2 at Jan 27 04:18:48
Jan 27 04:22:54 84310-27608 postfix/qmgr[1098]: 92275214CB: from=<nwv_domain_user@northwestvideo.de>, size=1106, nrcpt=1 (queue active)
Jan 27 04:22:54 84310-27608 postfix/qmgr[1098]: CA33521579: from=<nwv_domain_user@northwestvideo.de>, size=1116, nrcpt=1 (queue active)
Jan 27 04:22:54 84310-27608 postfix/qmgr[1098]: 6084A21E35: from=<nwv_domain_user@northwestvideo.de>, size=1112, nrcpt=1 (queue active)
Jan 27 04:22:54 84310-27608 postfix/qmgr[1098]: 4C0B623E94: from=<nwv_domain_user@northwestvideo.de>, size=1116, nrcpt=1 (queue active)
Jan 27 04:22:54 84310-27608 postfix/qmgr[1098]: 113BB23E92: from=<nwv_domain_user@northwestvideo.de>, size=1100, nrcpt=1 (queue active)
Jan 27 04:22:54 84310-27608 postfix/smtp[5717]: CA33521579: host mx-ha02.web.de[212.227.17.8] refused to talk to me: 554-web.de (mxweb110) Nemesis ESMTP Service not available 554-No SMTP service 554-Bad DNS PTR resource record. 554 For explanation visit https://web.de/email/senderguidelines?ip=176.31.211.60&c=rdns
Jan 27 04:22:54 84310-27608 postfix/smtp[5716]: 92275214CB: host mx01.emig.gmx.net[212.227.17.5] refused to talk to me: 554-gmx.net (mxgmx117) Nemesis ESMTP Service not available 554-No SMTP service 554-Bad DNS PTR resource record. 554 For explanation visit https://www.gmx.net/mail/senderguidelines?ip=176.31.211.60&c=rdns
Jan 27 04:22:54 84310-27608 postfix/smtp[5720]: 113BB23E92: host mx-ha02.web.de[212.227.17.8] refused to talk to me: 554-web.de (mxweb113) Nemesis ESMTP Service not available 554-No SMTP service 554-Bad DNS PTR resource record. 554 For explanation visit https://web.de/email/senderguidelines?ip=176.31.211.60&c=rdns
Jan 27 04:22:54 84310-27608 postfix/smtp[5719]: 4C0B623E94: host mx-ha02.web.de[212.227.17.8] refused to talk to me: 554-web.de (mxweb111) Nemesis ESMTP Service not available 554-No SMTP service 554-Bad DNS PTR resource record. 554 For explanation visit https://web.de/email/senderguidelines?ip=176.31.211.60&c=rdns
Jan 27 04:22:54 84310-27608 postfix/smtp[5718]: 6084A21E35: host mx03.t-online.de[194.25.134.73] refused to talk to me: 554 IP=176.31.211.60 - A problem occurred. (Ask your postmaster for help or to contact tosa@rx.t-online.de to clarify.) (BL)
Jan 27 04:22:54 84310-27608 postfix/smtp[5717]: CA33521579: to=<Niklas.Doll-work@web.de>, relay=mx-ha03.web.de[212.227.15.17]:25, delay=218885, delays=218885/0.01/0.09/0, dsn=4.0.0, status=deferred (host mx-ha03.web.de[212.227.15.17] refused to talk to me: 554-web.de (mxweb011) Nemesis ESMTP Service not available 554-No SMTP service 554-Bad DNS PTR resource record. 554 For explanation visit https://web.de/email/senderguidelines?ip=176.31.211.60&c=rdns)
Jan 27 04:22:54 84310-27608 postfix/smtp[5716]: 92275214CB: to=<bennet.stock@gmx.net>, relay=mx00.emig.gmx.net[212.227.15.9]:25, delay=218911, delays=218911/0.01/0.1/0, dsn=4.0.0, status=deferred (host mx00.emig.gmx.net[212.227.15.9] refused to talk to me: 554-gmx.net (mxgmx017) Nemesis ESMTP Service not available 554-No SMTP service 554-Bad DNS PTR resource record. 554 For explanation visit https://www.gmx.net/mail/senderguidelines?ip=176.31.211.60&c=rdns)
Jan 27 04:22:54 84310-27608 postfix/smtp[5720]: 113BB23E92: to=<Renault520@web.de>, relay=mx-ha03.web.de[212.227.15.17]:25, delay=34184, delays=34184/0.02/0.08/0, dsn=4.0.0, status=deferred (host mx-ha03.web.de[212.227.15.17] refused to talk to me: 554-web.de (mxweb013) Nemesis ESMTP Service not available 554-No SMTP service 554-Bad DNS PTR resource record. 554 For explanation visit https://web.de/email/senderguidelines?ip=176.31.211.60&c=rdns)
Jan 27 04:22:54 84310-27608 postfix/smtp[5718]: 6084A21E35: host mx00.t-online.de[194.25.134.8] refused to talk to me: 554 IP=176.31.211.60 - A problem occurred. (Ask your postmaster for help or to contact tosa@rx.t-online.de to clarify.) (BL)
Jan 27 04:22:54 84310-27608 postfix/smtp[5719]: 4C0B623E94: to=<steven-hattersheim@web.de>, relay=mx-ha03.web.de[212.227.15.17]:25, delay=21524, delays=21523/0.02/0.1/0, dsn=4.0.0, status=deferred (host mx-ha03.web.de[212.227.15.17] refused to talk to me: 554-web.de (mxweb010) Nemesis ESMTP Service not available 554-No SMTP service 554-Bad DNS PTR resource record. 554 For explanation visit https://web.de/email/senderguidelines?ip=176.31.211.60&c=rdns)
Jan 27 04:22:54 84310-27608 postfix/smtp[5718]: 6084A21E35: host mx01.t-online.de[194.25.134.72] refused to talk to me: 554 IP=176.31.211.60 - A problem occurred. (Ask your postmaster for help or to contact tosa@rx.t-online.de to clarify.) (BL)
Jan 27 04:22:54 84310-27608 postfix/smtp[5718]: 6084A21E35: to=<Nicolas001@t-online.de>, relay=mx02.t-online.de[194.25.134.9]:25, delay=193557, delays=193556/0.01/0.14/0, dsn=4.0.0, status=deferred (host mx02.t-online.de[194.25.134.9] refused to talk to me: 554 IP=176.31.211.60 - A problem occurred. (Ask your postmaster for help or to contact tosa@rx.t-online.de to clarify.) (BL))
Jan 27 04:25:01 84310-27608 CRON[5727]: (psaadm) CMD (/opt/psa/admin/bin/php -dauto_prepend_file=sdk.php '/opt/psa/admin/plib/modules/revisium-antivirus/scripts/ra_executor_run.php')
Jan 27 04:27:54 84310-27608 postfix/qmgr[1098]: 96964245AD: from=<nwv_domain_user@northwestvideo.de>, size=1106, nrcpt=1 (queue active)
Jan 27 04:27:54 84310-27608 postfix/qmgr[1098]: C09CD245A8: from=<nwv_domain_user@northwestvideo.de>, size=1092, nrcpt=1 (queue active)
Jan 27 04:27:54 84310-27608 postfix/qmgr[1098]: 5FF8024598: from=<nwv_domain_user@northwestvideo.de>, size=1108, nrcpt=1 (queue active)
Jan 27 04:27:54 84310-27608 postfix/qmgr[1098]: 2876B24571: from=<nwv_domain_user@northwestvideo.de>, size=1102, nrcpt=1 (queue active)
Jan 27 04:27:54 84310-27608 postfix/qmgr[1098]: 07E8C245AF: from=<nwv_domain_user@northwestvideo.de>, size=1104, nrcpt=1 (queue active)
Jan 27 04:27:54 84310-27608 postfix/qmgr[1098]: DC78C245B1: from=<nwv_domain_user@northwestvideo.de>, size=1104, nrcpt=1 (queue active)
Jan 27 04:27:54 84310-27608 postfix/qmgr[1098]: 609B5214D8: from=<nwv_domain_user@northwestvideo.de>, size=1112, nrcpt=1 (queue active)
Jan 27 04:27:54 84310-27608 postfix/qmgr[1098]: 73A74245A2: from=<nwv_domain_user@northwestvideo.de>, size=1110, nrcpt=1 (queue active)
Jan 27 04:27:54 84310-27608 postfix/qmgr[1098]: 13240245B6: from=<nwv_domain_user@northwestvideo.de>, size=1088, nrcpt=1 (queue active)
Jan 27 04:27:54 84310-27608 postfix/qmgr[1098]: 1F0AF2459E: from=<nwv_domain_user@northwestvideo.de>, size=1098, nrcpt=1 (queue active)
Jan 27 04:27:54 84310-27608 postfix/smtp[5760]: 96964245AD: host mx-ha03.web.de[212.227.15.17] refused to talk to me: 554-web.de (mxweb011) Nemesis ESMTP Service not available 554-No SMTP service 554-Bad DNS PTR resource record. 554 For explanation visit https://web.de/email/senderguidelines?ip=176.31.211.60&c=rdns
Jan 27 04:27:54 84310-27608 postfix/smtp[5761]: C09CD245A8: host mx00.emig.gmx.net[212.227.15.9] refused to talk to me: 554-gmx.net (mxgmx016) Nemesis ESMTP Service not available 554-No SMTP service 554-Bad DNS PTR resource record. 554 For explanation visit https://www.gmx.net/mail/senderguidelines?ip=176.31.211.60&c=rdns
Jan 27 04:27:54 84310-27608 postfix/smtp[5765]: DC78C245B1: host mx-ha02.web.de[212.227.17.8] refused to talk to me: 554-web.de (mxweb112) Nemesis ESMTP Service not available 554-No SMTP service 554-Bad DNS PTR resource record. 554 For explanation visit https://web.de/email/senderguidelines?ip=176.31.211.60&c=rdns
Jan 27 04:27:54 84310-27608 postfix/smtp[5764]: 07E8C245AF: host mx01.emig.gmx.net[212.227.17.5] refused to talk to me: 554-gmx.net (mxgmx114) Nemesis ESMTP Service not available 554-No SMTP service 554-Bad DNS PTR resource record. 554 For explanation visit https://www.gmx.net/mail/senderguidelines?ip=176.31.211.60&c=rdns
Jan 27 04:27:54 84310-27608 postfix/smtp[5763]: 2876B24571: host mx-ha02.web.de[212.227.17.8] refused to talk to me: 554-web.de (mxweb112) Nemesis ESMTP Service not available 554-No SMTP service 554-Bad DNS PTR resource record. 554 For explanation visit https://web.de/email/senderguidelines?ip=176.31.211.60&c=rdns
Jan 27 04:27:54 84310-27608 postfix/smtp[5760]: 96964245AD: to=<knuddel-benjamin@web.de>, relay=mx-ha02.web.de[212.227.17.8]:25, delay=286198, delays=286198/0.01/0.09/0, dsn=4.0.0, status=deferred (host mx-ha02.web.de[212.227.17.8] refused to talk to me: 554-web.de (mxweb112) Nemesis ESMTP Service not available 554-No SMTP service 554-Bad DNS PTR resource record. 554 For explanation visit https://web.de/email/senderguidelines?ip=176.31.211.60&c=rdns)
Jan 27 04:27:54 84310-27608 postfix/smtp[5762]: 5FF8024598: host mx00.t-online.de[194.25.134.8] refused to talk to me: 554 IP=176.31.211.60 - A problem occurred. (Ask your postmaster for help or to contact tosa@rx.t-online.de to clarify.) (BL)
Jan 27 04:27:54 84310-27608 postfix/smtp[5768]: 13240245B6: host mx01.emig.gmx.net[212.227.17.5] refused to talk to me: 554-gmx.net (mxgmx117) Nemesis ESMTP Service not available 554-No SMTP service 554-Bad DNS PTR resource record. 554 For explanation visit https://www.gmx.net/mail/senderguidelines?ip=176.31.211.60&c=rdns
Jan 27 04:27:54 84310-27608 postfix/smtp[5761]: C09CD245A8: to=<borni1925@gmx.de>, relay=mx01.emig.gmx.net[212.227.17.5]:25, delay=286198, delays=286197/0.01/0.09/0, dsn=4.0.0, status=deferred (host mx01.emig.gmx.net[212.227.17.5] refused to talk to me: 554-gmx.net (mxgmx117) Nemesis ESMTP Service not available 554-No SMTP service 554-Bad DNS PTR resource record. 554 For explanation visit https://www.gmx.net/mail/senderguidelines?ip=176.31.211.60&c=rdns)
Jan 27 04:27:54 84310-27608 postfix/smtp[5765]: DC78C245B1: to=<winklerfrohburg@web.de>, relay=mx-ha03.web.de[212.227.15.17]:25, delay=286197, delays=286197/0.03/0.07/0, dsn=4.0.0, status=deferred (host mx-ha03.web.de[212.227.15.17] refused to talk to me: 554-web.de (mxweb012) Nemesis ESMTP Service not available 554-No SMTP service 554-Bad DNS PTR resource record. 554 For explanation visit https://web.de/email/senderguidelines?ip=176.31.211.60&c=rdns)
Jan 27 04:27:54 84310-27608 postfix/smtp[5764]: 07E8C245AF: to=<christiane-lars@gmx.de>, relay=mx00.emig.gmx.net[212.227.15.9]:25, delay=286197, delays=286197/0.02/0.08/0, dsn=4.0.0, status=deferred (host mx00.emig.gmx.net[212.227.15.9] refused to talk to me: 554-gmx.net (mxgmx014) Nemesis ESMTP Service not available 554-No SMTP service 554-Bad DNS PTR resource record. 554 For explanation visit https://www.gmx.net/mail/senderguidelines?ip=176.31.211.60&c=rdns)
Jan 27 04:27:54 84310-27608 postfix/smtp[5763]: 2876B24571: to=<Julian.Trender@web.de>, relay=mx-ha03.web.de[212.227.15.17]:25, delay=286198, delays=286198/0.02/0.09/0, dsn=4.0.0, status=deferred (host mx-ha03.web.de[212.227.15.17] refused to talk to me: 554-web.de (mxweb013) Nemesis ESMTP Service not available 554-No SMTP service 554-Bad DNS PTR resource record. 554 For explanation visit https://web.de/email/senderguidelines?ip=176.31.211.60&c=rdns)
