Jan 27 04:27:54 84310-27608 postfix/smtp[5766]: 609B5214D8: host mx01.emig.gmx.net[212.227.17.5] refused to talk to me: 554-gmx.net (mxgmx114) Nemesis ESMTP Service not available 554-No SMTP service 554-Bad DNS PTR resource record. 554 For explanation visit https://www.gmx.net/mail/senderguidelines?ip=176.31.211.60&c=rdns
Jan 27 04:27:54 84310-27608 postfix/smtp[5767]: 73A74245A2: host mx-ha02.web.de[212.227.17.8] refused to talk to me: 554-web.de (mxweb110) Nemesis ESMTP Service not available 554-No SMTP service 554-Bad DNS PTR resource record. 554 For explanation visit https://web.de/email/senderguidelines?ip=176.31.211.60&c=rdns
Jan 27 04:27:54 84310-27608 postfix/smtp[5762]: 5FF8024598: host mx01.t-online.de[194.25.134.72] refused to talk to me: 554 IP=176.31.211.60 - A problem occurred. (Ask your postmaster for help or to contact tosa@rx.t-online.de to clarify.) (BL)
Jan 27 04:27:54 84310-27608 postfix/smtp[5768]: 13240245B6: to=<m_otto2@gmx.de>, relay=mx00.emig.gmx.net[212.227.15.9]:25, delay=286197, delays=286197/0.04/0.08/0, dsn=4.0.0, status=deferred (host mx00.emig.gmx.net[212.227.15.9] refused to talk to me: 554-gmx.net (mxgmx014) Nemesis ESMTP Service not available 554-No SMTP service 554-Bad DNS PTR resource record. 554 For explanation visit https://www.gmx.net/mail/senderguidelines?ip=176.31.211.60&c=rdns)
Jan 27 04:27:54 84310-27608 postfix/smtp[5769]: 1F0AF2459E: host mx01.emig.gmx.net[212.227.17.5] refused to talk to me: 554-gmx.net (mxgmx117) Nemesis ESMTP Service not available 554-No SMTP service 554-Bad DNS PTR resource record. 554 For explanation visit https://www.gmx.net/mail/senderguidelines?ip=176.31.211.60&c=rdns
Jan 27 04:27:54 84310-27608 postfix/smtp[5766]: 609B5214D8: to=<blue.thunder@gmx.de>, relay=mx00.emig.gmx.net[212.227.15.9]:25, delay=290303, delays=290303/0.03/0.1/0, dsn=4.0.0, status=deferred (host mx00.emig.gmx.net[212.227.15.9] refused to talk to me: 554-gmx.net (mxgmx017) Nemesis ESMTP Service not available 554-No SMTP service 554-Bad DNS PTR resource record. 554 For explanation visit https://www.gmx.net/mail/senderguidelines?ip=176.31.211.60&c=rdns)
Jan 27 04:27:54 84310-27608 postfix/smtp[5762]: 5FF8024598: host mx02.t-online.de[194.25.134.9] refused to talk to me: 554 IP=176.31.211.60 - A problem occurred. (Ask your postmaster for help or to contact tosa@rx.t-online.de to clarify.) (BL)
Jan 27 04:27:54 84310-27608 postfix/smtp[5767]: 73A74245A2: to=<yannick.wichelmann@web.de>, relay=mx-ha03.web.de[212.227.15.17]:25, delay=286198, delays=286198/0.04/0.1/0, dsn=4.0.0, status=deferred (host mx-ha03.web.de[212.227.15.17] refused to talk to me: 554-web.de (mxweb011) Nemesis ESMTP Service not available 554-No SMTP service 554-Bad DNS PTR resource record. 554 For explanation visit https://web.de/email/senderguidelines?ip=176.31.211.60&c=rdns)
Jan 27 04:27:54 84310-27608 postfix/smtp[5762]: 5FF8024598: to=<hemi-michels@t-online.de>, relay=mx03.t-online.de[194.25.134.73]:25, delay=286198, delays=286198/0.01/0.14/0, dsn=4.0.0, status=deferred (host mx03.t-online.de[194.25.134.73] refused to talk to me: 554 IP=176.31.211.60 - A problem occurred. (Ask your postmaster for help or to contact tosa@rx.t-online.de to clarify.) (BL))
Jan 27 04:27:54 84310-27608 postfix/smtp[5769]: 1F0AF2459E: to=<blue.thunder@gmx.de>, relay=mx00.emig.gmx.net[212.227.15.9]:25, delay=286197, delays=286197/0.05/0.1/0, dsn=4.0.0, status=deferred (host mx00.emig.gmx.net[212.227.15.9] refused to talk to me: 554-gmx.net (mxgmx015) Nemesis ESMTP Service not available 554-No SMTP service 554-Bad DNS PTR resource record. 554 For explanation visit https://www.gmx.net/mail/senderguidelines?ip=176.31.211.60&c=rdns)
Jan 27 04:32:54 84310-27608 postfix/qmgr[1098]: 9187821CDF: from=<nwv_domain_user@northwestvideo.de>, size=1101, nrcpt=1 (queue active)
Jan 27 04:32:54 84310-27608 postfix/qmgr[1098]: ECD0F22530: from=<nwv_domain_user@northwestvideo.de>, size=1104, nrcpt=1 (queue active)
Jan 27 04:32:54 84310-27608 postfix/qmgr[1098]: 0AE9421D61: from=<nwv_domain_user@northwestvideo.de>, size=1122, nrcpt=1 (queue active)
Jan 27 04:32:54 84310-27608 postfix/qmgr[1098]: D0FB2207A9: from=<nwv_domain_user@northwestvideo.de>, size=939, nrcpt=1 (queue active)
Jan 27 04:32:54 84310-27608 postfix/qmgr[1098]: DBFD021D76: from=<nwv_domain_user@northwestvideo.de>, size=1115, nrcpt=1 (queue active)
Jan 27 04:32:54 84310-27608 postfix/smtp[5791]: 9187821CDF: host mx-ha03.web.de[212.227.15.17] refused to talk to me: 554-web.de (mxweb011) Nemesis ESMTP Service not available 554-No SMTP service 554-Bad DNS PTR resource record. 554 For explanation visit https://web.de/email/senderguidelines?ip=176.31.211.60&c=rdns
Jan 27 04:32:54 84310-27608 postfix/smtp[5794]: D0FB2207A9: host mx-ha03.web.de[212.227.15.17] refused to talk to me: 554-web.de (mxweb013) Nemesis ESMTP Service not available 554-No SMTP service 554-Bad DNS PTR resource record. 554 For explanation visit https://web.de/email/senderguidelines?ip=176.31.211.60&c=rdns
Jan 27 04:32:54 84310-27608 postfix/smtp[5795]: DBFD021D76: host mx01.emig.gmx.net[212.227.17.5] refused to talk to me: 554-gmx.net (mxgmx115) Nemesis ESMTP Service not available 554-No SMTP service 554-Bad DNS PTR resource record. 554 For explanation visit https://www.gmx.net/mail/senderguidelines?ip=176.31.211.60&c=rdns
Jan 27 04:32:54 84310-27608 postfix/smtp[5793]: 0AE9421D61: host mx-ha02.web.de[212.227.17.8] refused to talk to me: 554-web.de (mxweb111) Nemesis ESMTP Service not available 554-No SMTP service 554-Bad DNS PTR resource record. 554 For explanation visit https://web.de/email/senderguidelines?ip=176.31.211.60&c=rdns
Jan 27 04:32:54 84310-27608 postfix/smtp[5791]: 9187821CDF: to=<Mega.Tobi@web.de>, relay=mx-ha02.web.de[212.227.17.8]:25, delay=210424, delays=210424/0.01/0.08/0, dsn=4.0.0, status=deferred (host mx-ha02.web.de[212.227.17.8] refused to talk to me: 554-web.de (mxweb113) Nemesis ESMTP Service not available 554-No SMTP service 554-Bad DNS PTR resource record. 554 For explanation visit https://web.de/email/senderguidelines?ip=176.31.211.60&c=rdns)
Jan 27 04:32:54 84310-27608 postfix/smtp[5792]: ECD0F22530: host mx-ha03.web.de[212.227.15.17] refused to talk to me: 554-web.de (mxweb011) Nemesis ESMTP Service not available 554-No SMTP service 554-Bad DNS PTR resource record. 554 For explanation visit https://web.de/email/senderguidelines?ip=176.31.211.60&c=rdns
Jan 27 04:32:54 84310-27608 postfix/smtp[5795]: DBFD021D76: to=<Kevin.van-Zuyhlen@gmx.de>, relay=mx00.emig.gmx.net[212.227.15.9]:25, delay=197924, delays=197924/0.02/0.08/0, dsn=4.0.0, status=deferred (host mx00.emig.gmx.net[212.227.15.9] refused to talk to me: 554-gmx.net (mxgmx016) Nemesis ESMTP Service not available 554-No SMTP service 554-Bad DNS PTR resource record. 554 For explanation visit https://www.gmx.net/mail/senderguidelines?ip=176.31.211.60&c=rdns)
Jan 27 04:32:54 84310-27608 postfix/smtp[5794]: D0FB2207A9: to=<aventiaexpress@web.de>, relay=mx-ha02.web.de[212.227.17.8]:25, delay=227175, delays=227175/0.02/0.09/0, dsn=4.0.0, status=deferred (host mx-ha02.web.de[212.227.17.8] refused to talk to me: 554-web.de (mxweb111) Nemesis ESMTP Service not available 554-No SMTP service 554-Bad DNS PTR resource record. 554 For explanation visit https://web.de/email/senderguidelines?ip=176.31.211.60&c=rdns)
Jan 27 04:32:54 84310-27608 postfix/smtp[5793]: 0AE9421D61: to=<SixOne-Onlinegames@web.de>, relay=mx-ha03.web.de[212.227.15.17]:25, delay=197982, delays=197982/0.01/0.1/0, dsn=4.0.0, status=deferred (host mx-ha03.web.de[212.227.15.17] refused to talk to me: 554-web.de (mxweb012) Nemesis ESMTP Service not available 554-No SMTP service 554-Bad DNS PTR resource record. 554 For explanation visit https://web.de/email/senderguidelines?ip=176.31.211.60&c=rdns)
Jan 27 04:32:54 84310-27608 postfix/smtp[5792]: ECD0F22530: to=<eurotruck.2@web.de>, relay=mx-ha02.web.de[212.227.17.8]:25, delay=193767, delays=193767/0.01/0.11/0, dsn=4.0.0, status=deferred (host mx-ha02.web.de[212.227.17.8] refused to talk to me: 554-web.de (mxweb110) Nemesis ESMTP Service not available 554-No SMTP service 554-Bad DNS PTR resource record. 554 For explanation visit https://web.de/email/senderguidelines?ip=176.31.211.60&c=rdns)
Jan 27 04:34:17 84310-27608 dovecot: pop3-login: Disconnected (no auth attempts in 15 secs): user=<>, rip=83.97.20.34, lip=176.31.211.60, TLS, session=<J8IyyBadCQhTYRQi>
Jan 27 04:35:01 84310-27608 CRON[5807]: (root) CMD ([ -x /opt/psa/admin/sbin/backupmng ] && /opt/psa/admin/sbin/backupmng >/dev/null 2>&1)
Jan 27 04:35:29 84310-27608 postfix/smtpd[5810]: connect from unknown[185.234.219.70]
Jan 27 04:35:29 84310-27608 plesk_saslauthd[5813]: listen=6, status=5, dbpath='/plesk/passwd.db', keypath='/plesk/passwd_db_key', chroot=1, unprivileged=1
Jan 27 04:35:29 84310-27608 plesk_saslauthd[5813]: privileges set to (105:112) (effective 105:112)
Jan 27 04:35:29 84310-27608 plesk_saslauthd[5813]: failed mail authentication attempt for user 'test1' (password len=6)
Jan 27 04:35:29 84310-27608 postfix/smtpd[5810]: warning: unknown[185.234.219.70]: SASL LOGIN authentication failed: authentication failure
Jan 27 04:35:29 84310-27608 postfix/smtpd[5810]: lost connection after AUTH from unknown[185.234.219.70]
Jan 27 04:35:29 84310-27608 postfix/smtpd[5810]: disconnect from unknown[185.234.219.70]
Jan 27 04:35:59 84310-27608 plesk_saslauthd[5813]: select timeout, exiting
Jan 27 04:36:01 84310-27608 CRON[5815]: (root) CMD (cd / && run-parts --report /etc/cron.hourly)
Jan 27 04:37:54 84310-27608 postfix/qmgr[1098]: E218E21DE1: from=<nwv_domain_user@northwestvideo.de>, size=1126, nrcpt=1 (queue active)
Jan 27 04:37:54 84310-27608 postfix/qmgr[1098]: 640A523E88: from=<nwv_domain_user@northwestvideo.de>, size=1112, nrcpt=1 (queue active)
Jan 27 04:37:54 84310-27608 postfix/qmgr[1098]: 15C2221CE3: from=<nwv_domain_user@northwestvideo.de>, size=946, nrcpt=1 (queue active)
Jan 27 04:37:54 84310-27608 postfix/smtp[5844]: 640A523E88: host mx-ha03.web.de[212.227.15.17] refused to talk to me: 554-web.de (mxweb011) Nemesis ESMTP Service not available 554-No SMTP service 554-Bad DNS PTR resource record. 554 For explanation visit https://web.de/email/senderguidelines?ip=176.31.211.60&c=rdns
Jan 27 04:37:54 84310-27608 postfix/smtp[5843]: E218E21DE1: host mx-ha03.web.de[212.227.15.17] refused to talk to me: 554-web.de (mxweb010) Nemesis ESMTP Service not available 554-No SMTP service 554-Bad DNS PTR resource record. 554 For explanation visit https://web.de/email/senderguidelines?ip=176.31.211.60&c=rdns
Jan 27 04:37:54 84310-27608 postfix/smtp[5845]: 15C2221CE3: host mx03.t-online.de[194.25.134.73] refused to talk to me: 554 IP=176.31.211.60 - A problem occurred. (Ask your postmaster for help or to contact tosa@rx.t-online.de to clarify.) (BL)
Jan 27 04:37:54 84310-27608 postfix/smtp[5844]: 640A523E88: to=<frightener1978@web.de>, relay=mx-ha02.web.de[212.227.17.8]:25, delay=59367, delays=59367/0.01/0.09/0, dsn=4.0.0, status=deferred (host mx-ha02.web.de[212.227.17.8] refused to talk to me: 554-web.de (mxweb113) Nemesis ESMTP Service not available 554-No SMTP service 554-Bad DNS PTR resource record. 554 For explanation visit https://web.de/email/senderguidelines?ip=176.31.211.60&c=rdns)
Jan 27 04:37:54 84310-27608 postfix/smtp[5843]: E218E21DE1: to=<gartenpflege.brinkmann@web.de>, relay=mx-ha02.web.de[212.227.17.8]:25, delay=113814, delays=113814/0.01/0.11/0, dsn=4.0.0, status=deferred (host mx-ha02.web.de[212.227.17.8] refused to talk to me: 554-web.de (mxweb113) Nemesis ESMTP Service not available 554-No SMTP service 554-Bad DNS PTR resource record. 554 For explanation visit https://web.de/email/senderguidelines?ip=176.31.211.60&c=rdns)
Jan 27 04:37:54 84310-27608 postfix/smtp[5845]: 15C2221CE3: host mx01.t-online.de[194.25.134.72] refused to talk to me: 554 IP=176.31.211.60 - A problem occurred. (Ask your postmaster for help or to contact tosa@rx.t-online.de to clarify.) (BL)
Jan 27 04:37:54 84310-27608 postfix/smtp[5845]: 15C2221CE3: host mx02.t-online.de[194.25.134.9] refused to talk to me: 554 IP=176.31.211.60 - A problem occurred. (Ask your postmaster for help or to contact tosa@rx.t-online.de to clarify.) (BL)
Jan 27 04:37:54 84310-27608 postfix/smtp[5845]: 15C2221CE3: to=<hemi-michels@t-online.de>, relay=mx00.t-online.de[194.25.134.8]:25, delay=210595, delays=210595/0.01/0.15/0, dsn=4.0.0, status=deferred (host mx00.t-online.de[194.25.134.8] refused to talk to me: 554 IP=176.31.211.60 - A problem occurred. (Ask your postmaster for help or to contact tosa@rx.t-online.de to clarify.) (BL))
Jan 27 04:38:47 84310-27608 postfix/smtpd[5847]: connect from unknown[103.7.10.131]
Jan 27 04:38:48 84310-27608 plesk_saslauthd[5849]: listen=6, status=5, dbpath='/plesk/passwd.db', keypath='/plesk/passwd_db_key', chroot=1, unprivileged=1
Jan 27 04:38:48 84310-27608 plesk_saslauthd[5849]: privileges set to (105:112) (effective 105:112)
Jan 27 04:38:48 84310-27608 plesk_saslauthd[5849]: No such user 'tech@pph-server.de' in mail authorization database
Jan 27 04:38:48 84310-27608 plesk_saslauthd[5849]: failed mail authentication attempt for user 'tech@pph-server.de' (password len=9)
Jan 27 04:38:48 84310-27608 postfix/smtpd[5847]: warning: unknown[103.7.10.131]: SASL LOGIN authentication failed: authentication failure
Jan 27 04:38:48 84310-27608 postfix/smtpd[5847]: disconnect from unknown[103.7.10.131]
Jan 27 04:39:18 84310-27608 plesk_saslauthd[5849]: select timeout, exiting
Jan 27 04:40:01 84310-27608 CRON[5858]: (psaadm) CMD (/opt/psa/admin/bin/php -dauto_prepend_file=sdk.php '/opt/psa/admin/plib/modules/revisium-antivirus/scripts/ra_executor_run.php')
Jan 27 04:40:01 84310-27608 CRON[5857]: (psaadm) CMD (/opt/psa/admin/bin/php -dauto_prepend_file=sdk.php '/opt/psa/admin/plib/modules/wp-toolkit/scripts/instances-auto-update.php')
Jan 27 04:42:08 84310-27608 postfix/anvil[5812]: statistics: max connection rate 1/60s for (smtp:185.234.219.70) at Jan 27 04:35:29
Jan 27 04:42:08 84310-27608 postfix/anvil[5812]: statistics: max connection count 1 for (smtp:185.234.219.70) at Jan 27 04:35:29
Jan 27 04:42:08 84310-27608 postfix/anvil[5812]: statistics: max cache size 1 at Jan 27 04:35:29
Jan 27 04:42:54 84310-27608 postfix/qmgr[1098]: 0B5BF21D12: from=<nwv_domain_user@northwestvideo.de>, size=929, nrcpt=1 (queue active)
Jan 27 04:42:54 84310-27608 postfix/qmgr[1098]: B06F521CC2: from=<nwv_domain_user@northwestvideo.de>, size=1106, nrcpt=1 (queue active)
Jan 27 04:42:54 84310-27608 postfix/qmgr[1098]: BFE4C21D85: from=<nwv_domain_user@northwestvideo.de>, size=1117, nrcpt=1 (queue active)
Jan 27 04:42:54 84310-27608 postfix/smtp[6233]: 0B5BF21D12: host mx00.emig.gmx.net[212.227.15.9] refused to talk to me: 554-gmx.net (mxgmx016) Nemesis ESMTP Service not available 554-No SMTP service 554-Bad DNS PTR resource record. 554 For explanation visit https://www.gmx.net/mail/senderguidelines?ip=176.31.211.60&c=rdns
Jan 27 04:42:54 84310-27608 postfix/smtp[6234]: B06F521CC2: host mx-ha02.web.de[212.227.17.8] refused to talk to me: 554-web.de (mxweb111) Nemesis ESMTP Service not available 554-No SMTP service 554-Bad DNS PTR resource record. 554 For explanation visit https://web.de/email/senderguidelines?ip=176.31.211.60&c=rdns
Jan 27 04:42:54 84310-27608 postfix/smtp[6235]: BFE4C21D85: host mx-ha03.web.de[212.227.15.17] refused to talk to me: 554-web.de (mxweb011) Nemesis ESMTP Service not available 554-No SMTP service 554-Bad DNS PTR resource record. 554 For explanation visit https://web.de/email/senderguidelines?ip=176.31.211.60&c=rdns
Jan 27 04:42:54 84310-27608 postfix/smtp[6233]: 0B5BF21D12: to=<borni1925@gmx.de>, relay=mx01.emig.gmx.net[212.227.17.5]:25, delay=210494, delays=210494/0.01/0.08/0, dsn=4.0.0, status=deferred (host mx01.emig.gmx.net[212.227.17.5] refused to talk to me: 554-gmx.net (mxgmx116) Nemesis ESMTP Service not available 554-No SMTP service 554-Bad DNS PTR resource record. 554 For explanation visit https://www.gmx.net/mail/senderguidelines?ip=176.31.211.60&c=rdns)
Jan 27 04:42:54 84310-27608 postfix/smtp[6234]: B06F521CC2: to=<luft.rainer@web.de>, relay=mx-ha03.web.de[212.227.15.17]:25, delay=218722, delays=218722/0.01/0.09/0, dsn=4.0.0, status=deferred (host mx-ha03.web.de[212.227.15.17] refused to talk to me: 554-web.de (mxweb011) Nemesis ESMTP Service not available 554-No SMTP service 554-Bad DNS PTR resource record. 554 For explanation visit https://web.de/email/senderguidelines?ip=176.31.211.60&c=rdns)
Jan 27 04:42:54 84310-27608 postfix/smtp[6235]: BFE4C21D85: to=<kathyschmidt3011@web.de>, relay=mx-ha02.web.de[212.227.17.8]:25, delay=197950, delays=197950/0.02/0.09/0, dsn=4.0.0, status=deferred (host mx-ha02.web.de[212.227.17.8] refused to talk to me: 554-web.de (mxweb112) Nemesis ESMTP Service not available 554-No SMTP service 554-Bad DNS PTR resource record. 554 For explanation visit https://web.de/email/senderguidelines?ip=176.31.211.60&c=rdns)
Jan 27 04:43:01 84310-27608 CRON[6238]: (psaadm) CMD (/opt/psa/admin/bin/php -dauto_prepend_file=sdk.php '/opt/psa/admin/plib/modules/sslit/scripts/complete-order.php')
Jan 27 04:47:54 84310-27608 postfix/qmgr[1098]: 981AF21CD2: from=<nwv_domain_user@northwestvideo.de>, size=1101, nrcpt=1 (queue active)
Jan 27 04:47:54 84310-27608 postfix/qmgr[1098]: DB8DB23E5C: from=<nwv_domain_user@northwestvideo.de>, size=1112, nrcpt=1 (queue active)
Jan 27 04:47:54 84310-27608 postfix/smtp[6265]: 981AF21CD2: host mx01.emig.gmx.net[212.227.17.5] refused to talk to me: 554-gmx.net (mxgmx117) Nemesis ESMTP Service not available 554-No SMTP service 554-Bad DNS PTR resource record. 554 For explanation visit https://www.gmx.net/mail/senderguidelines?ip=176.31.211.60&c=rdns
Jan 27 04:47:54 84310-27608 postfix/smtp[6266]: DB8DB23E5C: host mx01.emig.gmx.net[212.227.17.5] refused to talk to me: 554-gmx.net (mxgmx101) Nemesis ESMTP Service not available 554-No SMTP service 554-Bad DNS PTR resource record. 554 For explanation visit https://www.gmx.net/mail/senderguidelines?ip=176.31.211.60&c=rdns
Jan 27 04:47:54 84310-27608 postfix/smtp[6265]: 981AF21CD2: to=<D.grund5@gmx.de>, relay=mx00.emig.gmx.net[212.227.15.9]:25, delay=134937, delays=134937/0.01/0.09/0, dsn=4.0.0, status=deferred (host mx00.emig.gmx.net[212.227.15.9] refused to talk to me: 554-gmx.net (mxgmx015) Nemesis ESMTP Service not available 554-No SMTP service 554-Bad DNS PTR resource record. 554 For explanation visit https://www.gmx.net/mail/senderguidelines?ip=176.31.211.60&c=rdns)
Jan 27 04:47:54 84310-27608 postfix/smtp[6266]: DB8DB23E5C: to=<Assassins-Senshi@gmx.de>, relay=mx00.emig.gmx.net[212.227.15.9]:25, delay=113874, delays=113874/0.01/0.08/0, dsn=4.0.0, status=deferred (host mx00.emig.gmx.net[212.227.15.9] refused to talk to me: 554-gmx.net (mxgmx002) Nemesis ESMTP Service not available 554-No SMTP service 554-Bad DNS PTR resource record. 554 For explanation visit https://www.gmx.net/mail/senderguidelines?ip=176.31.211.60&c=rdns)
Jan 27 04:50:01 84310-27608 CRON[6276]: (root) CMD ([ -x /opt/psa/admin/sbin/backupmng ] && /opt/psa/admin/sbin/backupmng >/dev/null 2>&1)
Jan 27 04:52:11 84310-27608 postfix/smtpd[6285]: connect from unknown[185.234.219.70]
Jan 27 04:52:11 84310-27608 plesk_saslauthd[6288]: listen=6, status=5, dbpath='/plesk/passwd.db', keypath='/plesk/passwd_db_key', chroot=1, unprivileged=1
Jan 27 04:52:11 84310-27608 plesk_saslauthd[6288]: privileges set to (105:112) (effective 105:112)
Jan 27 04:52:11 84310-27608 plesk_saslauthd[6288]: failed mail authentication attempt for user 'reception' (password len=6)
Jan 27 04:52:11 84310-27608 postfix/smtpd[6285]: warning: unknown[185.234.219.70]: SASL LOGIN authentication failed: authentication failure
Jan 27 04:52:11 84310-27608 postfix/smtpd[6285]: lost connection after AUTH from unknown[185.234.219.70]
Jan 27 04:52:11 84310-27608 postfix/smtpd[6285]: disconnect from unknown[185.234.219.70]
Jan 27 04:52:30 84310-27608 dovecot: pop3-login: Disconnected (no auth attempts in 5 secs): user=<>, rip=184.154.47.2, lip=176.31.211.60, TLS handshaking: Connection closed, session=<T6VZCRedxsW4mi8C>
Jan 27 04:52:35 84310-27608 dovecot: pop3-login: Disconnected (no auth attempts in 4 secs): user=<>, rip=184.154.47.2, lip=176.31.211.60, TLS: Connection closed, session=<os2wCRedrN+4mi8C>
Jan 27 04:52:37 84310-27608 dovecot: pop3-login: Disconnected (no auth attempts in 0 secs): user=<>, rip=184.154.47.2, lip=176.31.211.60, TLS handshaking: SSL_accept() failed: error:1407609C:SSL routines:SSL23_GET_CLIENT_HELLO:http request, session=<LsHJCRedyo64mi8C>
Jan 27 04:52:40 84310-27608 dovecot: pop3-login: Disconnected (no auth attempts in 0 secs): user=<>, rip=184.154.47.2, lip=176.31.211.60, TLS, session=<qsbyCRedKpm4mi8C>
Jan 27 04:52:41 84310-27608 plesk_saslauthd[6288]: select timeout, exiting
Jan 27 04:52:44 84310-27608 dovecot: pop3-login: Disconnected (no auth attempts in 0 secs): user=<>, rip=184.154.47.2, lip=176.31.211.60, TLS, session=<A6ExChedSqy4mi8C>
Jan 27 04:52:47 84310-27608 dovecot: pop3-login: Disconnected (no auth attempts in 0 secs): user=<>, rip=184.154.47.2, lip=176.31.211.60, TLS handshaking: SSL_accept() failed: error:1408A10B:SSL routines:SSL3_GET_CLIENT_HELLO:wrong version number, session=<V0RaChedqLy4mi8C>
Jan 27 04:52:50 84310-27608 dovecot: pop3-login: Disconnected (no auth attempts in 0 secs): user=<>, rip=184.154.47.2, lip=176.31.211.60, TLS, session=<5+uKChedNMu4mi8C>
Jan 27 04:52:53 84310-27608 dovecot: pop3-login: Disconnected (no auth attempts in 1 secs): user=<>, rip=184.154.47.2, lip=176.31.211.60, TLS, session=<eJ21ChedVtq4mi8C>
Jan 27 04:52:54 84310-27608 postfix/qmgr[1098]: C009223E8A: from=<nwv_domain_user@northwestvideo.de>, size=1097, nrcpt=1 (queue active)
Jan 27 04:52:54 84310-27608 postfix/qmgr[1098]: CC1EB23E61: from=<nwv_domain_user@northwestvideo.de>, size=1115, nrcpt=1 (queue active)
Jan 27 04:52:54 84310-27608 postfix/qmgr[1098]: CC7CB23E8C: from=<nwv_domain_user@northwestvideo.de>, size=1124, nrcpt=1 (queue active)
Jan 27 04:52:54 84310-27608 postfix/qmgr[1098]: 5D34C21CCE: from=<nwv_domain_user@northwestvideo.de>, size=1088, nrcpt=1 (queue active)
Jan 27 04:52:54 84310-27608 postfix/qmgr[1098]: A110321D26: from=<nwv_domain_user@northwestvideo.de>, size=1092, nrcpt=1 (queue active)
Jan 27 04:52:54 84310-27608 postfix/smtp[6303]: C009223E8A: host mx00.emig.gmx.net[212.227.15.9] refused to talk to me: 554-gmx.net (mxgmx016) Nemesis ESMTP Service not available 554-No SMTP service 554-Bad DNS PTR resource record. 554 For explanation visit https://www.gmx.net/mail/senderguidelines?ip=176.31.211.60&c=rdns
Jan 27 04:52:54 84310-27608 postfix/smtp[6304]: CC1EB23E61: host mx-ha02.web.de[212.227.17.8] refused to talk to me: 554-web.de (mxweb112) Nemesis ESMTP Service not available 554-No SMTP service 554-Bad DNS PTR resource record. 554 For explanation visit https://web.de/email/senderguidelines?ip=176.31.211.60&c=rdns
Jan 27 04:52:54 84310-27608 postfix/smtp[6306]: 5D34C21CCE: host mx00.emig.gmx.net[212.227.15.9] refused to talk to me: 554-gmx.net (mxgmx017) Nemesis ESMTP Service not available 554-No SMTP service 554-Bad DNS PTR resource record. 554 For explanation visit https://www.gmx.net/mail/senderguidelines?ip=176.31.211.60&c=rdns
Jan 27 04:52:54 84310-27608 postfix/smtp[6305]: CC7CB23E8C: host mx03.t-online.de[194.25.134.73] refused to talk to me: 554 IP=176.31.211.60 - A problem occurred. (Ask your postmaster for help or to contact tosa@rx.t-online.de to clarify.) (BL)
Jan 27 04:52:54 84310-27608 postfix/smtp[6303]: C009223E8A: to=<manutv4@gmx.de>, relay=mx01.emig.gmx.net[212.227.17.5]:25, delay=46692, delays=46692/0.01/0.08/0, dsn=4.0.0, status=deferred (host mx01.emig.gmx.net[212.227.17.5] refused to talk to me: 554-gmx.net (mxgmx117) Nemesis ESMTP Service not available 554-No SMTP service 554-Bad DNS PTR resource record. 554 For explanation visit https://www.gmx.net/mail/senderguidelines?ip=176.31.211.60&c=rdns)
Jan 27 04:52:54 84310-27608 postfix/smtp[6307]: A110321D26: host mx01.emig.gmx.net[212.227.17.5] refused to talk to me: 554-gmx.net (mxgmx102) Nemesis ESMTP Service not available 554-No SMTP service 554-Bad DNS PTR resource record. 554 For explanation visit https://www.gmx.net/mail/senderguidelines?ip=176.31.211.60&c=rdns
Jan 27 04:52:54 84310-27608 postfix/smtp[6304]: CC1EB23E61: to=<dirk.wuestner@web.de>, relay=mx-ha03.web.de[212.227.15.17]:25, delay=113984, delays=113984/0.01/0.09/0, dsn=4.0.0, status=deferred (host mx-ha03.web.de[212.227.15.17] refused to talk to me: 554-web.de (mxweb013) Nemesis ESMTP Service not available 554-No SMTP service 554-Bad DNS PTR resource record. 554 For explanation visit https://web.de/email/senderguidelines?ip=176.31.211.60&c=rdns)
Jan 27 04:52:54 84310-27608 postfix/smtp[6306]: 5D34C21CCE: to=<m_otto2@gmx.de>, relay=mx01.emig.gmx.net[212.227.17.5]:25, delay=286148, delays=286148/0.02/0.08/0, dsn=4.0.0, status=deferred (host mx01.emig.gmx.net[212.227.17.5] refused to talk to me: 554-gmx.net (mxgmx117) Nemesis ESMTP Service not available 554-No SMTP service 554-Bad DNS PTR resource record. 554 For explanation visit https://www.gmx.net/mail/senderguidelines?ip=176.31.211.60&c=rdns)
Jan 27 04:52:54 84310-27608 postfix/smtp[6307]: A110321D26: to=<borni1925@gmx.de>, relay=mx00.emig.gmx.net[212.227.15.9]:25, delay=210343, delays=210343/0.02/0.09/0, dsn=4.0.0, status=deferred (host mx00.emig.gmx.net[212.227.15.9] refused to talk to me: 554-gmx.net (mxgmx015) Nemesis ESMTP Service not available 554-No SMTP service 554-Bad DNS PTR resource record. 554 For explanation visit https://www.gmx.net/mail/senderguidelines?ip=176.31.211.60&c=rdns)
Jan 27 04:52:54 84310-27608 postfix/smtp[6305]: CC7CB23E8C: host mx01.t-online.de[194.25.134.72] refused to talk to me: 554 IP=176.31.211.60 - A problem occurred. (Ask your postmaster for help or to contact tosa@rx.t-online.de to clarify.) (BL)
Jan 27 04:52:54 84310-27608 postfix/smtp[6305]: CC7CB23E8C: host mx00.t-online.de[194.25.134.8] refused to talk to me: 554 IP=176.31.211.60 - A problem occurred. (Ask your postmaster for help or to contact tosa@rx.t-online.de to clarify.) (BL)
Jan 27 04:52:54 84310-27608 postfix/smtp[6305]: CC7CB23E8C: to=<speedymaus244@t-online.de>, relay=mx02.t-online.de[194.25.134.9]:25, delay=46585, delays=46585/0.01/0.13/0, dsn=4.0.0, status=deferred (host mx02.t-online.de[194.25.134.9] refused to talk to me: 554 IP=176.31.211.60 - A problem occurred. (Ask your postmaster for help or to contact tosa@rx.t-online.de to clarify.) (BL))
Jan 27 04:52:58 84310-27608 dovecot: pop3-login: Disconnected (no auth attempts in 0 secs): user=<>, rip=184.154.47.2, lip=176.31.211.60, TLS, session=<8RYMCxedLoe4mi8C>
Jan 27 04:55:01 84310-27608 CRON[6323]: (psaadm) CMD (/opt/psa/admin/bin/php -dauto_prepend_file=sdk.php '/opt/psa/admin/plib/modules/revisium-antivirus/scripts/ra_executor_run.php')
Jan 27 04:55:31 84310-27608 postfix/anvil[6287]: statistics: max connection rate 1/60s for (smtp:185.234.219.70) at Jan 27 04:52:11
Jan 27 04:55:31 84310-27608 postfix/anvil[6287]: statistics: max connection count 1 for (smtp:185.234.219.70) at Jan 27 04:52:11
Jan 27 04:55:31 84310-27608 postfix/anvil[6287]: statistics: max cache size 1 at Jan 27 04:52:11
Jan 27 04:57:54 84310-27608 postfix/qmgr[1098]: 9C46323E8E: from=<nwv_domain_user@northwestvideo.de>, size=1102, nrcpt=1 (queue active)
Jan 27 04:57:54 84310-27608 postfix/qmgr[1098]: CE82B24596: from=<nwv_domain_user@northwestvideo.de>, size=1119, nrcpt=1 (queue active)
Jan 27 04:57:54 84310-27608 postfix/qmgr[1098]: D00C821CD4: from=<nwv_domain_user@northwestvideo.de>, size=1107, nrcpt=1 (queue active)
Jan 27 04:57:54 84310-27608 postfix/qmgr[1098]: 72E3320FC0: from=<nwv_domain_user@northwestvideo.de>, size=1101, nrcpt=1 (queue active)
Jan 27 04:57:54 84310-27608 postfix/qmgr[1098]: F3F6E214A4: from=<nwv_domain_user@northwestvideo.de>, size=1100, nrcpt=1 (queue active)
Jan 27 04:57:55 84310-27608 postfix/smtp[6360]: CE82B24596: host mx00.emig.gmx.net[212.227.15.9] refused to talk to me: 554-gmx.net (mxgmx015) Nemesis ESMTP Service not available 554-No SMTP service 554-Bad DNS PTR resource record. 554 For explanation visit https://www.gmx.net/mail/senderguidelines?ip=176.31.211.60&c=rdns
Jan 27 04:57:55 84310-27608 postfix/smtp[6361]: D00C821CD4: host mx-ha03.web.de[212.227.15.17] refused to talk to me: 554-web.de (mxweb010) Nemesis ESMTP Service not available 554-No SMTP service 554-Bad DNS PTR resource record. 554 For explanation visit https://web.de/email/senderguidelines?ip=176.31.211.60&c=rdns
Jan 27 04:57:55 84310-27608 postfix/smtp[6359]: 9C46323E8E: host mx00.emig.gmx.net[212.227.15.9] refused to talk to me: 554-gmx.net (mxgmx015) Nemesis ESMTP Service not available 554-No SMTP service 554-Bad DNS PTR resource record. 554 For explanation visit https://www.gmx.net/mail/senderguidelines?ip=176.31.211.60&c=rdns
Jan 27 04:57:55 84310-27608 postfix/smtp[6362]: 72E3320FC0: host mx-ha02.web.de[212.227.17.8] refused to talk to me: 554-web.de (mxweb112) Nemesis ESMTP Service not available 554-No SMTP service 554-Bad DNS PTR resource record. 554 For explanation visit https://web.de/email/senderguidelines?ip=176.31.211.60&c=rdns
Jan 27 04:57:55 84310-27608 postfix/smtp[6363]: F3F6E214A4: host mx-ha03.web.de[212.227.15.17] refused to talk to me: 554-web.de (mxweb013) Nemesis ESMTP Service not available 554-No SMTP service 554-Bad DNS PTR resource record. 554 For explanation visit https://web.de/email/senderguidelines?ip=176.31.211.60&c=rdns
Jan 27 04:57:55 84310-27608 postfix/smtp[6359]: 9C46323E8E: to=<dermanu33@gmx.de>, relay=mx01.emig.gmx.net[212.227.17.5]:25, delay=46772, delays=46772/0.01/0.09/0, dsn=4.0.0, status=deferred (host mx01.emig.gmx.net[212.227.17.5] refused to talk to me: 554-gmx.net (mxgmx116) Nemesis ESMTP Service not available 554-No SMTP service 554-Bad DNS PTR resource record. 554 For explanation visit https://www.gmx.net/mail/senderguidelines?ip=176.31.211.60&c=rdns)
Jan 27 04:57:55 84310-27608 postfix/smtp[6361]: D00C821CD4: to=<tommilee19@web.de>, relay=mx-ha02.web.de[212.227.17.8]:25, delay=214505, delays=214505/0.01/0.09/0, dsn=4.0.0, status=deferred (host mx-ha02.web.de[212.227.17.8] refused to talk to me: 554-web.de (mxweb111) Nemesis ESMTP Service not available 554-No SMTP service 554-Bad DNS PTR resource record. 554 For explanation visit https://web.de/email/senderguidelines?ip=176.31.211.60&c=rdns)
Jan 27 04:57:55 84310-27608 postfix/smtp[6360]: CE82B24596: to=<marcel-schoenitz@gmx.de>, relay=mx01.emig.gmx.net[212.227.17.5]:25, delay=277720, delays=277720/0.01/0.09/0, dsn=4.0.0, status=deferred (host mx01.emig.gmx.net[212.227.17.5] refused to talk to me: 554-gmx.net (mxgmx114) Nemesis ESMTP Service not available 554-No SMTP service 554-Bad DNS PTR resource record. 554 For explanation visit https://www.gmx.net/mail/senderguidelines?ip=176.31.211.60&c=rdns)
Jan 27 04:57:55 84310-27608 postfix/smtp[6362]: 72E3320FC0: to=<Maxtrain2.0@web.de>, relay=mx-ha03.web.de[212.227.15.17]:25, delay=151552, delays=151551/0.02/0.08/0, dsn=4.0.0, status=deferred (host mx-ha03.web.de[212.227.15.17] refused to talk to me: 554-web.de (mxweb011) Nemesis ESMTP Service not available 554-No SMTP service 554-Bad DNS PTR resource record. 554 For explanation visit https://web.de/email/senderguidelines?ip=176.31.211.60&c=rdns)
Jan 27 04:57:55 84310-27608 postfix/smtp[6363]: F3F6E214A4: to=<baumanns97@web.de>, relay=mx-ha02.web.de[212.227.17.8]:25, delay=139050, delays=139050/0.02/0.09/0, dsn=4.0.0, status=deferred (host mx-ha02.web.de[212.227.17.8] refused to talk to me: 554-web.de (mxweb113) Nemesis ESMTP Service not available 554-No SMTP service 554-Bad DNS PTR resource record. 554 For explanation visit https://web.de/email/senderguidelines?ip=176.31.211.60&c=rdns)
Jan 27 05:00:01 84310-27608 CRON[6367]: (psaadm) CMD (/opt/psa/admin/bin/php -dauto_prepend_file=sdk.php '/opt/psa/admin/plib/modules/revisium-antivirus/scripts/cleanup.php')
Jan 27 05:00:06 84310-27608 systemd[1]: getty@tty2.service has no holdoff time, scheduling restart.
Jan 27 05:00:06 84310-27608 systemd[1]: console-getty.service has no holdoff time, scheduling restart.
Jan 27 05:00:06 84310-27608 systemd[1]: Stopping Console Getty...
Jan 27 05:00:06 84310-27608 systemd[1]: Starting Console Getty...
Jan 27 05:00:06 84310-27608 systemd[1]: Started Console Getty.
Jan 27 05:00:06 84310-27608 systemd[1]: Stopping Getty on tty2...
Jan 27 05:00:06 84310-27608 systemd[1]: Starting Getty on tty2...
Jan 27 05:00:06 84310-27608 systemd[1]: Started Getty on tty2.
Jan 27 05:02:54 84310-27608 postfix/qmgr[1098]: C21FC20AAC: from=<nwv_domain_user@northwestvideo.de>, size=1100, nrcpt=1 (queue active)
Jan 27 05:02:54 84310-27608 postfix/error[6383]: C21FC20AAC: to=<saufi02@web.de>, relay=none, delay=172526, delays=172526/0.01/0/0, dsn=4.0.0, status=deferred (delivery temporarily suspended: host mx-ha02.web.de[212.227.17.8] refused to talk to me: 554-web.de (mxweb113) Nemesis ESMTP Service not available 554-No SMTP service 554-Bad DNS PTR resource record. 554 For explanation visit https://web.de/email/senderguidelines?ip=176.31.211.60&c=rdns)
Jan 27 05:04:54 84310-27608 postfix/smtpd[6390]: connect from unknown[94.102.57.241]
Jan 27 05:04:54 84310-27608 plesk_saslauthd[6393]: listen=6, status=5, dbpath='/plesk/passwd.db', keypath='/plesk/passwd_db_key', chroot=1, unprivileged=1
Jan 27 05:04:54 84310-27608 plesk_saslauthd[6393]: privileges set to (105:112) (effective 105:112)
Jan 27 05:04:54 84310-27608 plesk_saslauthd[6393]: No such user 'info@pph-server.de' in mail authorization database
Jan 27 05:04:54 84310-27608 plesk_saslauthd[6393]: failed mail authentication attempt for user 'info@pph-server.de' (password len=9)
Jan 27 05:04:54 84310-27608 postfix/smtpd[6390]: warning: unknown[94.102.57.241]: SASL LOGIN authentication failed: authentication failure
Jan 27 05:04:54 84310-27608 postfix/smtpd[6390]: disconnect from unknown[94.102.57.241]
Jan 27 05:05:01 84310-27608 CRON[6395]: (root) CMD ([ -x /opt/psa/admin/sbin/backupmng ] && /opt/psa/admin/sbin/backupmng >/dev/null 2>&1)
Jan 27 05:05:24 84310-27608 plesk_saslauthd[6393]: select timeout, exiting
Jan 27 05:06:01 84310-27608 CRON[6399]: (psaadm) CMD (/opt/psa/admin/bin/php -dauto_prepend_file=sdk.php '/opt/psa/admin/plib/modules/wp-toolkit/scripts/maintenance.php')
Jan 27 05:06:02 84310-27608 crontab[6439]: (root) LIST (psaadm)
Jan 27 05:07:54 84310-27608 postfix/qmgr[1098]: EA36F21D59: from=<nwv_domain_user@northwestvideo.de>, size=1097, nrcpt=1 (queue active)
Jan 27 05:07:54 84310-27608 postfix/qmgr[1098]: 8276B24500: from=<nwv_domain_user@northwestvideo.de>, size=1113, nrcpt=1 (queue active)
Jan 27 05:07:54 84310-27608 postfix/qmgr[1098]: 8EC6D21CE4: from=<nwv_domain_user@northwestvideo.de>, size=1094, nrcpt=1 (queue active)
Jan 27 05:07:54 84310-27608 postfix/qmgr[1098]: 4322821CE2: from=<nwv_domain_user@northwestvideo.de>, size=1130, nrcpt=1 (queue active)
Jan 27 05:07:54 84310-27608 postfix/smtp[6452]: EA36F21D59: host mx00.emig.gmx.net[212.227.15.9] refused to talk to me: 554-gmx.net (mxgmx015) Nemesis ESMTP Service not available 554-No SMTP service 554-Bad DNS PTR resource record. 554 For explanation visit https://www.gmx.net/mail/senderguidelines?ip=176.31.211.60&c=rdns
Jan 27 05:07:54 84310-27608 postfix/smtp[6452]: EA36F21D59: to=<ich_vip@gmx.de>, relay=mx01.emig.gmx.net[212.227.17.5]:25, delay=202109, delays=202109/0.01/0.08/0, dsn=4.0.0, status=deferred (host mx01.emig.gmx.net[212.227.17.5] refused to talk to me: 554-gmx.net (mxgmx116) Nemesis ESMTP Service not available 554-No SMTP service 554-Bad DNS PTR resource record. 554 For explanation visit https://www.gmx.net/mail/senderguidelines?ip=176.31.211.60&c=rdns)
Jan 27 05:07:54 84310-27608 postfix/smtp[6453]: 8276B24500: host mx-ha03.web.de[212.227.15.17] refused to talk to me: 554-web.de (mxweb013) Nemesis ESMTP Service not available 554-No SMTP service 554-Bad DNS PTR resource record. 554 For explanation visit https://web.de/email/senderguidelines?ip=176.31.211.60&c=rdns
Jan 27 05:07:54 84310-27608 postfix/smtp[6454]: 8EC6D21CE4: host mx01.emig.gmx.net[212.227.17.5] refused to talk to me: 554-gmx.net (mxgmx116) Nemesis ESMTP Service not available 554-No SMTP service 554-Bad DNS PTR resource record. 554 For explanation visit https://www.gmx.net/mail/senderguidelines?ip=176.31.211.60&c=rdns
Jan 27 05:07:54 84310-27608 postfix/smtp[6455]: 4322821CE2: host mx-ha03.web.de[212.227.15.17] refused to talk to me: 554-web.de (mxweb012) Nemesis ESMTP Service not available 554-No SMTP service 554-Bad DNS PTR resource record. 554 For explanation visit https://web.de/email/senderguidelines?ip=176.31.211.60&c=rdns
Jan 27 05:07:54 84310-27608 postfix/smtp[6454]: 8EC6D21CE4: to=<ricp10@gmx.de>, relay=mx00.emig.gmx.net[212.227.15.9]:25, delay=118118, delays=118118/0.02/0.1/0, dsn=4.0.0, status=deferred (host mx00.emig.gmx.net[212.227.15.9] refused to talk to me: 554-gmx.net (mxgmx016) Nemesis ESMTP Service not available 554-No SMTP service 554-Bad DNS PTR resource record. 554 For explanation visit https://www.gmx.net/mail/senderguidelines?ip=176.31.211.60&c=rdns)
Jan 27 05:07:54 84310-27608 postfix/smtp[6453]: 8276B24500: to=<wibklerfrohburg@web.de>, relay=mx-ha02.web.de[212.227.17.8]:25, delay=285934, delays=285934/0.01/0.11/0, dsn=4.0.0, status=deferred (host mx-ha02.web.de[212.227.17.8] refused to talk to me: 554-web.de (mxweb110) Nemesis ESMTP Service not available 554-No SMTP service 554-Bad DNS PTR resource record. 554 For explanation visit https://web.de/email/senderguidelines?ip=176.31.211.60&c=rdns)
Jan 27 05:07:54 84310-27608 postfix/smtp[6455]: 4322821CE2: to=<gartenpflege.brinkmann@web.de>, relay=mx-ha02.web.de[212.227.17.8]:25, delay=118152, delays=118152/0.02/0.1/0, dsn=4.0.0, status=deferred (host mx-ha02.web.de[212.227.17.8] refused to talk to me: 554-web.de (mxweb112) Nemesis ESMTP Service not available 554-No SMTP service 554-Bad DNS PTR resource record. 554 For explanation visit https://web.de/email/senderguidelines?ip=176.31.211.60&c=rdns)
Jan 27 05:08:14 84310-27608 postfix/anvil[6392]: statistics: max connection rate 1/60s for (smtp:94.102.57.241) at Jan 27 05:04:54
Jan 27 05:08:14 84310-27608 postfix/anvil[6392]: statistics: max connection count 1 for (smtp:94.102.57.241) at Jan 27 05:04:54
Jan 27 05:08:14 84310-27608 postfix/anvil[6392]: statistics: max cache size 1 at Jan 27 05:04:54
Jan 27 05:09:03 84310-27608 postfix/smtpd[6461]: connect from unknown[185.234.219.70]
Jan 27 05:09:03 84310-27608 plesk_saslauthd[6464]: listen=6, status=5, dbpath='/plesk/passwd.db', keypath='/plesk/passwd_db_key', chroot=1, unprivileged=1
Jan 27 05:09:03 84310-27608 plesk_saslauthd[6464]: privileges set to (105:112) (effective 105:112)
Jan 27 05:09:03 84310-27608 plesk_saslauthd[6464]: failed mail authentication attempt for user 'root' (password len=6)
Jan 27 05:09:03 84310-27608 postfix/smtpd[6461]: warning: unknown[185.234.219.70]: SASL LOGIN authentication failed: authentication failure
Jan 27 05:09:03 84310-27608 postfix/smtpd[6461]: lost connection after AUTH from unknown[185.234.219.70]
Jan 27 05:09:03 84310-27608 postfix/smtpd[6461]: disconnect from unknown[185.234.219.70]
Jan 27 05:09:33 84310-27608 plesk_saslauthd[6464]: select timeout, exiting
Jan 27 05:10:01 84310-27608 CRON[6466]: (psaadm) CMD (/opt/psa/admin/bin/php -dauto_prepend_file=sdk.php '/opt/psa/admin/plib/modules/revisium-antivirus/scripts/ra_executor_run.php')
Jan 27 05:12:01 84310-27608 CRON[6500]: (psaadm) CMD (/opt/psa/admin/bin/php -dauto_prepend_file=sdk.php '/opt/psa/admin/plib/modules/letsencrypt/scripts/keep-secured.php')
Jan 27 05:12:23 84310-27608 postfix/anvil[6463]: statistics: max connection rate 1/60s for (smtp:185.234.219.70) at Jan 27 05:09:03
Jan 27 05:12:23 84310-27608 postfix/anvil[6463]: statistics: max connection count 1 for (smtp:185.234.219.70) at Jan 27 05:09:03
Jan 27 05:12:23 84310-27608 postfix/anvil[6463]: statistics: max cache size 1 at Jan 27 05:09:03
Jan 27 05:12:54 84310-27608 postfix/qmgr[1098]: 998FA21CD6: from=<nwv_domain_user@northwestvideo.de>, size=1098, nrcpt=1 (queue active)
Jan 27 05:12:54 84310-27608 postfix/qmgr[1098]: 3CEAD21D1A: from=<nwv_domain_user@northwestvideo.de>, size=1130, nrcpt=1 (queue active)
Jan 27 05:12:54 84310-27608 postfix/qmgr[1098]: F412B23E65: from=<nwv_domain_user@northwestvideo.de>, size=1114, nrcpt=1 (queue active)
Jan 27 05:12:54 84310-27608 postfix/smtp[6509]: 3CEAD21D1A: host mx-ha03.web.de[212.227.15.17] refused to talk to me: 554-web.de (mxweb013) Nemesis ESMTP Service not available 554-No SMTP service 554-Bad DNS PTR resource record. 554 For explanation visit https://web.de/email/senderguidelines?ip=176.31.211.60&c=rdns
Jan 27 05:12:54 84310-27608 postfix/smtp[6508]: 998FA21CD6: host mx-ha02.web.de[212.227.17.8] refused to talk to me: 554-web.de (mxweb113) Nemesis ESMTP Service not available 554-No SMTP service 554-Bad DNS PTR resource record. 554 For explanation visit https://web.de/email/senderguidelines?ip=176.31.211.60&c=rdns
Jan 27 05:12:54 84310-27608 postfix/smtp[6510]: F412B23E65: host mx-ha03.web.de[212.227.15.17] refused to talk to me: 554-web.de (mxweb010) Nemesis ESMTP Service not available 554-No SMTP service 554-Bad DNS PTR resource record. 554 For explanation visit https://web.de/email/senderguidelines?ip=176.31.211.60&c=rdns
Jan 27 05:12:54 84310-27608 postfix/smtp[6509]: 3CEAD21D1A: to=<gartenpflege.brinkmann@web.de>, relay=mx-ha02.web.de[212.227.17.8]:25, delay=117988, delays=117988/0.01/0.08/0, dsn=4.0.0, status=deferred (host mx-ha02.web.de[212.227.17.8] refused to talk to me: 554-web.de (mxweb110) Nemesis ESMTP Service not available 554-No SMTP service 554-Bad DNS PTR resource record. 554 For explanation visit https://web.de/email/senderguidelines?ip=176.31.211.60&c=rdns)
Jan 27 05:12:54 84310-27608 postfix/smtp[6508]: 998FA21CD6: to=<Boti2502@web.de>, relay=mx-ha03.web.de[212.227.15.17]:25, delay=214731, delays=214731/0.01/0.09/0, dsn=4.0.0, status=deferred (host mx-ha03.web.de[212.227.15.17] refused to talk to me: 554-web.de (mxweb011) Nemesis ESMTP Service not available 554-No SMTP service 554-Bad DNS PTR resource record. 554 For explanation visit https://web.de/email/senderguidelines?ip=176.31.211.60&c=rdns)
Jan 27 05:12:54 84310-27608 postfix/smtp[6510]: F412B23E65: to=<thorsten.49835@web.de>, relay=mx-ha02.web.de[212.227.17.8]:25, delay=109528, delays=109528/0.01/0.09/0, dsn=4.0.0, status=deferred (host mx-ha02.web.de[212.227.17.8] refused to talk to me: 554-web.de (mxweb112) Nemesis ESMTP Service not available 554-No SMTP service 554-Bad DNS PTR resource record. 554 For explanation visit https://web.de/email/senderguidelines?ip=176.31.211.60&c=rdns)
Jan 27 05:13:40 84310-27608 postfix/smtpd[6526]: connect from unknown[103.7.10.131]
Jan 27 05:13:41 84310-27608 plesk_saslauthd[6529]: listen=6, status=5, dbpath='/plesk/passwd.db', keypath='/plesk/passwd_db_key', chroot=1, unprivileged=1
Jan 27 05:13:41 84310-27608 plesk_saslauthd[6529]: privileges set to (105:112) (effective 105:112)
Jan 27 05:13:41 84310-27608 plesk_saslauthd[6529]: No such user 'help@pph-server.de' in mail authorization database
Jan 27 05:13:41 84310-27608 plesk_saslauthd[6529]: failed mail authentication attempt for user 'help@pph-server.de' (password len=9)
Jan 27 05:13:41 84310-27608 postfix/smtpd[6526]: warning: unknown[103.7.10.131]: SASL LOGIN authentication failed: authentication failure
Jan 27 05:13:41 84310-27608 postfix/smtpd[6526]: disconnect from unknown[103.7.10.131]
Jan 27 05:14:11 84310-27608 plesk_saslauthd[6529]: select timeout, exiting
Jan 27 05:17:01 84310-27608 postfix/anvil[6528]: statistics: max connection rate 1/60s for (smtp:103.7.10.131) at Jan 27 05:13:40
Jan 27 05:17:01 84310-27608 postfix/anvil[6528]: statistics: max connection count 1 for (smtp:103.7.10.131) at Jan 27 05:13:40
Jan 27 05:17:01 84310-27608 postfix/anvil[6528]: statistics: max cache size 1 at Jan 27 05:13:40
Jan 27 05:17:54 84310-27608 postfix/qmgr[1098]: 1009020F0E: from=<nwv_domain_user@northwestvideo.de>, size=1093, nrcpt=1 (queue active)
Jan 27 05:17:54 84310-27608 postfix/qmgr[1098]: 10B6B20FC2: from=<nwv_domain_user@northwestvideo.de>, size=1114, nrcpt=1 (queue active)
Jan 27 05:17:54 84310-27608 postfix/smtp[6550]: 10B6B20FC2: host mx-ha02.web.de[212.227.17.8] refused to talk to me: 554-web.de (mxweb112) Nemesis ESMTP Service not available 554-No SMTP service 554-Bad DNS PTR resource record. 554 For explanation visit https://web.de/email/senderguidelines?ip=176.31.211.60&c=rdns
Jan 27 05:17:54 84310-27608 postfix/smtp[6549]: 1009020F0E: host mx00.emig.gmx.net[212.227.15.9] refused to talk to me: 554-gmx.net (mxgmx014) Nemesis ESMTP Service not available 554-No SMTP service 554-Bad DNS PTR resource record. 554 For explanation visit https://www.gmx.net/mail/senderguidelines?ip=176.31.211.60&c=rdns
Jan 27 05:17:54 84310-27608 postfix/smtp[6550]: 10B6B20FC2: to=<teichler.patrick@web.de>, relay=mx-ha03.web.de[212.227.15.17]:25, delay=143183, delays=143182/0.01/0.09/0, dsn=4.0.0, status=deferred (host mx-ha03.web.de[212.227.15.17] refused to talk to me: 554-web.de (mxweb012) Nemesis ESMTP Service not available 554-No SMTP service 554-Bad DNS PTR resource record. 554 For explanation visit https://web.de/email/senderguidelines?ip=176.31.211.60&c=rdns)
Jan 27 05:17:54 84310-27608 postfix/smtp[6549]: 1009020F0E: to=<m_otto2@gmx.de>, relay=mx01.emig.gmx.net[212.227.17.5]:25, delay=298646, delays=298645/0.01/0.1/0, dsn=4.0.0, status=deferred (host mx01.emig.gmx.net[212.227.17.5] refused to talk to me: 554-gmx.net (mxgmx115) Nemesis ESMTP Service not available 554-No SMTP service 554-Bad DNS PTR resource record. 554 For explanation visit https://www.gmx.net/mail/senderguidelines?ip=176.31.211.60&c=rdns)
Jan 27 05:20:01 84310-27608 CRON[6556]: (psaadm) CMD (/opt/psa/admin/bin/php -dauto_prepend_file=sdk.php '/opt/psa/admin/plib/modules/sslit/scripts/keep-secured.php')
Jan 27 05:20:01 84310-27608 CRON[6558]: (root) CMD ([ -x /opt/psa/admin/sbin/backupmng ] && /opt/psa/admin/sbin/backupmng >/dev/null 2>&1)
Jan 27 05:22:54 84310-27608 postfix/qmgr[1098]: 90D97244FE: from=<nwv_domain_user@northwestvideo.de>, size=1081, nrcpt=1 (queue active)
Jan 27 05:22:54 84310-27608 postfix/qmgr[1098]: CCDEE24548: from=<nwv_domain_user@northwestvideo.de>, size=1085, nrcpt=1 (queue active)
Jan 27 05:22:54 84310-27608 postfix/qmgr[1098]: C874224590: from=<nwv_domain_user@northwestvideo.de>, size=1110, nrcpt=1 (queue active)
Jan 27 05:22:54 84310-27608 postfix/qmgr[1098]: 3CDB2244D6: from=<nwv_domain_user@northwestvideo.de>, size=1082, nrcpt=1 (queue active)
Jan 27 05:22:54 84310-27608 postfix/qmgr[1098]: 36737245A4: from=<nwv_domain_user@northwestvideo.de>, size=1104, nrcpt=1 (queue active)
Jan 27 05:22:54 84310-27608 postfix/qmgr[1098]: 531382454C: from=<nwv_domain_user@northwestvideo.de>, size=1079, nrcpt=1 (queue active)
Jan 27 05:22:54 84310-27608 postfix/qmgr[1098]: E789B2456B: from=<nwv_domain_user@northwestvideo.de>, size=1083, nrcpt=1 (queue active)
Jan 27 05:22:54 84310-27608 postfix/qmgr[1098]: E26DA24506: from=<nwv_domain_user@northwestvideo.de>, size=1106, nrcpt=1 (queue active)
Jan 27 05:22:54 84310-27608 postfix/qmgr[1098]: 0957724577: from=<nwv_domain_user@northwestvideo.de>, size=1092, nrcpt=1 (queue active)
Jan 27 05:22:54 84310-27608 postfix/qmgr[1098]: 0EB1524573: from=<nwv_domain_user@northwestvideo.de>, size=1076, nrcpt=1 (queue active)
Jan 27 05:22:54 84310-27608 postfix/qmgr[1098]: D384524594: from=<nwv_domain_user@northwestvideo.de>, size=1102, nrcpt=1 (queue active)
Jan 27 05:22:54 84310-27608 postfix/qmgr[1098]: 8283624546: from=<nwv_domain_user@northwestvideo.de>, size=1102, nrcpt=1 (queue active)
Jan 27 05:22:54 84310-27608 postfix/qmgr[1098]: 60D5D24569: from=<nwv_domain_user@northwestvideo.de>, size=1104, nrcpt=1 (queue active)
Jan 27 05:22:54 84310-27608 postfix/qmgr[1098]: 6524B21CD8: from=<nwv_domain_user@northwestvideo.de>, size=1094, nrcpt=1 (queue active)
Jan 27 05:22:54 84310-27608 postfix/qmgr[1098]: 4850B24502: from=<nwv_domain_user@northwestvideo.de>, size=1074, nrcpt=1 (queue active)
Jan 27 05:22:54 84310-27608 postfix/qmgr[1098]: 42A9E245A6: from=<nwv_domain_user@northwestvideo.de>, size=1088, nrcpt=1 (queue active)
Jan 27 05:22:54 84310-27608 postfix/qmgr[1098]: 4D00324592: from=<nwv_domain_user@northwestvideo.de>, size=1098, nrcpt=1 (queue active)
Jan 27 05:22:54 84310-27608 postfix/qmgr[1098]: B616421642: from=<nwv_domain_user@northwestvideo.de>, size=1115, nrcpt=1 (queue active)
Jan 27 05:22:54 84310-27608 postfix/qmgr[1098]: B66ED2456D: from=<nwv_domain_user@northwestvideo.de>, size=1108, nrcpt=1 (queue active)
Jan 27 05:22:54 84310-27608 postfix/qmgr[1098]: BB37C2453F: from=<nwv_domain_user@northwestvideo.de>, size=1084, nrcpt=1 (queue active)
Jan 27 05:22:54 84310-27608 postfix/qmgr[1098]: 1A6A3245A0: from=<nwv_domain_user@northwestvideo.de>, size=1104, nrcpt=1 (queue active)
Jan 27 05:22:54 84310-27608 postfix/qmgr[1098]: 1F0C12458E: from=<nwv_domain_user@northwestvideo.de>, size=1082, nrcpt=1 (queue active)
Jan 27 05:22:54 84310-27608 postfix/smtp[6611]: CCDEE24548: host mx-ha02.web.de[212.227.17.8] refused to talk to me: 554-web.de (mxweb110) Nemesis ESMTP Service not available 554-No SMTP service 554-Bad DNS PTR resource record. 554 For explanation visit https://web.de/email/senderguidelines?ip=176.31.211.60&c=rdns
Jan 27 05:22:54 84310-27608 postfix/smtp[6612]: C874224590: host mx-ha02.web.de[212.227.17.8] refused to talk to me: 554-web.de (mxweb113) Nemesis ESMTP Service not available 554-No SMTP service 554-Bad DNS PTR resource record. 554 For explanation visit https://web.de/email/senderguidelines?ip=176.31.211.60&c=rdns
Jan 27 05:22:54 84310-27608 postfix/smtp[6613]: 3CDB2244D6: host mx01.emig.gmx.net[212.227.17.5] refused to talk to me: 554-gmx.net (mxgmx117) Nemesis ESMTP Service not available 554-No SMTP service 554-Bad DNS PTR resource record. 554 For explanation visit https://www.gmx.net/mail/senderguidelines?ip=176.31.211.60&c=rdns
